Archive member included to satisfy reference by file (symbol)

d:/coding/stc/12.2 mpacbti-bet1/bin/../lib/gcc/arm-none-eabi/12.2.0/thumb/v7-m/nofp\libc_nano.a(libc_a-exit.o)
                              d:/coding/stc/12.2 mpacbti-bet1/bin/../lib/gcc/arm-none-eabi/12.2.0/thumb/v7-m/nofp/crt0.o (exit)
d:/coding/stc/12.2 mpacbti-bet1/bin/../lib/gcc/arm-none-eabi/12.2.0/thumb/v7-m/nofp\libc_nano.a(libc_a-findfp.o)
                              d:/coding/stc/12.2 mpacbti-bet1/bin/../lib/gcc/arm-none-eabi/12.2.0/thumb/v7-m/nofp\libc_nano.a(libc_a-exit.o) (__stdio_exit_handler)
d:/coding/stc/12.2 mpacbti-bet1/bin/../lib/gcc/arm-none-eabi/12.2.0/thumb/v7-m/nofp\libc_nano.a(libc_a-fwalk.o)
                              d:/coding/stc/12.2 mpacbti-bet1/bin/../lib/gcc/arm-none-eabi/12.2.0/thumb/v7-m/nofp\libc_nano.a(libc_a-findfp.o) (_fwalk_sglue)
d:/coding/stc/12.2 mpacbti-bet1/bin/../lib/gcc/arm-none-eabi/12.2.0/thumb/v7-m/nofp\libc_nano.a(libc_a-printf.o)
                              build/serial.o (printf)
d:/coding/stc/12.2 mpacbti-bet1/bin/../lib/gcc/arm-none-eabi/12.2.0/thumb/v7-m/nofp\libc_nano.a(libc_a-sprintf.o)
                              build/control.o (sprintf)
d:/coding/stc/12.2 mpacbti-bet1/bin/../lib/gcc/arm-none-eabi/12.2.0/thumb/v7-m/nofp\libc_nano.a(libc_a-stdio.o)
                              d:/coding/stc/12.2 mpacbti-bet1/bin/../lib/gcc/arm-none-eabi/12.2.0/thumb/v7-m/nofp\libc_nano.a(libc_a-findfp.o) (__sread)
d:/coding/stc/12.2 mpacbti-bet1/bin/../lib/gcc/arm-none-eabi/12.2.0/thumb/v7-m/nofp\libc_nano.a(libc_a-memset.o)
                              d:/coding/stc/12.2 mpacbti-bet1/bin/../lib/gcc/arm-none-eabi/12.2.0/thumb/v7-m/nofp/crt0.o (memset)
d:/coding/stc/12.2 mpacbti-bet1/bin/../lib/gcc/arm-none-eabi/12.2.0/thumb/v7-m/nofp\libc_nano.a(libc_a-closer.o)
                              d:/coding/stc/12.2 mpacbti-bet1/bin/../lib/gcc/arm-none-eabi/12.2.0/thumb/v7-m/nofp\libc_nano.a(libc_a-stdio.o) (_close_r)
d:/coding/stc/12.2 mpacbti-bet1/bin/../lib/gcc/arm-none-eabi/12.2.0/thumb/v7-m/nofp\libc_nano.a(libc_a-reent.o)
                              d:/coding/stc/12.2 mpacbti-bet1/bin/../lib/gcc/arm-none-eabi/12.2.0/thumb/v7-m/nofp\libc_nano.a(libc_a-closer.o) (errno)
d:/coding/stc/12.2 mpacbti-bet1/bin/../lib/gcc/arm-none-eabi/12.2.0/thumb/v7-m/nofp\libc_nano.a(libc_a-impure.o)
                              d:/coding/stc/12.2 mpacbti-bet1/bin/../lib/gcc/arm-none-eabi/12.2.0/thumb/v7-m/nofp\libc_nano.a(libc_a-printf.o) (_impure_ptr)
d:/coding/stc/12.2 mpacbti-bet1/bin/../lib/gcc/arm-none-eabi/12.2.0/thumb/v7-m/nofp\libc_nano.a(libc_a-lseekr.o)
                              d:/coding/stc/12.2 mpacbti-bet1/bin/../lib/gcc/arm-none-eabi/12.2.0/thumb/v7-m/nofp\libc_nano.a(libc_a-stdio.o) (_lseek_r)
d:/coding/stc/12.2 mpacbti-bet1/bin/../lib/gcc/arm-none-eabi/12.2.0/thumb/v7-m/nofp\libc_nano.a(libc_a-readr.o)
                              d:/coding/stc/12.2 mpacbti-bet1/bin/../lib/gcc/arm-none-eabi/12.2.0/thumb/v7-m/nofp\libc_nano.a(libc_a-stdio.o) (_read_r)
d:/coding/stc/12.2 mpacbti-bet1/bin/../lib/gcc/arm-none-eabi/12.2.0/thumb/v7-m/nofp\libc_nano.a(libc_a-writer.o)
                              d:/coding/stc/12.2 mpacbti-bet1/bin/../lib/gcc/arm-none-eabi/12.2.0/thumb/v7-m/nofp\libc_nano.a(libc_a-stdio.o) (_write_r)
d:/coding/stc/12.2 mpacbti-bet1/bin/../lib/gcc/arm-none-eabi/12.2.0/thumb/v7-m/nofp\libc_nano.a(libc_a-init.o)
                              d:/coding/stc/12.2 mpacbti-bet1/bin/../lib/gcc/arm-none-eabi/12.2.0/thumb/v7-m/nofp/crt0.o (__libc_init_array)
d:/coding/stc/12.2 mpacbti-bet1/bin/../lib/gcc/arm-none-eabi/12.2.0/thumb/v7-m/nofp\libc_nano.a(libc_a-lock.o)
                              d:/coding/stc/12.2 mpacbti-bet1/bin/../lib/gcc/arm-none-eabi/12.2.0/thumb/v7-m/nofp\libc_nano.a(libc_a-findfp.o) (__retarget_lock_init_recursive)
d:/coding/stc/12.2 mpacbti-bet1/bin/../lib/gcc/arm-none-eabi/12.2.0/thumb/v7-m/nofp\libc_nano.a(libc_a-strcmp.o)
                              build/control.o (strcmp)
d:/coding/stc/12.2 mpacbti-bet1/bin/../lib/gcc/arm-none-eabi/12.2.0/thumb/v7-m/nofp\libc_nano.a(libc_a-memcpy-stub.o)
                              build/serial.o (memcpy)
d:/coding/stc/12.2 mpacbti-bet1/bin/../lib/gcc/arm-none-eabi/12.2.0/thumb/v7-m/nofp\libc_nano.a(libc_a-freer.o)
                              d:/coding/stc/12.2 mpacbti-bet1/bin/../lib/gcc/arm-none-eabi/12.2.0/thumb/v7-m/nofp\libc_nano.a(libc_a-reent.o) (_free_r)
d:/coding/stc/12.2 mpacbti-bet1/bin/../lib/gcc/arm-none-eabi/12.2.0/thumb/v7-m/nofp\libc_nano.a(libc_a-mallocr.o)
                              d:/coding/stc/12.2 mpacbti-bet1/bin/../lib/gcc/arm-none-eabi/12.2.0/thumb/v7-m/nofp\libc_nano.a(libc_a-findfp.o) (_malloc_r)
d:/coding/stc/12.2 mpacbti-bet1/bin/../lib/gcc/arm-none-eabi/12.2.0/thumb/v7-m/nofp\libc_nano.a(libc_a-mlock.o)
                              d:/coding/stc/12.2 mpacbti-bet1/bin/../lib/gcc/arm-none-eabi/12.2.0/thumb/v7-m/nofp\libc_nano.a(libc_a-freer.o) (__malloc_lock)
[...]
Memory Configuration

Name             Origin             Length             Attributes
RAM              0x20000000         0x00005000         xrw
FLASH            0x08000000         0x00010000         xr
*default*        0x00000000         0xffffffff

Linker script and memory map

LOAD d:/coding/stc/12.2 mpacbti-bet1/bin/../lib/gcc/arm-none-eabi/12.2.0/thumb/v7-m/nofp/crti.o
LOAD d:/coding/stc/12.2 mpacbti-bet1/bin/../lib/gcc/arm-none-eabi/12.2.0/thumb/v7-m/nofp/crtbegin.o
LOAD d:/coding/stc/12.2 mpacbti-bet1/bin/../lib/gcc/arm-none-eabi/12.2.0/thumb/v7-m/nofp/crt0.o
LOAD build/syscalls.o
LOAD build/control.o
LOAD build/gpio.o
LOAD build/main.o
LOAD build/pump.o
LOAD build/serial.o
LOAD build/servo.o
LOAD build/stm32f1xx_hal_msp.o
LOAD build/stm32f1xx_it.o
LOAD build/system_stm32f1xx.o
LOAD build/tim.o
LOAD build/usart.o
LOAD build/stm32f1xx_hal.o
LOAD build/stm32f1xx_hal_cortex.o
LOAD build/stm32f1xx_hal_dma.o
LOAD build/stm32f1xx_hal_exti.o
LOAD build/stm32f1xx_hal_flash.o
LOAD build/stm32f1xx_hal_flash_ex.o
LOAD build/stm32f1xx_hal_gpio.o
LOAD build/stm32f1xx_hal_gpio_ex.o
LOAD build/stm32f1xx_hal_pwr.o
LOAD build/stm32f1xx_hal_rcc.o
LOAD build/stm32f1xx_hal_rcc_ex.o
LOAD build/stm32f1xx_hal_tim.o
LOAD build/stm32f1xx_hal_tim_ex.o
LOAD build/stm32f1xx_hal_uart.o
LOAD build/startup_stm32f103xb.o
LOAD d:/coding/stc/12.2 mpacbti-bet1/bin/../lib/gcc/arm-none-eabi/12.2.0/thumb/v7-m/nofp\libc_nano.a
LOAD d:/coding/stc/12.2 mpacbti-bet1/bin/../lib/gcc/arm-none-eabi/12.2.0/thumb/v7-m/nofp\libm.a
LOAD d:/coding/stc/12.2 mpacbti-bet1/bin/../lib/gcc/arm-none-eabi/12.2.0/thumb/v7-m/nofp\libnosys.a
START GROUP
LOAD d:/coding/stc/12.2 mpacbti-bet1/bin/../lib/gcc/arm-none-eabi/12.2.0/thumb/v7-m/nofp\libgcc.a
LOAD d:/coding/stc/12.2 mpacbti-bet1/bin/../lib/gcc/arm-none-eabi/12.2.0/thumb/v7-m/nofp\libc_nano.a
END GROUP
START GROUP
LOAD d:/coding/stc/12.2 mpacbti-bet1/bin/../lib/gcc/arm-none-eabi/12.2.0/thumb/v7-m/nofp\libgcc.a
LOAD d:/coding/stc/12.2 mpacbti-bet1/bin/../lib/gcc/arm-none-eabi/12.2.0/thumb/v7-m/nofp\libc_nano.a
END GROUP
LOAD d:/coding/stc/12.2 mpacbti-bet1/bin/../lib/gcc/arm-none-eabi/12.2.0/thumb/v7-m/nofp/crtend.o
LOAD d:/coding/stc/12.2 mpacbti-bet1/bin/../lib/gcc/arm-none-eabi/12.2.0/thumb/v7-m/nofp/crtn.o
                0x20005000                        _estack = (ORIGIN (RAM) + LENGTH (RAM))
                0x00000200                        _Min_Heap_Size = 0x200
                0x00000400                        _Min_Stack_Size = 0x400

.isr_vector     0x08000000      0x10c
                0x08000000                        . = ALIGN (0x4)
 *(.isr_vector)
 .isr_vector    0x08000000      0x10c build/startup_stm32f103xb.o
                0x08000000                g_pfnVectors
                0x0800010c                        . = ALIGN (0x4)

.text           0x08000110     0x78cc
                0x08000110                        . = ALIGN (0x4)
 *(.text)
 .text          0x08000110       0x14 d:/coding/stc/12.2 mpacbti-bet1/bin/../lib/gcc/arm-none-eabi/12.2.0/thumb/v7-m/nofp\libc_nano.a(libc_a-strcmp.o)
                0x08000110                strcmp
 .text          0x08000124      0x378 d:/coding/stc/12.2 mpacbti-bet1/bin/../lib/gcc/arm-none-eabi/12.2.0/thumb/v7-m/nofp\libgcc.a(_arm_addsubdf3.o)
                0x08000124                __aeabi_drsub
                0x0800012c                __aeabi_dsub
                0x0800012c                __subdf3
                0x08000130                __aeabi_dadd
                0x08000130                __adddf3
                0x080003a8                __floatunsidf
                0x080003a8                __aeabi_ui2d
                0x080003c8                __floatsidf
                0x080003c8                __aeabi_i2d
                0x080003ec                __aeabi_f2d
                0x080003ec                __extendsfdf2
                0x08000430                __floatundidf
                0x08000430                __aeabi_ul2d
                0x08000440                __floatdidf
                0x08000440                __aeabi_l2d
 .text          0x0800049c      0x424 d:/coding/stc/12.2 mpacbti-bet1/bin/../lib/gcc/arm-none-eabi/12.2.0/thumb/v7-m/nofp\libgcc.a(_arm_muldivdf3.o)
                0x0800049c                __aeabi_dmul
                0x0800049c                __muldf3
                0x080006f0                __divdf3
                0x080006f0                __aeabi_ddiv
 .text          0x080008c0      0x110 d:/coding/stc/12.2 mpacbti-bet1/bin/../lib/gcc/arm-none-eabi/12.2.0/thumb/v7-m/nofp\libgcc.a(_arm_cmpdf2.o)
                0x080008c0                __gtdf2
                0x080008c0                __gedf2
                0x080008c8                __ltdf2
                0x080008c8                __ledf2
                0x080008d0                __nedf2
                0x080008d0                __eqdf2
                0x080008d0                __cmpdf2
                0x0800094c                __aeabi_cdrcmple
                0x0800095c                __aeabi_cdcmpeq
                0x0800095c                __aeabi_cdcmple
                0x0800096c                __aeabi_dcmpeq
                0x08000980                __aeabi_dcmplt
                0x08000994                __aeabi_dcmple
                0x080009a8                __aeabi_dcmpge
                0x080009bc                __aeabi_dcmpgt
 .text          0x080009d0       0x2c d:/coding/stc/12.2 mpacbti-bet1/bin/../lib/gcc/arm-none-eabi/12.2.0/thumb/v7-m/nofp\libgcc.a(_arm_unorddf2.o)
                0x080009d0                __unorddf2
                0x080009d0                __aeabi_dcmpun
 .text          0x080009fc       0x50 d:/coding/stc/12.2 mpacbti-bet1/bin/../lib/gcc/arm-none-eabi/12.2.0/thumb/v7-m/nofp\libgcc.a(_arm_fixdfsi.o)
                0x080009fc                __aeabi_d2iz
                0x080009fc                __fixdfsi
 .text          0x08000a4c       0x40 d:/coding/stc/12.2 mpacbti-bet1/bin/../lib/gcc/arm-none-eabi/12.2.0/thumb/v7-m/nofp\libgcc.a(_arm_fixunsdfsi.o)
                0x08000a4c                __aeabi_d2uiz
                0x08000a4c                __fixunsdfsi
 *(.text*)
 .text.deregister_tm_clones
                0x08000a8c       0x1c d:/coding/stc/12.2 mpacbti-bet1/bin/../lib/gcc/arm-none-eabi/12.2.0/thumb/v7-m/nofp/crtbegin.o
 .text.register_tm_clones
                0x08000aa8       0x24 d:/coding/stc/12.2 mpacbti-bet1/bin/../lib/gcc/arm-none-eabi/12.2.0/thumb/v7-m/nofp/crtbegin.o
 .text.__do_global_dtors_aux
                0x08000acc       0x28 d:/coding/stc/12.2 mpacbti-bet1/bin/../lib/gcc/arm-none-eabi/12.2.0/thumb/v7-m/nofp/crtbegin.o
 .text.frame_dummy
                0x08000af4       0x24 d:/coding/stc/12.2 mpacbti-bet1/bin/../lib/gcc/arm-none-eabi/12.2.0/thumb/v7-m/nofp/crtbegin.o
 .text._sbrk    0x08000b18       0x30 build/syscalls.o
                0x08000b18                _sbrk
 .text.m_atof   0x08000b48      0x118 build/control.o
                0x08000b48                m_atof
 .text.parexc   0x08000c60      0x880 build/control.o
                0x08000c60                parexc
 .text.MX_GPIO_Init
                0x080014e0       0x74 build/gpio.o
                0x080014e0                MX_GPIO_Init
 .text.Error_Handler
                0x08001554        0x4 build/main.o
                0x08001554                Error_Handler
 .text.SystemClock_Config
                0x08001558       0x64 build/main.o
                0x08001558                SystemClock_Config
 .text.main     0x080015bc       0xdc build/main.o
                0x080015bc                main
 .text.pump_on  0x08001698       0x28 build/pump.o
                0x08001698                pump_on
 .text.pump_off
                0x080016c0       0x28 build/pump.o
                0x080016c0                pump_off
 .text.pump_status
                0x080016e8        0xc build/pump.o
                0x080016e8                pump_status
 .text.HAL_UART_RxCpltCallback
                0x080016f4       0x60 build/serial.o
                0x080016f4                HAL_UART_RxCpltCallback
 .text.readStr  0x08001754       0xc4 build/serial.o
                0x08001754                readStr
 .text.UART_available
                0x08001818        0xc build/serial.o
                0x08001818                UART_available
 .text.print_info
                0x08001824        0x2 build/serial.o
                0x08001824                print_info
 *fill*         0x08001826        0x2 
 .text.a2a      0x08001828       0xcc build/servo.o
                0x08001828                a2a
 *fill*         0x080018f4        0x4 
 .text.angleCheck
                0x080018f8       0xe0 build/servo.o
                0x080018f8                angleCheck
 .text.pointToAngle
                0x080019d8      0x1cc build/servo.o
                0x080019d8                pointToAngle
 .text.pointCheck
                0x08001ba4       0x3c build/servo.o
                0x08001ba4                pointCheck
 .text.angleToPoint
                0x08001be0      0x184 build/servo.o
                0x08001be0                angleToPoint
 .text.movea    0x08001d64       0xf8 build/servo.o
                0x08001d64                movea
 .text.movea_s  0x08001e5c      0x194 build/servo.o
                0x08001e5c                movea_s
 .text.quintic_polynomial
                0x08001ff0      0x4dc build/servo.o
                0x08001ff0                quintic_polynomial
 .text.move     0x080024cc       0xac build/servo.o
                0x080024cc                move
 .text.bezier   0x08002578      0x4bc build/servo.o
                0x08002578                bezier
 .text.curve    0x08002a34       0xdc build/servo.o
                0x08002a34                curve
 .text.HAL_MspInit
                0x08002b10       0x30 build/stm32f1xx_hal_msp.o
                0x08002b10                HAL_MspInit
 .text.NMI_Handler
                0x08002b40        0x2 build/stm32f1xx_it.o
                0x08002b40                NMI_Handler
 .text.HardFault_Handler
                0x08002b42        0x2 build/stm32f1xx_it.o
                0x08002b42                HardFault_Handler
 .text.MemManage_Handler
                0x08002b44        0x2 build/stm32f1xx_it.o
                0x08002b44                MemManage_Handler
 .text.BusFault_Handler
                0x08002b46        0x2 build/stm32f1xx_it.o
                0x08002b46                BusFault_Handler
 .text.UsageFault_Handler
                0x08002b48        0x2 build/stm32f1xx_it.o
                0x08002b48                UsageFault_Handler
 .text.SVC_Handler
                0x08002b4a        0x2 build/stm32f1xx_it.o
                0x08002b4a                SVC_Handler
 .text.DebugMon_Handler
                0x08002b4c        0x2 build/stm32f1xx_it.o
                0x08002b4c                DebugMon_Handler
 .text.PendSV_Handler
                0x08002b4e        0x2 build/stm32f1xx_it.o
                0x08002b4e                PendSV_Handler
 .text.SysTick_Handler
                0x08002b50        0x8 build/stm32f1xx_it.o
                0x08002b50                SysTick_Handler
 .text.USART2_IRQHandler
                0x08002b58       0x10 build/stm32f1xx_it.o
                0x08002b58                USART2_IRQHandler
 .text.SystemInit
                0x08002b68        0x2 build/system_stm32f1xx.o
                0x08002b68                SystemInit
 *fill*         0x08002b6a        0x2 
 .text.HAL_TIM_PWM_MspInit
                0x08002b6c       0x4c build/tim.o
                0x08002b6c                HAL_TIM_PWM_MspInit
 .text.HAL_TIM_MspPostInit
                0x08002bb8       0x88 build/tim.o
                0x08002bb8                HAL_TIM_MspPostInit
 .text.MX_TIM1_Init
                0x08002c40       0xcc build/tim.o
                0x08002c40                MX_TIM1_Init
 .text.MX_TIM4_Init
                0x08002d0c       0x80 build/tim.o
                0x08002d0c                MX_TIM4_Init
 .text.MX_USART2_UART_Init
                0x08002d8c       0x34 build/usart.o
                0x08002d8c                MX_USART2_UART_Init
 .text.HAL_UART_MspInit
                0x08002dc0       0x88 build/usart.o
                0x08002dc0                HAL_UART_MspInit
 .text.HAL_InitTick
                0x08002e48       0x4c build/stm32f1xx_hal.o
                0x08002e48                HAL_InitTick
 .text.HAL_Init
                0x08002e94       0x24 build/stm32f1xx_hal.o
                0x08002e94                HAL_Init
 .text.HAL_IncTick
                0x08002eb8       0x18 build/stm32f1xx_hal.o
                0x08002eb8                HAL_IncTick
 .text.HAL_GetTick
                0x08002ed0        0xc build/stm32f1xx_hal.o
                0x08002ed0                HAL_GetTick
 .text.HAL_Delay
                0x08002edc       0x28 build/stm32f1xx_hal.o
                0x08002edc                HAL_Delay
 .text.__NVIC_SetPriority
                0x08002f04       0x28 build/stm32f1xx_hal_cortex.o
 .text.NVIC_EncodePriority
                0x08002f2c       0x3e build/stm32f1xx_hal_cortex.o
 *fill*         0x08002f6a        0x2 
 .text.HAL_NVIC_SetPriorityGrouping
                0x08002f6c       0x24 build/stm32f1xx_hal_cortex.o
                0x08002f6c                HAL_NVIC_SetPriorityGrouping
 .text.HAL_NVIC_SetPriority
                0x08002f90       0x20 build/stm32f1xx_hal_cortex.o
                0x08002f90                HAL_NVIC_SetPriority
 .text.HAL_NVIC_EnableIRQ
                0x08002fb0       0x1c build/stm32f1xx_hal_cortex.o
                0x08002fb0                HAL_NVIC_EnableIRQ
 .text.HAL_SYSTICK_Config
                0x08002fcc       0x28 build/stm32f1xx_hal_cortex.o
                0x08002fcc                HAL_SYSTICK_Config
 .text.HAL_DMA_Abort
                0x08002ff4       0x44 build/stm32f1xx_hal_dma.o
                0x08002ff4                HAL_DMA_Abort
 .text.HAL_DMA_Abort_IT
                0x08003038       0x98 build/stm32f1xx_hal_dma.o
                0x08003038                HAL_DMA_Abort_IT
 .text.HAL_GPIO_Init
                0x080030d0      0x21c build/stm32f1xx_hal_gpio.o
                0x080030d0                HAL_GPIO_Init
 .text.HAL_GPIO_WritePin
                0x080032ec        0xc build/stm32f1xx_hal_gpio.o
                0x080032ec                HAL_GPIO_WritePin
 .text.RCC_Delay
                0x080032f8       0x2c build/stm32f1xx_hal_rcc.o
 .text.HAL_RCC_OscConfig
                0x08003324      0x410 build/stm32f1xx_hal_rcc.o
                0x08003324                HAL_RCC_OscConfig
 .text.HAL_RCC_GetSysClockFreq
                0x08003734       0x70 build/stm32f1xx_hal_rcc.o
                0x08003734                HAL_RCC_GetSysClockFreq
 .text.HAL_RCC_ClockConfig
                0x080037a4      0x16c build/stm32f1xx_hal_rcc.o
                0x080037a4                HAL_RCC_ClockConfig
 .text.HAL_RCC_GetHCLKFreq
                0x08003910        0xc build/stm32f1xx_hal_rcc.o
                0x08003910                HAL_RCC_GetHCLKFreq
 .text.HAL_RCC_GetPCLK1Freq
                0x0800391c       0x20 build/stm32f1xx_hal_rcc.o
                0x0800391c                HAL_RCC_GetPCLK1Freq
 .text.HAL_RCC_GetPCLK2Freq
                0x0800393c       0x20 build/stm32f1xx_hal_rcc.o
                0x0800393c                HAL_RCC_GetPCLK2Freq
 .text.TIM_OC1_SetConfig
                0x0800395c       0x54 build/stm32f1xx_hal_tim.o
 .text.TIM_OC3_SetConfig
                0x080039b0       0x5c build/stm32f1xx_hal_tim.o
 .text.TIM_OC4_SetConfig
                0x08003a0c       0x48 build/stm32f1xx_hal_tim.o
 .text.TIM_Base_SetConfig
                0x08003a54       0x74 build/stm32f1xx_hal_tim.o
                0x08003a54                TIM_Base_SetConfig
 .text.HAL_TIM_PWM_Init
                0x08003ac8       0x58 build/stm32f1xx_hal_tim.o
                0x08003ac8                HAL_TIM_PWM_Init
 .text.TIM_OC2_SetConfig
                0x08003b20       0x5c build/stm32f1xx_hal_tim.o
                0x08003b20                TIM_OC2_SetConfig
 .text.HAL_TIM_PWM_ConfigChannel
                0x08003b7c       0xd0 build/stm32f1xx_hal_tim.o
                0x08003b7c                HAL_TIM_PWM_ConfigChannel
 .text.TIM_CCxChannelCmd
                0x08003c4c       0x1e build/stm32f1xx_hal_tim.o
                0x08003c4c                TIM_CCxChannelCmd
 *fill*         0x08003c6a        0x2 
 .text.HAL_TIM_PWM_Start
                0x08003c6c       0xdc build/stm32f1xx_hal_tim.o
                0x08003c6c                HAL_TIM_PWM_Start
 .text.HAL_TIMEx_MasterConfigSynchronization
                0x08003d48       0x6c build/stm32f1xx_hal_tim_ex.o
                0x08003d48                HAL_TIMEx_MasterConfigSynchronization
 .text.HAL_TIMEx_ConfigBreakDeadTime
                0x08003db4       0x52 build/stm32f1xx_hal_tim_ex.o
                0x08003db4                HAL_TIMEx_ConfigBreakDeadTime
 .text.UART_EndRxTransfer
                0x08003e06       0x32 build/stm32f1xx_hal_uart.o
 .text.UART_Transmit_IT
                0x08003e38       0x60 build/stm32f1xx_hal_uart.o
 .text.UART_SetConfig
                0x08003e98       0x94 build/stm32f1xx_hal_uart.o
 .text.UART_WaitOnFlagUntilTimeout
                0x08003f2c       0x68 build/stm32f1xx_hal_uart.o
 .text.HAL_UART_Init
                0x08003f94       0x5e build/stm32f1xx_hal_uart.o
                0x08003f94                HAL_UART_Init
 .text.HAL_UART_Transmit
                0x08003ff2       0xd8 build/stm32f1xx_hal_uart.o
                0x08003ff2                HAL_UART_Transmit
 .text.HAL_UART_TxCpltCallback
                0x080040ca        0x2 build/stm32f1xx_hal_uart.o
                0x080040ca                HAL_UART_TxCpltCallback
 .text.UART_EndTransmit_IT
                0x080040cc       0x1a build/stm32f1xx_hal_uart.o
 .text.HAL_UART_ErrorCallback
                0x080040e6        0x2 build/stm32f1xx_hal_uart.o
                0x080040e6                HAL_UART_ErrorCallback
 .text.UART_DMAAbortOnError
                0x080040e8       0x10 build/stm32f1xx_hal_uart.o
 .text.HAL_UARTEx_RxEventCallback
                0x080040f8        0x2 build/stm32f1xx_hal_uart.o
                0x080040f8                HAL_UARTEx_RxEventCallback
 .text.UART_Receive_IT
                0x080040fa       0xd4 build/stm32f1xx_hal_uart.o
 *fill*         0x080041ce        0x2 
 .text.HAL_UART_IRQHandler
                0x080041d0      0x200 build/stm32f1xx_hal_uart.o
                0x080041d0                HAL_UART_IRQHandler
 .text.UART_Start_Receive_IT
                0x080043d0       0x36 build/stm32f1xx_hal_uart.o
                0x080043d0                UART_Start_Receive_IT
 .text.HAL_UART_Receive_IT
                0x08004406       0x38 build/stm32f1xx_hal_uart.o
                0x08004406                HAL_UART_Receive_IT
 *fill*         0x0800443e        0x2 
 .text.Reset_Handler
                0x08004440       0x48 build/startup_stm32f103xb.o
                0x08004440                Reset_Handler
 .text.Default_Handler
                0x08004488        0x2 build/startup_stm32f103xb.o
                0x08004488                RTC_Alarm_IRQHandler
                0x08004488                EXTI2_IRQHandler
                0x08004488                TIM1_CC_IRQHandler
                0x08004488                PVD_IRQHandler
                0x08004488                EXTI3_IRQHandler
                0x08004488                EXTI0_IRQHandler
                0x08004488                I2C2_EV_IRQHandler
                0x08004488                ADC1_2_IRQHandler
                0x08004488                SPI1_IRQHandler
                0x08004488                TAMPER_IRQHandler
                0x08004488                DMA1_Channel4_IRQHandler
                0x08004488                USART3_IRQHandler
                0x08004488                RTC_IRQHandler
                0x08004488                DMA1_Channel7_IRQHandler
                0x08004488                CAN1_RX1_IRQHandler
                0x08004488                TIM4_IRQHandler
                0x08004488                I2C1_EV_IRQHandler
                0x08004488                DMA1_Channel6_IRQHandler
                0x08004488                TIM3_IRQHandler
                0x08004488                RCC_IRQHandler
                0x08004488                TIM1_TRG_COM_IRQHandler
                0x08004488                DMA1_Channel1_IRQHandler
                0x08004488                Default_Handler
                0x08004488                EXTI15_10_IRQHandler
                0x08004488                EXTI9_5_IRQHandler
                0x08004488                SPI2_IRQHandler
                0x08004488                DMA1_Channel5_IRQHandler
                0x08004488                EXTI4_IRQHandler
                0x08004488                USB_LP_CAN1_RX0_IRQHandler
                0x08004488                USB_HP_CAN1_TX_IRQHandler
                0x08004488                DMA1_Channel3_IRQHandler
                0x08004488                TIM1_UP_IRQHandler
                0x08004488                WWDG_IRQHandler
                0x08004488                TIM2_IRQHandler
                0x08004488                TIM1_BRK_IRQHandler
                0x08004488                EXTI1_IRQHandler
                0x08004488                I2C2_ER_IRQHandler
                0x08004488                DMA1_Channel2_IRQHandler
                0x08004488                CAN1_SCE_IRQHandler
                0x08004488                FLASH_IRQHandler
                0x08004488                USART1_IRQHandler
                0x08004488                I2C1_ER_IRQHandler
                0x08004488                USBWakeUp_IRQHandler
 *fill*         0x0800448a        0x2 
 .text.sprintf  0x0800448c       0x40 d:/coding/stc/12.2 mpacbti-bet1/bin/../lib/gcc/arm-none-eabi/12.2.0/thumb/v7-m/nofp\libc_nano.a(libc_a-sprintf.o)
                0x0800448c                siprintf
                0x0800448c                sprintf
 .text.memset   0x080044cc       0x10 d:/coding/stc/12.2 mpacbti-bet1/bin/../lib/gcc/arm-none-eabi/12.2.0/thumb/v7-m/nofp\libc_nano.a(libc_a-memset.o)
                0x080044cc                memset
 .text.__libc_init_array
                0x080044dc       0x48 d:/coding/stc/12.2 mpacbti-bet1/bin/../lib/gcc/arm-none-eabi/12.2.0/thumb/v7-m/nofp\libc_nano.a(libc_a-init.o)
                0x080044dc                __libc_init_array
 .text.__retarget_lock_acquire_recursive
                0x08004524        0x2 d:/coding/stc/12.2 mpacbti-bet1/bin/../lib/gcc/arm-none-eabi/12.2.0/thumb/v7-m/nofp\libc_nano.a(libc_a-lock.o)
                0x08004524                __retarget_lock_acquire_recursive
 .text.__retarget_lock_release_recursive
                0x08004526        0x2 d:/coding/stc/12.2 mpacbti-bet1/bin/../lib/gcc/arm-none-eabi/12.2.0/thumb/v7-m/nofp\libc_nano.a(libc_a-lock.o)
                0x08004526                __retarget_lock_release_recursive
 .text.memcpy   0x08004528       0x1c d:/coding/stc/12.2 mpacbti-bet1/bin/../lib/gcc/arm-none-eabi/12.2.0/thumb/v7-m/nofp\libc_nano.a(libc_a-memcpy-stub.o)
                0x08004528                memcpy
 .text._free_r  0x08004544       0x90 d:/coding/stc/12.2 mpacbti-bet1/bin/../lib/gcc/arm-none-eabi/12.2.0/thumb/v7-m/nofp\libc_nano.a(libc_a-freer.o)
                0x08004544                _free_r
 .text.sbrk_aligned
                0x080045d4       0x44 d:/coding/stc/12.2 mpacbti-bet1/bin/../lib/gcc/arm-none-eabi/12.2.0/thumb/v7-m/nofp\libc_nano.a(libc_a-mallocr.o)
 .text._malloc_r
                0x08004618       0xe0 d:/coding/stc/12.2 mpacbti-bet1/bin/../lib/gcc/arm-none-eabi/12.2.0/thumb/v7-m/nofp\libc_nano.a(libc_a-mallocr.o)
                0x08004618                _malloc_r
 .text.__malloc_lock
                0x080046f8        0xc d:/coding/stc/12.2 mpacbti-bet1/bin/../lib/gcc/arm-none-eabi/12.2.0/thumb/v7-m/nofp\libc_nano.a(libc_a-mlock.o)
                0x080046f8                __malloc_lock
 .text.__malloc_unlock
                0x08004704        0xc d:/coding/stc/12.2 mpacbti-bet1/bin/../lib/gcc/arm-none-eabi/12.2.0/thumb/v7-m/nofp\libc_nano.a(libc_a-mlock.o)
                0x08004704                __malloc_unlock
 .text.__ssputs_r
                0x08004710       0xb6 d:/coding/stc/12.2 mpacbti-bet1/bin/../lib/gcc/arm-none-eabi/12.2.0/thumb/v7-m/nofp\libc_nano.a(libc_a-nano-svfprintf.o)
                0x08004710                __ssputs_r
 *fill*         0x080047c6        0x2 
 .text._svfprintf_r
                0x080047c8      0x1f8 d:/coding/stc/12.2 mpacbti-bet1/bin/../lib/gcc/arm-none-eabi/12.2.0/thumb/v7-m/nofp\libc_nano.a(libc_a-nano-svfprintf.o)
                0x080047c8                _svfiprintf_r
                0x080047c8                _svfprintf_r
 .text._printf_common
                0x080049c0       0xe4 d:/coding/stc/12.2 mpacbti-bet1/bin/../lib/gcc/arm-none-eabi/12.2.0/thumb/v7-m/nofp\libc_nano.a(libc_a-nano-vfprintf_i.o)
                0x080049c0                _printf_common
 .text._printf_i
                0x08004aa4      0x25c d:/coding/stc/12.2 mpacbti-bet1/bin/../lib/gcc/arm-none-eabi/12.2.0/thumb/v7-m/nofp\libc_nano.a(libc_a-nano-vfprintf_i.o)
                0x08004aa4                _printf_i
 .text.memmove  0x08004d00       0x34 d:/coding/stc/12.2 mpacbti-bet1/bin/../lib/gcc/arm-none-eabi/12.2.0/thumb/v7-m/nofp\libc_nano.a(libc_a-memmove.o)
                0x08004d00                memmove
 .text._sbrk_r  0x08004d34       0x20 d:/coding/stc/12.2 mpacbti-bet1/bin/../lib/gcc/arm-none-eabi/12.2.0/thumb/v7-m/nofp\libc_nano.a(libc_a-sbrkr.o)
                0x08004d34                _sbrk_r
 .text.memchr   0x08004d54       0x1c d:/coding/stc/12.2 mpacbti-bet1/bin/../lib/gcc/arm-none-eabi/12.2.0/thumb/v7-m/nofp\libc_nano.a(libc_a-memchr-stub.o)
                0x08004d54                memchr
 .text._realloc_r
                0x08004d70       0x5c d:/coding/stc/12.2 mpacbti-bet1/bin/../lib/gcc/arm-none-eabi/12.2.0/thumb/v7-m/nofp\libc_nano.a(libc_a-reallocr.o)
                0x08004d70                _realloc_r
 .text._malloc_usable_size_r
                0x08004dcc       0x10 d:/coding/stc/12.2 mpacbti-bet1/bin/../lib/gcc/arm-none-eabi/12.2.0/thumb/v7-m/nofp\libc_nano.a(libc_a-msizer.o)
                0x08004dcc                _malloc_usable_size_r
 .text.acos     0x08004ddc       0x50 d:/coding/stc/12.2 mpacbti-bet1/bin/../lib/gcc/arm-none-eabi/12.2.0/thumb/v7-m/nofp\libm.a(libm_a-w_acos.o)
                0x08004ddc                acos
 .text.atan2    0x08004e2c        0x4 d:/coding/stc/12.2 mpacbti-bet1/bin/../lib/gcc/arm-none-eabi/12.2.0/thumb/v7-m/nofp\libm.a(libm_a-w_atan2.o)
                0x08004e2c                atan2
 .text.pow      0x08004e30       0xdc d:/coding/stc/12.2 mpacbti-bet1/bin/../lib/gcc/arm-none-eabi/12.2.0/thumb/v7-m/nofp\libm.a(libm_a-w_pow.o)
                0x08004e30                pow
 .text.sqrt     0x08004f0c       0x50 d:/coding/stc/12.2 mpacbti-bet1/bin/../lib/gcc/arm-none-eabi/12.2.0/thumb/v7-m/nofp\libm.a(libm_a-w_sqrt.o)
                0x08004f0c                sqrt
 *fill*         0x08004f5c        0x4 
 .text.atan     0x08004f60      0x318 d:/coding/stc/12.2 mpacbti-bet1/bin/../lib/gcc/arm-none-eabi/12.2.0/thumb/v7-m/nofp\libm.a(libm_a-s_atan.o)
                0x08004f60                atan
 .text.cos      0x08005278       0x88 d:/coding/stc/12.2 mpacbti-bet1/bin/../lib/gcc/arm-none-eabi/12.2.0/thumb/v7-m/nofp\libm.a(libm_a-s_cos.o)
                0x08005278                cos
 .text.fabs     0x08005300        0x8 d:/coding/stc/12.2 mpacbti-bet1/bin/../lib/gcc/arm-none-eabi/12.2.0/thumb/v7-m/nofp\libm.a(libm_a-s_fabs.o)
                0x08005300                fabs
 .text.sin      0x08005308       0x94 d:/coding/stc/12.2 mpacbti-bet1/bin/../lib/gcc/arm-none-eabi/12.2.0/thumb/v7-m/nofp\libm.a(libm_a-s_sin.o)
                0x08005308                sin
 .text.finite   0x0800539c        0xc d:/coding/stc/12.2 mpacbti-bet1/bin/../lib/gcc/arm-none-eabi/12.2.0/thumb/v7-m/nofp\libm.a(libm_a-s_finite.o)
                0x0800539c                finite
 .text.nan      0x080053a8        0xc d:/coding/stc/12.2 mpacbti-bet1/bin/../lib/gcc/arm-none-eabi/12.2.0/thumb/v7-m/nofp\libm.a(libm_a-s_nan.o)
                0x080053a8                nan
 .text.__ieee754_sqrt
                0x080053b4      0x1dc d:/coding/stc/12.2 mpacbti-bet1/bin/../lib/gcc/arm-none-eabi/12.2.0/thumb/v7-m/nofp\libm.a(libm_a-e_sqrt.o)
                0x080053b4                __ieee754_sqrt
 .text.__kernel_cos
                0x08005590      0x250 d:/coding/stc/12.2 mpacbti-bet1/bin/../lib/gcc/arm-none-eabi/12.2.0/thumb/v7-m/nofp\libm.a(libm_a-k_cos.o)
                0x08005590                __kernel_cos
 .text.__kernel_sin
                0x080057e0      0x16c d:/coding/stc/12.2 mpacbti-bet1/bin/../lib/gcc/arm-none-eabi/12.2.0/thumb/v7-m/nofp\libm.a(libm_a-k_sin.o)
                0x080057e0                __kernel_sin
 *fill*         0x0800594c        0x4 
 .text.__ieee754_acos
                0x08005950      0x4b0 d:/coding/stc/12.2 mpacbti-bet1/bin/../lib/gcc/arm-none-eabi/12.2.0/thumb/v7-m/nofp\libm.a(libm_a-e_acos.o)
                0x08005950                __ieee754_acos
 .text.__ieee754_atan2
                0x08005e00      0x194 d:/coding/stc/12.2 mpacbti-bet1/bin/../lib/gcc/arm-none-eabi/12.2.0/thumb/v7-m/nofp\libm.a(libm_a-e_atan2.o)
                0x08005e00                __ieee754_atan2
 *fill*         0x08005f94        0x4 
 .text.__ieee754_pow
                0x08005f98      0xb4c d:/coding/stc/12.2 mpacbti-bet1/bin/../lib/gcc/arm-none-eabi/12.2.0/thumb/v7-m/nofp\libm.a(libm_a-e_pow.o)
                0x08005f98                __ieee754_pow
 *fill*         0x08006ae4        0x4 
 .text.__ieee754_rem_pio2
                0x08006ae8      0x41c d:/coding/stc/12.2 mpacbti-bet1/bin/../lib/gcc/arm-none-eabi/12.2.0/thumb/v7-m/nofp\libm.a(libm_a-e_rem_pio2.o)
                0x08006ae8                __ieee754_rem_pio2
 *fill*         0x08006f04        0x4 
 .text.scalbn   0x08006f08      0x104 d:/coding/stc/12.2 mpacbti-bet1/bin/../lib/gcc/arm-none-eabi/12.2.0/thumb/v7-m/nofp\libm.a(libm_a-s_scalbn.o)
                0x08006f08                scalbn
 .text.with_errno
                0x0800700c       0x18 d:/coding/stc/12.2 mpacbti-bet1/bin/../lib/gcc/arm-none-eabi/12.2.0/thumb/v7-m/nofp\libm.a(libm_a-math_err.o)
 .text.xflow    0x08007024       0x28 d:/coding/stc/12.2 mpacbti-bet1/bin/../lib/gcc/arm-none-eabi/12.2.0/thumb/v7-m/nofp\libm.a(libm_a-math_err.o)
 .text.__math_uflow
                0x0800704c        0xc d:/coding/stc/12.2 mpacbti-bet1/bin/../lib/gcc/arm-none-eabi/12.2.0/thumb/v7-m/nofp\libm.a(libm_a-math_err.o)
                0x0800704c                __math_uflow
 .text.__math_oflow
                0x08007058        0xc d:/coding/stc/12.2 mpacbti-bet1/bin/../lib/gcc/arm-none-eabi/12.2.0/thumb/v7-m/nofp\libm.a(libm_a-math_err.o)
                0x08007058                __math_oflow
 .text.__kernel_rem_pio2
                0x08007064      0x848 d:/coding/stc/12.2 mpacbti-bet1/bin/../lib/gcc/arm-none-eabi/12.2.0/thumb/v7-m/nofp\libm.a(libm_a-k_rem_pio2.o)
                0x08007064                __kernel_rem_pio2
 *fill*         0x080078ac        0x4 
 .text.floor    0x080078b0      0x108 d:/coding/stc/12.2 mpacbti-bet1/bin/../lib/gcc/arm-none-eabi/12.2.0/thumb/v7-m/nofp\libm.a(libm_a-s_floor.o)
                0x080078b0                floor
 .text.__errno  0x080079b8        0xc d:/coding/stc/12.2 mpacbti-bet1/bin/../lib/gcc/arm-none-eabi/12.2.0/thumb/v7-m/nofp\libc_nano.a(libc_a-errno.o)
                0x080079b8                __errno
 *(.glue_7)
 .glue_7        0x080079c4        0x0 linker stubs
 *(.glue_7t)
 .glue_7t       0x080079c4        0x0 linker stubs
 *(.eh_frame)
 .eh_frame      0x080079c4        0x0 d:/coding/stc/12.2 mpacbti-bet1/bin/../lib/gcc/arm-none-eabi/12.2.0/thumb/v7-m/nofp/crtbegin.o
 *(.init)
 .init          0x080079c4        0x4 d:/coding/stc/12.2 mpacbti-bet1/bin/../lib/gcc/arm-none-eabi/12.2.0/thumb/v7-m/nofp/crti.o
                0x080079c4                _init
 .init          0x080079c8        0x8 d:/coding/stc/12.2 mpacbti-bet1/bin/../lib/gcc/arm-none-eabi/12.2.0/thumb/v7-m/nofp/crtn.o
 *(.fini)
 .fini          0x080079d0        0x4 d:/coding/stc/12.2 mpacbti-bet1/bin/../lib/gcc/arm-none-eabi/12.2.0/thumb/v7-m/nofp/crti.o
                0x080079d0                _fini
 .fini          0x080079d4        0x8 d:/coding/stc/12.2 mpacbti-bet1/bin/../lib/gcc/arm-none-eabi/12.2.0/thumb/v7-m/nofp/crtn.o
                0x080079dc                        . = ALIGN (0x4)
                0x080079dc                        _etext = .

.vfp11_veneer   0x080079dc        0x0
 .vfp11_veneer  0x080079dc        0x0 linker stubs

.v4_bx          0x080079dc        0x0
 .v4_bx         0x080079dc        0x0 linker stubs

.iplt           0x080079dc        0x0
 .iplt          0x080079dc        0x0 d:/coding/stc/12.2 mpacbti-bet1/bin/../lib/gcc/arm-none-eabi/12.2.0/thumb/v7-m/nofp/crtbegin.o

.rodata         0x080079e0      0x370
                0x080079e0                        . = ALIGN (0x4)
 *(.rodata)
 *(.rodata*)
 .rodata.parexc.str1.4
                0x080079e0       0xc8 build/control.o
 .rodata.APBPrescTable
                0x08007aa8        0x8 build/system_stm32f1xx.o
                0x08007aa8                APBPrescTable
 .rodata.AHBPrescTable
                0x08007ab0       0x10 build/system_stm32f1xx.o
                0x08007ab0                AHBPrescTable
 .rodata.HAL_RCC_GetSysClockFreq.str1.4
                0x08007ac0       0x11 build/stm32f1xx_hal_rcc.o
 .rodata._svfprintf_r.str1.1
                0x08007ad1       0x11 d:/coding/stc/12.2 mpacbti-bet1/bin/../lib/gcc/arm-none-eabi/12.2.0/thumb/v7-m/nofp\libc_nano.a(libc_a-nano-svfprintf.o)
 .rodata._printf_i.str1.1
                0x08007ae2       0x22 d:/coding/stc/12.2 mpacbti-bet1/bin/../lib/gcc/arm-none-eabi/12.2.0/thumb/v7-m/nofp\libc_nano.a(libc_a-nano-vfprintf_i.o)
 .rodata.acos.str1.4
                0x08007b04       0x11 d:/coding/stc/12.2 mpacbti-bet1/bin/../lib/gcc/arm-none-eabi/12.2.0/thumb/v7-m/nofp\libm.a(libm_a-w_acos.o)
                                  0x1 (size before relaxing)
 *fill*         0x08007b04        0x4 
 .rodata.atanlo
                0x08007b08       0x20 d:/coding/stc/12.2 mpacbti-bet1/bin/../lib/gcc/arm-none-eabi/12.2.0/thumb/v7-m/nofp\libm.a(libm_a-s_atan.o)
 .rodata.atanhi
                0x08007b28       0x20 d:/coding/stc/12.2 mpacbti-bet1/bin/../lib/gcc/arm-none-eabi/12.2.0/thumb/v7-m/nofp\libm.a(libm_a-s_atan.o)
 .rodata.CSWTCH.9
                0x08007b48       0x18 d:/coding/stc/12.2 mpacbti-bet1/bin/../lib/gcc/arm-none-eabi/12.2.0/thumb/v7-m/nofp\libm.a(libm_a-e_atan2.o)
 .rodata.CSWTCH.8
                0x08007b60       0x18 d:/coding/stc/12.2 mpacbti-bet1/bin/../lib/gcc/arm-none-eabi/12.2.0/thumb/v7-m/nofp\libm.a(libm_a-e_atan2.o)
 .rodata.npio2_hw
                0x08007b78       0x80 d:/coding/stc/12.2 mpacbti-bet1/bin/../lib/gcc/arm-none-eabi/12.2.0/thumb/v7-m/nofp\libm.a(libm_a-e_rem_pio2.o)
 .rodata.two_over_pi
                0x08007bf8      0x108 d:/coding/stc/12.2 mpacbti-bet1/bin/../lib/gcc/arm-none-eabi/12.2.0/thumb/v7-m/nofp\libm.a(libm_a-e_rem_pio2.o)
 .rodata.PIo2   0x08007d00       0x40 d:/coding/stc/12.2 mpacbti-bet1/bin/../lib/gcc/arm-none-eabi/12.2.0/thumb/v7-m/nofp\libm.a(libm_a-k_rem_pio2.o)
 .rodata.init_jk
                0x08007d40       0x10 d:/coding/stc/12.2 mpacbti-bet1/bin/../lib/gcc/arm-none-eabi/12.2.0/thumb/v7-m/nofp\libm.a(libm_a-k_rem_pio2.o)
                0x08007d50                        . = ALIGN (0x4)

.ARM.extab
 *(.ARM.extab* .gnu.linkonce.armextab.*)

.ARM            0x08007d50        0x8
                0x08007d50                        __exidx_start = .
 *(.ARM.exidx*)
 .ARM.exidx     0x08007d50        0x8 d:/coding/stc/12.2 mpacbti-bet1/bin/../lib/gcc/arm-none-eabi/12.2.0/thumb/v7-m/nofp\libc_nano.a(libc_a-strcmp.o)
 .ARM.exidx.text._sbrk
                0x08007d58        0x0 build/syscalls.o
                                  0x8 (size before relaxing)
                0x08007d58                        __exidx_end = .

.rel.dyn        0x08007d58        0x0
 .rel.iplt      0x08007d58        0x0 d:/coding/stc/12.2 mpacbti-bet1/bin/../lib/gcc/arm-none-eabi/12.2.0/thumb/v7-m/nofp/crtbegin.o

.preinit_array  0x08007d58        0x0
                0x08007d58                        PROVIDE (__preinit_array_start = .)
 *(.preinit_array*)
                0x08007d58                        PROVIDE (__preinit_array_end = .)

.init_array     0x08007d58        0x4
                0x08007d58                        PROVIDE (__init_array_start = .)
 *(SORT_BY_NAME(.init_array.*))
 *(.init_array*)
 .init_array    0x08007d58        0x4 d:/coding/stc/12.2 mpacbti-bet1/bin/../lib/gcc/arm-none-eabi/12.2.0/thumb/v7-m/nofp/crtbegin.o
                0x08007d5c                        PROVIDE (__init_array_end = .)

.fini_array     0x08007d5c        0x4
                [!provide]                        PROVIDE (__fini_array_start = .)
 *(SORT_BY_NAME(.fini_array.*))
 *(.fini_array*)
 .fini_array    0x08007d5c        0x4 d:/coding/stc/12.2 mpacbti-bet1/bin/../lib/gcc/arm-none-eabi/12.2.0/thumb/v7-m/nofp/crtbegin.o
                [!provide]                        PROVIDE (__fini_array_end = .)
                0x08007d60                        _sidata = LOADADDR (.data)

.data           0x20000000       0x70 load address 0x08007d60
                0x20000000                        . = ALIGN (0x4)
                0x20000000                        _sdata = .
 *(.data)
 *(.data*)
 .data.SystemCoreClock
                0x20000000        0x4 build/system_stm32f1xx.o
                0x20000000                SystemCoreClock
 .data.uwTickFreq
                0x20000004        0x1 build/stm32f1xx_hal.o
                0x20000004                uwTickFreq
 *fill*         0x20000005        0x3 
 .data.uwTickPrio
                0x20000008        0x4 build/stm32f1xx_hal.o
                0x20000008                uwTickPrio
 .data._impure_ptr
                0x2000000c        0x4 d:/coding/stc/12.2 mpacbti-bet1/bin/../lib/gcc/arm-none-eabi/12.2.0/thumb/v7-m/nofp\libc_nano.a(libc_a-impure.o)
                0x2000000c                _impure_ptr
 .data._impure_data
                0x20000010       0x4c d:/coding/stc/12.2 mpacbti-bet1/bin/../lib/gcc/arm-none-eabi/12.2.0/thumb/v7-m/nofp\libc_nano.a(libc_a-impure.o)
                0x20000010                _impure_data
 *fill*         0x2000005c        0x4 
 .data.tiny     0x20000060        0x8 d:/coding/stc/12.2 mpacbti-bet1/bin/../lib/gcc/arm-none-eabi/12.2.0/thumb/v7-m/nofp\libm.a(libm_a-e_sqrt.o)
 .data.one      0x20000068        0x8 d:/coding/stc/12.2 mpacbti-bet1/bin/../lib/gcc/arm-none-eabi/12.2.0/thumb/v7-m/nofp\libm.a(libm_a-e_sqrt.o)
                0x20000070                        . = ALIGN (0x4)
                0x20000070                        _edata = .

.tm_clone_table
                0x20000070        0x0 load address 0x08007dd0
 .tm_clone_table
                0x20000070        0x0 d:/coding/stc/12.2 mpacbti-bet1/bin/../lib/gcc/arm-none-eabi/12.2.0/thumb/v7-m/nofp/crtbegin.o
 .tm_clone_table
                0x20000070        0x0 d:/coding/stc/12.2 mpacbti-bet1/bin/../lib/gcc/arm-none-eabi/12.2.0/thumb/v7-m/nofp/crtend.o

.igot.plt       0x20000070        0x0 load address 0x08007dd0
 .igot.plt      0x20000070        0x0 d:/coding/stc/12.2 mpacbti-bet1/bin/../lib/gcc/arm-none-eabi/12.2.0/thumb/v7-m/nofp/crtbegin.o
                0x20000070                        . = ALIGN (0x4)

.bss            0x20000070      0xa70 load address 0x08007dd0
                0x20000070                        _sbss = .
                0x20000070                        __bss_start__ = _sbss
 *(.bss)
 *(.bss*)
 .bss.completed.1
                0x20000070        0x1 d:/coding/stc/12.2 mpacbti-bet1/bin/../lib/gcc/arm-none-eabi/12.2.0/thumb/v7-m/nofp/crtbegin.o
 *fill*         0x20000071        0x3 
 .bss.object.0  0x20000074       0x18 d:/coding/stc/12.2 mpacbti-bet1/bin/../lib/gcc/arm-none-eabi/12.2.0/thumb/v7-m/nofp/crtbegin.o
 .bss._ZZ5_sbrkE10s_pHeapEnd
                0x2000008c        0x4 build/syscalls.o
 .bss.endagl    0x20000090       0x18 build/control.o
                0x20000090                endagl
 .bss.endpos    0x200000a8       0x18 build/control.o
                0x200000a8                endpos
 .bss.pumpStatus
                0x200000c0        0x1 build/pump.o
                0x200000c0                pumpStatus
 .bss.recvMsg   0x200000c1        0x1 build/serial.o
                0x200000c1                recvMsg
 .bss.seekp     0x200000c2        0x1 build/serial.o
                0x200000c2                seekp
 .bss.GAIN_F    0x200000c3        0x1 build/serial.o
                0x200000c3                GAIN_F
 .bss.RX_Flag   0x200000c4        0x1 build/serial.o
                0x200000c4                RX_Flag
 .bss.offset    0x200000c5        0x1 build/serial.o
                0x200000c5                offset
 *fill*         0x200000c6        0x2 
 .bss.message   0x200000c8       0xc8 build/serial.o
                0x200000c8                message
 .bss.posQueBtm
                0x20000190        0x4 build/servo.o
                0x20000190                posQueBtm
 .bss.posQueTop
                0x20000194        0x4 build/servo.o
                0x20000194                posQueTop
 .bss.pwmAry    0x20000198      0x726 build/servo.o
                0x20000198                pwmAry
 *fill*         0x200008be        0x2 
 .bss.htim4     0x200008c0       0x48 build/tim.o
                0x200008c0                htim4
 .bss.htim1     0x20000908       0x48 build/tim.o
                0x20000908                htim1
 .bss.huart2    0x20000950       0x44 build/usart.o
                0x20000950                huart2
 .bss.uwTick    0x20000994        0x4 build/stm32f1xx_hal.o
                0x20000994                uwTick
 .bss.__sf      0x20000998      0x138 d:/coding/stc/12.2 mpacbti-bet1/bin/../lib/gcc/arm-none-eabi/12.2.0/thumb/v7-m/nofp\libc_nano.a(libc_a-findfp.o)
                0x20000998                __sf
 .bss.errno     0x20000ad0        0x4 d:/coding/stc/12.2 mpacbti-bet1/bin/../lib/gcc/arm-none-eabi/12.2.0/thumb/v7-m/nofp\libc_nano.a(libc_a-reent.o)
                0x20000ad0                errno
 .bss.__lock___malloc_recursive_mutex
                0x20000ad4        0x1 d:/coding/stc/12.2 mpacbti-bet1/bin/../lib/gcc/arm-none-eabi/12.2.0/thumb/v7-m/nofp\libc_nano.a(libc_a-lock.o)
                0x20000ad4                __lock___malloc_recursive_mutex
 *fill*         0x20000ad5        0x3 
 .bss.__malloc_sbrk_start
                0x20000ad8        0x4 d:/coding/stc/12.2 mpacbti-bet1/bin/../lib/gcc/arm-none-eabi/12.2.0/thumb/v7-m/nofp\libc_nano.a(libc_a-mallocr.o)
                0x20000ad8                __malloc_sbrk_start
 .bss.__malloc_free_list
                0x20000adc        0x4 d:/coding/stc/12.2 mpacbti-bet1/bin/../lib/gcc/arm-none-eabi/12.2.0/thumb/v7-m/nofp\libc_nano.a(libc_a-mallocr.o)
                0x20000adc                __malloc_free_list
 *(COMMON)
                0x20000ae0                        . = ALIGN (0x4)
                0x20000ae0                        _ebss = .
                0x20000ae0                        __bss_end__ = _ebss

._user_heap_stack
                0x20000ae0      0x600 load address 0x08007dd0
                0x20000ae0                        . = ALIGN (0x8)
                0x20000ae0                        PROVIDE (end = .)
                [!provide]                        PROVIDE (_end = .)
                0x20000ce0                        . = (. + _Min_Heap_Size)
 *fill*         0x20000ae0      0x200 
                0x200010e0                        . = (. + _Min_Stack_Size)
 *fill*         0x20000ce0      0x400 
                0x200010e0                        . = ALIGN (0x8)

/DISCARD/
 libc.a(*)
 libm.a(*)
 libgcc.a(*)

.ARM.attributes
                0x00000000       0x29
 *(.ARM.attributes)
 .ARM.attributes
                0x00000000       0x1d d:/coding/stc/12.2 mpacbti-bet1/bin/../lib/gcc/arm-none-eabi/12.2.0/thumb/v7-m/nofp/crti.o
 .ARM.attributes
                0x0000001d       0x2d d:/coding/stc/12.2 mpacbti-bet1/bin/../lib/gcc/arm-none-eabi/12.2.0/thumb/v7-m/nofp/crtbegin.o
 .ARM.attributes
                0x0000004a       0x2d build/syscalls.o
 .ARM.attributes
                0x00000077       0x2d build/control.o
 .ARM.attributes
                0x000000a4       0x2d build/gpio.o
 .ARM.attributes
                0x000000d1       0x2d build/main.o
 .ARM.attributes
                0x000000fe       0x2d build/pump.o
 .ARM.attributes
                0x0000012b       0x2d build/serial.o
 .ARM.attributes
                0x00000158       0x2d build/servo.o
 .ARM.attributes
                0x00000185       0x2d build/stm32f1xx_hal_msp.o
 .ARM.attributes
                0x000001b2       0x2d build/stm32f1xx_it.o
 .ARM.attributes
                0x000001df       0x2d build/system_stm32f1xx.o
 .ARM.attributes
                0x0000020c       0x2d build/tim.o
 .ARM.attributes
                0x00000239       0x2d build/usart.o
 .ARM.attributes
                0x00000266       0x2d build/stm32f1xx_hal.o
 .ARM.attributes
                0x00000293       0x2d build/stm32f1xx_hal_cortex.o
 .ARM.attributes
                0x000002c0       0x2d build/stm32f1xx_hal_dma.o
 .ARM.attributes
                0x000002ed       0x2d build/stm32f1xx_hal_gpio.o
 .ARM.attributes
                0x0000031a       0x2d build/stm32f1xx_hal_rcc.o
 .ARM.attributes
                0x00000347       0x2d build/stm32f1xx_hal_tim.o
 .ARM.attributes
                0x00000374       0x2d build/stm32f1xx_hal_tim_ex.o
 .ARM.attributes
                0x000003a1       0x2d build/stm32f1xx_hal_uart.o
 .ARM.attributes
                0x000003ce       0x21 build/startup_stm32f103xb.o
 .ARM.attributes
                0x000003ef       0x2d d:/coding/stc/12.2 mpacbti-bet1/bin/../lib/gcc/arm-none-eabi/12.2.0/thumb/v7-m/nofp\libc_nano.a(libc_a-findfp.o)
 .ARM.attributes
                0x0000041c       0x2d d:/coding/stc/12.2 mpacbti-bet1/bin/../lib/gcc/arm-none-eabi/12.2.0/thumb/v7-m/nofp\libc_nano.a(libc_a-sprintf.o)
 .ARM.attributes
                0x00000449       0x2d d:/coding/stc/12.2 mpacbti-bet1/bin/../lib/gcc/arm-none-eabi/12.2.0/thumb/v7-m/nofp\libc_nano.a(libc_a-memset.o)
 .ARM.attributes
                0x00000476       0x2d d:/coding/stc/12.2 mpacbti-bet1/bin/../lib/gcc/arm-none-eabi/12.2.0/thumb/v7-m/nofp\libc_nano.a(libc_a-reent.o)
 .ARM.attributes
                0x000004a3       0x2d d:/coding/stc/12.2 mpacbti-bet1/bin/../lib/gcc/arm-none-eabi/12.2.0/thumb/v7-m/nofp\libc_nano.a(libc_a-impure.o)
 .ARM.attributes
                0x000004d0       0x2d d:/coding/stc/12.2 mpacbti-bet1/bin/../lib/gcc/arm-none-eabi/12.2.0/thumb/v7-m/nofp\libc_nano.a(libc_a-init.o)
 .ARM.attributes
                0x000004fd       0x2d d:/coding/stc/12.2 mpacbti-bet1/bin/../lib/gcc/arm-none-eabi/12.2.0/thumb/v7-m/nofp\libc_nano.a(libc_a-lock.o)
 .ARM.attributes
                0x0000052a       0x1b d:/coding/stc/12.2 mpacbti-bet1/bin/../lib/gcc/arm-none-eabi/12.2.0/thumb/v7-m/nofp\libc_nano.a(libc_a-strcmp.o)
 .ARM.attributes
                0x00000545       0x2d d:/coding/stc/12.2 mpacbti-bet1/bin/../lib/gcc/arm-none-eabi/12.2.0/thumb/v7-m/nofp\libc_nano.a(libc_a-memcpy-stub.o)
 .ARM.attributes
                0x00000572       0x2d d:/coding/stc/12.2 mpacbti-bet1/bin/../lib/gcc/arm-none-eabi/12.2.0/thumb/v7-m/nofp\libc_nano.a(libc_a-freer.o)
 .ARM.attributes
                0x0000059f       0x2d d:/coding/stc/12.2 mpacbti-bet1/bin/../lib/gcc/arm-none-eabi/12.2.0/thumb/v7-m/nofp\libc_nano.a(libc_a-mallocr.o)
 .ARM.attributes
                0x000005cc       0x2d d:/coding/stc/12.2 mpacbti-bet1/bin/../lib/gcc/arm-none-eabi/12.2.0/thumb/v7-m/nofp\libc_nano.a(libc_a-mlock.o)
 .ARM.attributes
                0x000005f9       0x2d d:/coding/stc/12.2 mpacbti-bet1/bin/../lib/gcc/arm-none-eabi/12.2.0/thumb/v7-m/nofp\libc_nano.a(libc_a-nano-svfprintf.o)
 .ARM.attributes
                0x00000626       0x2d d:/coding/stc/12.2 mpacbti-bet1/bin/../lib/gcc/arm-none-eabi/12.2.0/thumb/v7-m/nofp\libc_nano.a(libc_a-nano-vfprintf_i.o)
 .ARM.attributes
                0x00000653       0x2d d:/coding/stc/12.2 mpacbti-bet1/bin/../lib/gcc/arm-none-eabi/12.2.0/thumb/v7-m/nofp\libc_nano.a(libc_a-memmove.o)
 .ARM.attributes
                0x00000680       0x2d d:/coding/stc/12.2 mpacbti-bet1/bin/../lib/gcc/arm-none-eabi/12.2.0/thumb/v7-m/nofp\libc_nano.a(libc_a-sbrkr.o)
 .ARM.attributes
                0x000006ad       0x2d d:/coding/stc/12.2 mpacbti-bet1/bin/../lib/gcc/arm-none-eabi/12.2.0/thumb/v7-m/nofp\libc_nano.a(libc_a-memchr-stub.o)
 .ARM.attributes
                0x000006da       0x2d d:/coding/stc/12.2 mpacbti-bet1/bin/../lib/gcc/arm-none-eabi/12.2.0/thumb/v7-m/nofp\libc_nano.a(libc_a-reallocr.o)
 .ARM.attributes
                0x00000707       0x2d d:/coding/stc/12.2 mpacbti-bet1/bin/../lib/gcc/arm-none-eabi/12.2.0/thumb/v7-m/nofp\libc_nano.a(libc_a-msizer.o)
 .ARM.attributes
                0x00000734       0x2d d:/coding/stc/12.2 mpacbti-bet1/bin/../lib/gcc/arm-none-eabi/12.2.0/thumb/v7-m/nofp\libm.a(libm_a-w_acos.o)
 .ARM.attributes
                0x00000761       0x2d d:/coding/stc/12.2 mpacbti-bet1/bin/../lib/gcc/arm-none-eabi/12.2.0/thumb/v7-m/nofp\libm.a(libm_a-w_atan2.o)
 .ARM.attributes
                0x0000078e       0x2d d:/coding/stc/12.2 mpacbti-bet1/bin/../lib/gcc/arm-none-eabi/12.2.0/thumb/v7-m/nofp\libm.a(libm_a-w_pow.o)
 .ARM.attributes
                0x000007bb       0x2d d:/coding/stc/12.2 mpacbti-bet1/bin/../lib/gcc/arm-none-eabi/12.2.0/thumb/v7-m/nofp\libm.a(libm_a-w_sqrt.o)
 .ARM.attributes
                0x000007e8       0x2d d:/coding/stc/12.2 mpacbti-bet1/bin/../lib/gcc/arm-none-eabi/12.2.0/thumb/v7-m/nofp\libm.a(libm_a-s_atan.o)
 .ARM.attributes
                0x00000815       0x2d d:/coding/stc/12.2 mpacbti-bet1/bin/../lib/gcc/arm-none-eabi/12.2.0/thumb/v7-m/nofp\libm.a(libm_a-s_cos.o)
 .ARM.attributes
                0x00000842       0x2d d:/coding/stc/12.2 mpacbti-bet1/bin/../lib/gcc/arm-none-eabi/12.2.0/thumb/v7-m/nofp\libm.a(libm_a-s_fabs.o)
 .ARM.attributes
                0x0000086f       0x2d d:/coding/stc/12.2 mpacbti-bet1/bin/../lib/gcc/arm-none-eabi/12.2.0/thumb/v7-m/nofp\libm.a(libm_a-s_sin.o)
 .ARM.attributes
                0x0000089c       0x2d d:/coding/stc/12.2 mpacbti-bet1/bin/../lib/gcc/arm-none-eabi/12.2.0/thumb/v7-m/nofp\libm.a(libm_a-s_finite.o)
 .ARM.attributes
                0x000008c9       0x2d d:/coding/stc/12.2 mpacbti-bet1/bin/../lib/gcc/arm-none-eabi/12.2.0/thumb/v7-m/nofp\libm.a(libm_a-s_nan.o)
 .ARM.attributes
                0x000008f6       0x2d d:/coding/stc/12.2 mpacbti-bet1/bin/../lib/gcc/arm-none-eabi/12.2.0/thumb/v7-m/nofp\libm.a(libm_a-e_sqrt.o)
 .ARM.attributes
                0x00000923       0x2d d:/coding/stc/12.2 mpacbti-bet1/bin/../lib/gcc/arm-none-eabi/12.2.0/thumb/v7-m/nofp\libm.a(libm_a-k_cos.o)
 .ARM.attributes
                0x00000950       0x2d d:/coding/stc/12.2 mpacbti-bet1/bin/../lib/gcc/arm-none-eabi/12.2.0/thumb/v7-m/nofp\libm.a(libm_a-k_sin.o)
 .ARM.attributes
                0x0000097d       0x2d d:/coding/stc/12.2 mpacbti-bet1/bin/../lib/gcc/arm-none-eabi/12.2.0/thumb/v7-m/nofp\libm.a(libm_a-e_acos.o)
 .ARM.attributes
                0x000009aa       0x2d d:/coding/stc/12.2 mpacbti-bet1/bin/../lib/gcc/arm-none-eabi/12.2.0/thumb/v7-m/nofp\libm.a(libm_a-e_atan2.o)
 .ARM.attributes
                0x000009d7       0x2d d:/coding/stc/12.2 mpacbti-bet1/bin/../lib/gcc/arm-none-eabi/12.2.0/thumb/v7-m/nofp\libm.a(libm_a-e_pow.o)
 .ARM.attributes
                0x00000a04       0x2d d:/coding/stc/12.2 mpacbti-bet1/bin/../lib/gcc/arm-none-eabi/12.2.0/thumb/v7-m/nofp\libm.a(libm_a-e_rem_pio2.o)
 .ARM.attributes
                0x00000a31       0x2d d:/coding/stc/12.2 mpacbti-bet1/bin/../lib/gcc/arm-none-eabi/12.2.0/thumb/v7-m/nofp\libm.a(libm_a-s_scalbn.o)
 .ARM.attributes
                0x00000a5e       0x2d d:/coding/stc/12.2 mpacbti-bet1/bin/../lib/gcc/arm-none-eabi/12.2.0/thumb/v7-m/nofp\libm.a(libm_a-math_err.o)
 .ARM.attributes
                0x00000a8b       0x2d d:/coding/stc/12.2 mpacbti-bet1/bin/../lib/gcc/arm-none-eabi/12.2.0/thumb/v7-m/nofp\libm.a(libm_a-k_rem_pio2.o)
 .ARM.attributes
                0x00000ab8       0x2d d:/coding/stc/12.2 mpacbti-bet1/bin/../lib/gcc/arm-none-eabi/12.2.0/thumb/v7-m/nofp\libm.a(libm_a-s_floor.o)
 .ARM.attributes
                0x00000ae5       0x1d d:/coding/stc/12.2 mpacbti-bet1/bin/../lib/gcc/arm-none-eabi/12.2.0/thumb/v7-m/nofp\libgcc.a(_arm_addsubdf3.o)
 .ARM.attributes
                0x00000b02       0x1d d:/coding/stc/12.2 mpacbti-bet1/bin/../lib/gcc/arm-none-eabi/12.2.0/thumb/v7-m/nofp\libgcc.a(_arm_muldivdf3.o)
 .ARM.attributes
                0x00000b1f       0x1d d:/coding/stc/12.2 mpacbti-bet1/bin/../lib/gcc/arm-none-eabi/12.2.0/thumb/v7-m/nofp\libgcc.a(_arm_cmpdf2.o)
 .ARM.attributes
                0x00000b3c       0x1d d:/coding/stc/12.2 mpacbti-bet1/bin/../lib/gcc/arm-none-eabi/12.2.0/thumb/v7-m/nofp\libgcc.a(_arm_unorddf2.o)
 .ARM.attributes
                0x00000b59       0x1d d:/coding/stc/12.2 mpacbti-bet1/bin/../lib/gcc/arm-none-eabi/12.2.0/thumb/v7-m/nofp\libgcc.a(_arm_fixdfsi.o)
 .ARM.attributes
                0x00000b76       0x1d d:/coding/stc/12.2 mpacbti-bet1/bin/../lib/gcc/arm-none-eabi/12.2.0/thumb/v7-m/nofp\libgcc.a(_arm_fixunsdfsi.o)
 .ARM.attributes
                0x00000b93       0x2d d:/coding/stc/12.2 mpacbti-bet1/bin/../lib/gcc/arm-none-eabi/12.2.0/thumb/v7-m/nofp\libc_nano.a(libc_a-errno.o)
 .ARM.attributes
                0x00000bc0       0x2d d:/coding/stc/12.2 mpacbti-bet1/bin/../lib/gcc/arm-none-eabi/12.2.0/thumb/v7-m/nofp/crtend.o
 .ARM.attributes
                0x00000bed       0x1d d:/coding/stc/12.2 mpacbti-bet1/bin/../lib/gcc/arm-none-eabi/12.2.0/thumb/v7-m/nofp/crtn.o
OUTPUT(build/myarm.elf elf32-littlearm)
LOAD linker stubs
LOAD d:/coding/stc/12.2 mpacbti-bet1/bin/../lib/gcc/arm-none-eabi/12.2.0/thumb/v7-m/nofp\libc.a
LOAD d:/coding/stc/12.2 mpacbti-bet1/bin/../lib/gcc/arm-none-eabi/12.2.0/thumb/v7-m/nofp\libm.a
LOAD d:/coding/stc/12.2 mpacbti-bet1/bin/../lib/gcc/arm-none-eabi/12.2.0/thumb/v7-m/nofp\libgcc.a

.comment        0x00000000       0x4c
 .comment       0x00000000       0x4c d:/coding/stc/12.2 mpacbti-bet1/bin/../lib/gcc/arm-none-eabi/12.2.0/thumb/v7-m/nofp/crtbegin.o
                                 0x4d (size before relaxing)
 .comment       0x0000004c       0x4d build/syscalls.o
 .comment       0x0000004c       0x4d build/control.o
 .comment       0x0000004c       0x4d build/gpio.o
 .comment       0x0000004c       0x4d build/main.o
 .comment       0x0000004c       0x4d build/pump.o
 .comment       0x0000004c       0x4d build/serial.o
 .comment       0x0000004c       0x4d build/servo.o
 .comment       0x0000004c       0x4d build/stm32f1xx_hal_msp.o
 .comment       0x0000004c       0x4d build/stm32f1xx_it.o
 .comment       0x0000004c       0x4d build/system_stm32f1xx.o
 .comment       0x0000004c       0x4d build/tim.o
 .comment       0x0000004c       0x4d build/usart.o
 .comment       0x0000004c       0x4d build/stm32f1xx_hal.o
 .comment       0x0000004c       0x4d build/stm32f1xx_hal_cortex.o
 .comment       0x0000004c       0x4d build/stm32f1xx_hal_dma.o
 .comment       0x0000004c       0x4d build/stm32f1xx_hal_gpio.o
 .comment       0x0000004c       0x4d build/stm32f1xx_hal_rcc.o
 .comment       0x0000004c       0x4d build/stm32f1xx_hal_tim.o
 .comment       0x0000004c       0x4d build/stm32f1xx_hal_tim_ex.o
 .comment       0x0000004c       0x4d build/stm32f1xx_hal_uart.o
 .comment       0x0000004c       0x4d d:/coding/stc/12.2 mpacbti-bet1/bin/../lib/gcc/arm-none-eabi/12.2.0/thumb/v7-m/nofp\libc_nano.a(libc_a-findfp.o)
 .comment       0x0000004c       0x4d d:/coding/stc/12.2 mpacbti-bet1/bin/../lib/gcc/arm-none-eabi/12.2.0/thumb/v7-m/nofp\libc_nano.a(libc_a-sprintf.o)
 .comment       0x0000004c       0x4d d:/coding/stc/12.2 mpacbti-bet1/bin/../lib/gcc/arm-none-eabi/12.2.0/thumb/v7-m/nofp\libc_nano.a(libc_a-memset.o)
 .comment       0x0000004c       0x4d d:/coding/stc/12.2 mpacbti-bet1/bin/../lib/gcc/arm-none-eabi/12.2.0/thumb/v7-m/nofp\libc_nano.a(libc_a-reent.o)
 .comment       0x0000004c       0x4d d:/coding/stc/12.2 mpacbti-bet1/bin/../lib/gcc/arm-none-eabi/12.2.0/thumb/v7-m/nofp\libc_nano.a(libc_a-impure.o)
 .comment       0x0000004c       0x4d d:/coding/stc/12.2 mpacbti-bet1/bin/../lib/gcc/arm-none-eabi/12.2.0/thumb/v7-m/nofp\libc_nano.a(libc_a-init.o)
 .comment       0x0000004c       0x4d d:/coding/stc/12.2 mpacbti-bet1/bin/../lib/gcc/arm-none-eabi/12.2.0/thumb/v7-m/nofp\libc_nano.a(libc_a-lock.o)
 .comment       0x0000004c       0x4d d:/coding/stc/12.2 mpacbti-bet1/bin/../lib/gcc/arm-none-eabi/12.2.0/thumb/v7-m/nofp\libc_nano.a(libc_a-memcpy-stub.o)
 .comment       0x0000004c       0x4d d:/coding/stc/12.2 mpacbti-bet1/bin/../lib/gcc/arm-none-eabi/12.2.0/thumb/v7-m/nofp\libc_nano.a(libc_a-freer.o)
 .comment       0x0000004c       0x4d d:/coding/stc/12.2 mpacbti-bet1/bin/../lib/gcc/arm-none-eabi/12.2.0/thumb/v7-m/nofp\libc_nano.a(libc_a-mallocr.o)
 .comment       0x0000004c       0x4d d:/coding/stc/12.2 mpacbti-bet1/bin/../lib/gcc/arm-none-eabi/12.2.0/thumb/v7-m/nofp\libc_nano.a(libc_a-mlock.o)
 .comment       0x0000004c       0x4d d:/coding/stc/12.2 mpacbti-bet1/bin/../lib/gcc/arm-none-eabi/12.2.0/thumb/v7-m/nofp\libc_nano.a(libc_a-nano-svfprintf.o)
 .comment       0x0000004c       0x4d d:/coding/stc/12.2 mpacbti-bet1/bin/../lib/gcc/arm-none-eabi/12.2.0/thumb/v7-m/nofp\libc_nano.a(libc_a-nano-vfprintf_i.o)
 .comment       0x0000004c       0x4d d:/coding/stc/12.2 mpacbti-bet1/bin/../lib/gcc/arm-none-eabi/12.2.0/thumb/v7-m/nofp\libc_nano.a(libc_a-memmove.o)
 .comment       0x0000004c       0x4d d:/coding/stc/12.2 mpacbti-bet1/bin/../lib/gcc/arm-none-eabi/12.2.0/thumb/v7-m/nofp\libc_nano.a(libc_a-sbrkr.o)
 .comment       0x0000004c       0x4d d:/coding/stc/12.2 mpacbti-bet1/bin/../lib/gcc/arm-none-eabi/12.2.0/thumb/v7-m/nofp\libc_nano.a(libc_a-memchr-stub.o)
 .comment       0x0000004c       0x4d d:/coding/stc/12.2 mpacbti-bet1/bin/../lib/gcc/arm-none-eabi/12.2.0/thumb/v7-m/nofp\libc_nano.a(libc_a-reallocr.o)
 .comment       0x0000004c       0x4d d:/coding/stc/12.2 mpacbti-bet1/bin/../lib/gcc/arm-none-eabi/12.2.0/thumb/v7-m/nofp\libc_nano.a(libc_a-msizer.o)
 .comment       0x0000004c       0x4d d:/coding/stc/12.2 mpacbti-bet1/bin/../lib/gcc/arm-none-eabi/12.2.0/thumb/v7-m/nofp\libm.a(libm_a-w_acos.o)
 .comment       0x0000004c       0x4d d:/coding/stc/12.2 mpacbti-bet1/bin/../lib/gcc/arm-none-eabi/12.2.0/thumb/v7-m/nofp\libm.a(libm_a-w_atan2.o)
 .comment       0x0000004c       0x4d d:/coding/stc/12.2 mpacbti-bet1/bin/../lib/gcc/arm-none-eabi/12.2.0/thumb/v7-m/nofp\libm.a(libm_a-w_pow.o)
 .comment       0x0000004c       0x4d d:/coding/stc/12.2 mpacbti-bet1/bin/../lib/gcc/arm-none-eabi/12.2.0/thumb/v7-m/nofp\libm.a(libm_a-w_sqrt.o)
 .comment       0x0000004c       0x4d d:/coding/stc/12.2 mpacbti-bet1/bin/../lib/gcc/arm-none-eabi/12.2.0/thumb/v7-m/nofp\libm.a(libm_a-s_atan.o)
 .comment       0x0000004c       0x4d d:/coding/stc/12.2 mpacbti-bet1/bin/../lib/gcc/arm-none-eabi/12.2.0/thumb/v7-m/nofp\libm.a(libm_a-s_cos.o)
 .comment       0x0000004c       0x4d d:/coding/stc/12.2 mpacbti-bet1/bin/../lib/gcc/arm-none-eabi/12.2.0/thumb/v7-m/nofp\libm.a(libm_a-s_fabs.o)
 .comment       0x0000004c       0x4d d:/coding/stc/12.2 mpacbti-bet1/bin/../lib/gcc/arm-none-eabi/12.2.0/thumb/v7-m/nofp\libm.a(libm_a-s_sin.o)
 .comment       0x0000004c       0x4d d:/coding/stc/12.2 mpacbti-bet1/bin/../lib/gcc/arm-none-eabi/12.2.0/thumb/v7-m/nofp\libm.a(libm_a-s_finite.o)
 .comment       0x0000004c       0x4d d:/coding/stc/12.2 mpacbti-bet1/bin/../lib/gcc/arm-none-eabi/12.2.0/thumb/v7-m/nofp\libm.a(libm_a-s_nan.o)
 .comment       0x0000004c       0x4d d:/coding/stc/12.2 mpacbti-bet1/bin/../lib/gcc/arm-none-eabi/12.2.0/thumb/v7-m/nofp\libm.a(libm_a-e_sqrt.o)
 .comment       0x0000004c       0x4d d:/coding/stc/12.2 mpacbti-bet1/bin/../lib/gcc/arm-none-eabi/12.2.0/thumb/v7-m/nofp\libm.a(libm_a-k_cos.o)
 .comment       0x0000004c       0x4d d:/coding/stc/12.2 mpacbti-bet1/bin/../lib/gcc/arm-none-eabi/12.2.0/thumb/v7-m/nofp\libm.a(libm_a-k_sin.o)
 .comment       0x0000004c       0x4d d:/coding/stc/12.2 mpacbti-bet1/bin/../lib/gcc/arm-none-eabi/12.2.0/thumb/v7-m/nofp\libm.a(libm_a-e_acos.o)
 .comment       0x0000004c       0x4d d:/coding/stc/12.2 mpacbti-bet1/bin/../lib/gcc/arm-none-eabi/12.2.0/thumb/v7-m/nofp\libm.a(libm_a-e_atan2.o)
 .comment       0x0000004c       0x4d d:/coding/stc/12.2 mpacbti-bet1/bin/../lib/gcc/arm-none-eabi/12.2.0/thumb/v7-m/nofp\libm.a(libm_a-e_pow.o)
 .comment       0x0000004c       0x4d d:/coding/stc/12.2 mpacbti-bet1/bin/../lib/gcc/arm-none-eabi/12.2.0/thumb/v7-m/nofp\libm.a(libm_a-e_rem_pio2.o)
 .comment       0x0000004c       0x4d d:/coding/stc/12.2 mpacbti-bet1/bin/../lib/gcc/arm-none-eabi/12.2.0/thumb/v7-m/nofp\libm.a(libm_a-s_scalbn.o)
 .comment       0x0000004c       0x4d d:/coding/stc/12.2 mpacbti-bet1/bin/../lib/gcc/arm-none-eabi/12.2.0/thumb/v7-m/nofp\libm.a(libm_a-math_err.o)
 .comment       0x0000004c       0x4d d:/coding/stc/12.2 mpacbti-bet1/bin/../lib/gcc/arm-none-eabi/12.2.0/thumb/v7-m/nofp\libm.a(libm_a-k_rem_pio2.o)
 .comment       0x0000004c       0x4d d:/coding/stc/12.2 mpacbti-bet1/bin/../lib/gcc/arm-none-eabi/12.2.0/thumb/v7-m/nofp\libm.a(libm_a-s_floor.o)
 .comment       0x0000004c       0x4d d:/coding/stc/12.2 mpacbti-bet1/bin/../lib/gcc/arm-none-eabi/12.2.0/thumb/v7-m/nofp\libc_nano.a(libc_a-errno.o)
 .comment       0x0000004c       0x4d d:/coding/stc/12.2 mpacbti-bet1/bin/../lib/gcc/arm-none-eabi/12.2.0/thumb/v7-m/nofp/crtend.o

.debug_info     0x00000000    0x1e7c3
 .debug_info    0x00000000      0x9bb build/syscalls.o
 .debug_info    0x000009bb     0x19bf build/control.o
 .debug_info    0x0000237a      0x2ed build/gpio.o
 .debug_info    0x00002667      0xe3d build/main.o
 .debug_info    0x000034a4      0x244 build/pump.o
 .debug_info    0x000036e8      0xce6 build/serial.o
 .debug_info    0x000043ce     0x1a4d build/servo.o
 .debug_info    0x00005e1b      0x165 build/stm32f1xx_hal_msp.o
 .debug_info    0x00005f80      0x5d6 build/stm32f1xx_it.o
 .debug_info    0x00006556      0x22d build/system_stm32f1xx.o
 .debug_info    0x00006783      0xc78 build/tim.o
 .debug_info    0x000073fb      0x9b8 build/usart.o
 .debug_info    0x00007db3      0x7a2 build/stm32f1xx_hal.o
 .debug_info    0x00008555      0xcad build/stm32f1xx_hal_cortex.o
 .debug_info    0x00009202      0x7d5 build/stm32f1xx_hal_dma.o
 .debug_info    0x000099d7      0x604 build/stm32f1xx_hal_gpio.o
 .debug_info    0x00009fdb      0x9db build/stm32f1xx_hal_rcc.o
 .debug_info    0x0000a9b6     0x393d build/stm32f1xx_hal_tim.o
 .debug_info    0x0000e2f3     0x19b6 build/stm32f1xx_hal_tim_ex.o
 .debug_info    0x0000fca9     0x1b89 build/stm32f1xx_hal_uart.o
 .debug_info    0x00011832       0x2e build/startup_stm32f103xb.o
 .debug_info    0x00011860      0xf8f d:/coding/stc/12.2 mpacbti-bet1/bin/../lib/gcc/arm-none-eabi/12.2.0/thumb/v7-m/nofp\libc_nano.a(libc_a-findfp.o)
 .debug_info    0x000127ef      0x87e d:/coding/stc/12.2 mpacbti-bet1/bin/../lib/gcc/arm-none-eabi/12.2.0/thumb/v7-m/nofp\libc_nano.a(libc_a-sprintf.o)
 .debug_info    0x0001306d       0xe0 d:/coding/stc/12.2 mpacbti-bet1/bin/../lib/gcc/arm-none-eabi/12.2.0/thumb/v7-m/nofp\libc_nano.a(libc_a-memset.o)
 .debug_info    0x0001314d      0x854 d:/coding/stc/12.2 mpacbti-bet1/bin/../lib/gcc/arm-none-eabi/12.2.0/thumb/v7-m/nofp\libc_nano.a(libc_a-reent.o)
 .debug_info    0x000139a1      0x714 d:/coding/stc/12.2 mpacbti-bet1/bin/../lib/gcc/arm-none-eabi/12.2.0/thumb/v7-m/nofp\libc_nano.a(libc_a-impure.o)
 .debug_info    0x000140b5      0x10b d:/coding/stc/12.2 mpacbti-bet1/bin/../lib/gcc/arm-none-eabi/12.2.0/thumb/v7-m/nofp\libc_nano.a(libc_a-init.o)
 .debug_info    0x000141c0      0x20a d:/coding/stc/12.2 mpacbti-bet1/bin/../lib/gcc/arm-none-eabi/12.2.0/thumb/v7-m/nofp\libc_nano.a(libc_a-lock.o)
 .debug_info    0x000143ca       0x2f d:/coding/stc/12.2 mpacbti-bet1/bin/../lib/gcc/arm-none-eabi/12.2.0/thumb/v7-m/nofp\libc_nano.a(libc_a-strcmp.o)
 .debug_info    0x000143f9      0x121 d:/coding/stc/12.2 mpacbti-bet1/bin/../lib/gcc/arm-none-eabi/12.2.0/thumb/v7-m/nofp\libc_nano.a(libc_a-memcpy-stub.o)
 .debug_info    0x0001451a      0x84a d:/coding/stc/12.2 mpacbti-bet1/bin/../lib/gcc/arm-none-eabi/12.2.0/thumb/v7-m/nofp\libc_nano.a(libc_a-freer.o)
 .debug_info    0x00014d64      0x9b5 d:/coding/stc/12.2 mpacbti-bet1/bin/../lib/gcc/arm-none-eabi/12.2.0/thumb/v7-m/nofp\libc_nano.a(libc_a-mallocr.o)
 .debug_info    0x00015719      0x76a d:/coding/stc/12.2 mpacbti-bet1/bin/../lib/gcc/arm-none-eabi/12.2.0/thumb/v7-m/nofp\libc_nano.a(libc_a-mlock.o)
 .debug_info    0x00015e83     0x10c2 d:/coding/stc/12.2 mpacbti-bet1/bin/../lib/gcc/arm-none-eabi/12.2.0/thumb/v7-m/nofp\libc_nano.a(libc_a-nano-svfprintf.o)
 .debug_info    0x00016f45      0xddf d:/coding/stc/12.2 mpacbti-bet1/bin/../lib/gcc/arm-none-eabi/12.2.0/thumb/v7-m/nofp\libc_nano.a(libc_a-nano-vfprintf_i.o)
 .debug_info    0x00017d24      0x10f d:/coding/stc/12.2 mpacbti-bet1/bin/../lib/gcc/arm-none-eabi/12.2.0/thumb/v7-m/nofp\libc_nano.a(libc_a-memmove.o)
 .debug_info    0x00017e33      0x77b d:/coding/stc/12.2 mpacbti-bet1/bin/../lib/gcc/arm-none-eabi/12.2.0/thumb/v7-m/nofp\libc_nano.a(libc_a-sbrkr.o)
 .debug_info    0x000185ae      0x110 d:/coding/stc/12.2 mpacbti-bet1/bin/../lib/gcc/arm-none-eabi/12.2.0/thumb/v7-m/nofp\libc_nano.a(libc_a-memchr-stub.o)
 .debug_info    0x000186be      0x8c6 d:/coding/stc/12.2 mpacbti-bet1/bin/../lib/gcc/arm-none-eabi/12.2.0/thumb/v7-m/nofp\libc_nano.a(libc_a-reallocr.o)
 .debug_info    0x00018f84      0x793 d:/coding/stc/12.2 mpacbti-bet1/bin/../lib/gcc/arm-none-eabi/12.2.0/thumb/v7-m/nofp\libc_nano.a(libc_a-msizer.o)
 .debug_info    0x00019717      0x189 d:/coding/stc/12.2 mpacbti-bet1/bin/../lib/gcc/arm-none-eabi/12.2.0/thumb/v7-m/nofp\libm.a(libm_a-w_acos.o)
 .debug_info    0x000198a0      0x103 d:/coding/stc/12.2 mpacbti-bet1/bin/../lib/gcc/arm-none-eabi/12.2.0/thumb/v7-m/nofp\libm.a(libm_a-w_atan2.o)
 .debug_info    0x000199a3      0x1dc d:/coding/stc/12.2 mpacbti-bet1/bin/../lib/gcc/arm-none-eabi/12.2.0/thumb/v7-m/nofp\libm.a(libm_a-w_pow.o)
 .debug_info    0x00019b7f      0x14b d:/coding/stc/12.2 mpacbti-bet1/bin/../lib/gcc/arm-none-eabi/12.2.0/thumb/v7-m/nofp\libm.a(libm_a-w_sqrt.o)
 .debug_info    0x00019cca      0x473 d:/coding/stc/12.2 mpacbti-bet1/bin/../lib/gcc/arm-none-eabi/12.2.0/thumb/v7-m/nofp\libm.a(libm_a-s_atan.o)
 .debug_info    0x0001a13d      0x23a d:/coding/stc/12.2 mpacbti-bet1/bin/../lib/gcc/arm-none-eabi/12.2.0/thumb/v7-m/nofp\libm.a(libm_a-s_cos.o)
 .debug_info    0x0001a377      0x142 d:/coding/stc/12.2 mpacbti-bet1/bin/../lib/gcc/arm-none-eabi/12.2.0/thumb/v7-m/nofp\libm.a(libm_a-s_fabs.o)
 .debug_info    0x0001a4b9      0x250 d:/coding/stc/12.2 mpacbti-bet1/bin/../lib/gcc/arm-none-eabi/12.2.0/thumb/v7-m/nofp\libm.a(libm_a-s_sin.o)
 .debug_info    0x0001a709      0x134 d:/coding/stc/12.2 mpacbti-bet1/bin/../lib/gcc/arm-none-eabi/12.2.0/thumb/v7-m/nofp\libm.a(libm_a-s_finite.o)
 .debug_info    0x0001a83d       0xd3 d:/coding/stc/12.2 mpacbti-bet1/bin/../lib/gcc/arm-none-eabi/12.2.0/thumb/v7-m/nofp\libm.a(libm_a-s_nan.o)
 .debug_info    0x0001a910      0x2e4 d:/coding/stc/12.2 mpacbti-bet1/bin/../lib/gcc/arm-none-eabi/12.2.0/thumb/v7-m/nofp\libm.a(libm_a-e_sqrt.o)
 .debug_info    0x0001abf4      0x3cf d:/coding/stc/12.2 mpacbti-bet1/bin/../lib/gcc/arm-none-eabi/12.2.0/thumb/v7-m/nofp\libm.a(libm_a-k_cos.o)
 .debug_info    0x0001afc3      0x304 d:/coding/stc/12.2 mpacbti-bet1/bin/../lib/gcc/arm-none-eabi/12.2.0/thumb/v7-m/nofp\libm.a(libm_a-k_sin.o)
 .debug_info    0x0001b2c7      0x665 d:/coding/stc/12.2 mpacbti-bet1/bin/../lib/gcc/arm-none-eabi/12.2.0/thumb/v7-m/nofp\libm.a(libm_a-e_acos.o)
 .debug_info    0x0001b92c      0x324 d:/coding/stc/12.2 mpacbti-bet1/bin/../lib/gcc/arm-none-eabi/12.2.0/thumb/v7-m/nofp\libm.a(libm_a-e_atan2.o)
 .debug_info    0x0001bc50      0xd5d d:/coding/stc/12.2 mpacbti-bet1/bin/../lib/gcc/arm-none-eabi/12.2.0/thumb/v7-m/nofp\libm.a(libm_a-e_pow.o)
 .debug_info    0x0001c9ad      0x657 d:/coding/stc/12.2 mpacbti-bet1/bin/../lib/gcc/arm-none-eabi/12.2.0/thumb/v7-m/nofp\libm.a(libm_a-e_rem_pio2.o)
 .debug_info    0x0001d004      0x27b d:/coding/stc/12.2 mpacbti-bet1/bin/../lib/gcc/arm-none-eabi/12.2.0/thumb/v7-m/nofp\libm.a(libm_a-s_scalbn.o)
 .debug_info    0x0001d27f      0x406 d:/coding/stc/12.2 mpacbti-bet1/bin/../lib/gcc/arm-none-eabi/12.2.0/thumb/v7-m/nofp\libm.a(libm_a-math_err.o)
 .debug_info    0x0001d685      0x5bb d:/coding/stc/12.2 mpacbti-bet1/bin/../lib/gcc/arm-none-eabi/12.2.0/thumb/v7-m/nofp\libm.a(libm_a-k_rem_pio2.o)
 .debug_info    0x0001dc40      0x216 d:/coding/stc/12.2 mpacbti-bet1/bin/../lib/gcc/arm-none-eabi/12.2.0/thumb/v7-m/nofp\libm.a(libm_a-s_floor.o)
 .debug_info    0x0001de56       0xb6 d:/coding/stc/12.2 mpacbti-bet1/bin/../lib/gcc/arm-none-eabi/12.2.0/thumb/v7-m/nofp\libgcc.a(_arm_addsubdf3.o)
 .debug_info    0x0001df0c       0x52 d:/coding/stc/12.2 mpacbti-bet1/bin/../lib/gcc/arm-none-eabi/12.2.0/thumb/v7-m/nofp\libgcc.a(_arm_muldivdf3.o)
 .debug_info    0x0001df5e       0xc0 d:/coding/stc/12.2 mpacbti-bet1/bin/../lib/gcc/arm-none-eabi/12.2.0/thumb/v7-m/nofp\libgcc.a(_arm_cmpdf2.o)
 .debug_info    0x0001e01e       0x39 d:/coding/stc/12.2 mpacbti-bet1/bin/../lib/gcc/arm-none-eabi/12.2.0/thumb/v7-m/nofp\libgcc.a(_arm_unorddf2.o)
 .debug_info    0x0001e057       0x39 d:/coding/stc/12.2 mpacbti-bet1/bin/../lib/gcc/arm-none-eabi/12.2.0/thumb/v7-m/nofp\libgcc.a(_arm_fixdfsi.o)
 .debug_info    0x0001e090       0x39 d:/coding/stc/12.2 mpacbti-bet1/bin/../lib/gcc/arm-none-eabi/12.2.0/thumb/v7-m/nofp\libgcc.a(_arm_fixunsdfsi.o)
 .debug_info    0x0001e0c9      0x6fa d:/coding/stc/12.2 mpacbti-bet1/bin/../lib/gcc/arm-none-eabi/12.2.0/thumb/v7-m/nofp\libc_nano.a(libc_a-errno.o)

.debug_abbrev   0x00000000     0x6843
 .debug_abbrev  0x00000000      0x1ef build/syscalls.o
 .debug_abbrev  0x000001ef      0x2da build/control.o
 .debug_abbrev  0x000004c9      0x151 build/gpio.o
 .debug_abbrev  0x0000061a      0x29f build/main.o
 .debug_abbrev  0x000008b9      0x148 build/pump.o
 .debug_abbrev  0x00000a01      0x2d3 build/serial.o
 .debug_abbrev  0x00000cd4      0x396 build/servo.o
 .debug_abbrev  0x0000106a       0xc4 build/stm32f1xx_hal_msp.o
 .debug_abbrev  0x0000112e      0x178 build/stm32f1xx_it.o
 .debug_abbrev  0x000012a6      0x143 build/system_stm32f1xx.o
 .debug_abbrev  0x000013e9      0x24f build/tim.o
 .debug_abbrev  0x00001638      0x21c build/usart.o
 .debug_abbrev  0x00001854      0x22d build/stm32f1xx_hal.o
 .debug_abbrev  0x00001a81      0x36d build/stm32f1xx_hal_cortex.o
 .debug_abbrev  0x00001dee      0x244 build/stm32f1xx_hal_dma.o
 .debug_abbrev  0x00002032      0x1f7 build/stm32f1xx_hal_gpio.o
 .debug_abbrev  0x00002229      0x29e build/stm32f1xx_hal_rcc.o
 .debug_abbrev  0x000024c7      0x269 build/stm32f1xx_hal_tim.o
 .debug_abbrev  0x00002730      0x267 build/stm32f1xx_hal_tim_ex.o
 .debug_abbrev  0x00002997      0x298 build/stm32f1xx_hal_uart.o
 .debug_abbrev  0x00002c2f       0x1d build/startup_stm32f103xb.o
 .debug_abbrev  0x00002c4c      0x40c d:/coding/stc/12.2 mpacbti-bet1/bin/../lib/gcc/arm-none-eabi/12.2.0/thumb/v7-m/nofp\libc_nano.a(libc_a-findfp.o)
 .debug_abbrev  0x00003058      0x21c d:/coding/stc/12.2 mpacbti-bet1/bin/../lib/gcc/arm-none-eabi/12.2.0/thumb/v7-m/nofp\libc_nano.a(libc_a-sprintf.o)
 .debug_abbrev  0x00003274       0x9e d:/coding/stc/12.2 mpacbti-bet1/bin/../lib/gcc/arm-none-eabi/12.2.0/thumb/v7-m/nofp\libc_nano.a(libc_a-memset.o)
 .debug_abbrev  0x00003312      0x1ed d:/coding/stc/12.2 mpacbti-bet1/bin/../lib/gcc/arm-none-eabi/12.2.0/thumb/v7-m/nofp\libc_nano.a(libc_a-reent.o)
 .debug_abbrev  0x000034ff      0x149 d:/coding/stc/12.2 mpacbti-bet1/bin/../lib/gcc/arm-none-eabi/12.2.0/thumb/v7-m/nofp\libc_nano.a(libc_a-impure.o)
 .debug_abbrev  0x00003648       0xc9 d:/coding/stc/12.2 mpacbti-bet1/bin/../lib/gcc/arm-none-eabi/12.2.0/thumb/v7-m/nofp\libc_nano.a(libc_a-init.o)
 .debug_abbrev  0x00003711      0x115 d:/coding/stc/12.2 mpacbti-bet1/bin/../lib/gcc/arm-none-eabi/12.2.0/thumb/v7-m/nofp\libc_nano.a(libc_a-lock.o)
 .debug_abbrev  0x00003826       0x21 d:/coding/stc/12.2 mpacbti-bet1/bin/../lib/gcc/arm-none-eabi/12.2.0/thumb/v7-m/nofp\libc_nano.a(libc_a-strcmp.o)
 .debug_abbrev  0x00003847       0xc1 d:/coding/stc/12.2 mpacbti-bet1/bin/../lib/gcc/arm-none-eabi/12.2.0/thumb/v7-m/nofp\libc_nano.a(libc_a-memcpy-stub.o)
 .debug_abbrev  0x00003908      0x236 d:/coding/stc/12.2 mpacbti-bet1/bin/../lib/gcc/arm-none-eabi/12.2.0/thumb/v7-m/nofp\libc_nano.a(libc_a-freer.o)
 .debug_abbrev  0x00003b3e      0x24a d:/coding/stc/12.2 mpacbti-bet1/bin/../lib/gcc/arm-none-eabi/12.2.0/thumb/v7-m/nofp\libc_nano.a(libc_a-mallocr.o)
 .debug_abbrev  0x00003d88      0x1bf d:/coding/stc/12.2 mpacbti-bet1/bin/../lib/gcc/arm-none-eabi/12.2.0/thumb/v7-m/nofp\libc_nano.a(libc_a-mlock.o)
 .debug_abbrev  0x00003f47      0x31f d:/coding/stc/12.2 mpacbti-bet1/bin/../lib/gcc/arm-none-eabi/12.2.0/thumb/v7-m/nofp\libc_nano.a(libc_a-nano-svfprintf.o)
 .debug_abbrev  0x00004266      0x28f d:/coding/stc/12.2 mpacbti-bet1/bin/../lib/gcc/arm-none-eabi/12.2.0/thumb/v7-m/nofp\libc_nano.a(libc_a-nano-vfprintf_i.o)
 .debug_abbrev  0x000044f5       0xac d:/coding/stc/12.2 mpacbti-bet1/bin/../lib/gcc/arm-none-eabi/12.2.0/thumb/v7-m/nofp\libc_nano.a(libc_a-memmove.o)
 .debug_abbrev  0x000045a1      0x1da d:/coding/stc/12.2 mpacbti-bet1/bin/../lib/gcc/arm-none-eabi/12.2.0/thumb/v7-m/nofp\libc_nano.a(libc_a-sbrkr.o)
 .debug_abbrev  0x0000477b       0xb1 d:/coding/stc/12.2 mpacbti-bet1/bin/../lib/gcc/arm-none-eabi/12.2.0/thumb/v7-m/nofp\libc_nano.a(libc_a-memchr-stub.o)
 .debug_abbrev  0x0000482c      0x217 d:/coding/stc/12.2 mpacbti-bet1/bin/../lib/gcc/arm-none-eabi/12.2.0/thumb/v7-m/nofp\libc_nano.a(libc_a-reallocr.o)
 .debug_abbrev  0x00004a43      0x196 d:/coding/stc/12.2 mpacbti-bet1/bin/../lib/gcc/arm-none-eabi/12.2.0/thumb/v7-m/nofp\libc_nano.a(libc_a-msizer.o)
 .debug_abbrev  0x00004bd9      0x101 d:/coding/stc/12.2 mpacbti-bet1/bin/../lib/gcc/arm-none-eabi/12.2.0/thumb/v7-m/nofp\libm.a(libm_a-w_acos.o)
 .debug_abbrev  0x00004cda       0x8d d:/coding/stc/12.2 mpacbti-bet1/bin/../lib/gcc/arm-none-eabi/12.2.0/thumb/v7-m/nofp\libm.a(libm_a-w_atan2.o)
 .debug_abbrev  0x00004d67       0xd7 d:/coding/stc/12.2 mpacbti-bet1/bin/../lib/gcc/arm-none-eabi/12.2.0/thumb/v7-m/nofp\libm.a(libm_a-w_pow.o)
 .debug_abbrev  0x00004e3e       0xd5 d:/coding/stc/12.2 mpacbti-bet1/bin/../lib/gcc/arm-none-eabi/12.2.0/thumb/v7-m/nofp\libm.a(libm_a-w_sqrt.o)
 .debug_abbrev  0x00004f13      0x18d d:/coding/stc/12.2 mpacbti-bet1/bin/../lib/gcc/arm-none-eabi/12.2.0/thumb/v7-m/nofp\libm.a(libm_a-s_atan.o)
 .debug_abbrev  0x000050a0      0x179 d:/coding/stc/12.2 mpacbti-bet1/bin/../lib/gcc/arm-none-eabi/12.2.0/thumb/v7-m/nofp\libm.a(libm_a-s_cos.o)
 .debug_abbrev  0x00005219       0xd8 d:/coding/stc/12.2 mpacbti-bet1/bin/../lib/gcc/arm-none-eabi/12.2.0/thumb/v7-m/nofp\libm.a(libm_a-s_fabs.o)
 .debug_abbrev  0x000052f1      0x175 d:/coding/stc/12.2 mpacbti-bet1/bin/../lib/gcc/arm-none-eabi/12.2.0/thumb/v7-m/nofp\libm.a(libm_a-s_sin.o)
 .debug_abbrev  0x00005466       0xdc d:/coding/stc/12.2 mpacbti-bet1/bin/../lib/gcc/arm-none-eabi/12.2.0/thumb/v7-m/nofp\libm.a(libm_a-s_finite.o)
 .debug_abbrev  0x00005542       0x7a d:/coding/stc/12.2 mpacbti-bet1/bin/../lib/gcc/arm-none-eabi/12.2.0/thumb/v7-m/nofp\libm.a(libm_a-s_nan.o)
 .debug_abbrev  0x000055bc      0x153 d:/coding/stc/12.2 mpacbti-bet1/bin/../lib/gcc/arm-none-eabi/12.2.0/thumb/v7-m/nofp\libm.a(libm_a-e_sqrt.o)
 .debug_abbrev  0x0000570f      0x134 d:/coding/stc/12.2 mpacbti-bet1/bin/../lib/gcc/arm-none-eabi/12.2.0/thumb/v7-m/nofp\libm.a(libm_a-k_cos.o)
 .debug_abbrev  0x00005843      0x13a d:/coding/stc/12.2 mpacbti-bet1/bin/../lib/gcc/arm-none-eabi/12.2.0/thumb/v7-m/nofp\libm.a(libm_a-k_sin.o)
 .debug_abbrev  0x0000597d      0x16c d:/coding/stc/12.2 mpacbti-bet1/bin/../lib/gcc/arm-none-eabi/12.2.0/thumb/v7-m/nofp\libm.a(libm_a-e_acos.o)
 .debug_abbrev  0x00005ae9      0x178 d:/coding/stc/12.2 mpacbti-bet1/bin/../lib/gcc/arm-none-eabi/12.2.0/thumb/v7-m/nofp\libm.a(libm_a-e_atan2.o)
 .debug_abbrev  0x00005c61      0x283 d:/coding/stc/12.2 mpacbti-bet1/bin/../lib/gcc/arm-none-eabi/12.2.0/thumb/v7-m/nofp\libm.a(libm_a-e_pow.o)
 .debug_abbrev  0x00005ee4      0x1c2 d:/coding/stc/12.2 mpacbti-bet1/bin/../lib/gcc/arm-none-eabi/12.2.0/thumb/v7-m/nofp\libm.a(libm_a-e_rem_pio2.o)
 .debug_abbrev  0x000060a6      0x167 d:/coding/stc/12.2 mpacbti-bet1/bin/../lib/gcc/arm-none-eabi/12.2.0/thumb/v7-m/nofp\libm.a(libm_a-s_scalbn.o)
 .debug_abbrev  0x0000620d      0x164 d:/coding/stc/12.2 mpacbti-bet1/bin/../lib/gcc/arm-none-eabi/12.2.0/thumb/v7-m/nofp\libm.a(libm_a-math_err.o)
 .debug_abbrev  0x00006371      0x184 d:/coding/stc/12.2 mpacbti-bet1/bin/../lib/gcc/arm-none-eabi/12.2.0/thumb/v7-m/nofp\libm.a(libm_a-k_rem_pio2.o)
 .debug_abbrev  0x000064f5      0x12a d:/coding/stc/12.2 mpacbti-bet1/bin/../lib/gcc/arm-none-eabi/12.2.0/thumb/v7-m/nofp\libm.a(libm_a-s_floor.o)
 .debug_abbrev  0x0000661f       0x21 d:/coding/stc/12.2 mpacbti-bet1/bin/../lib/gcc/arm-none-eabi/12.2.0/thumb/v7-m/nofp\libgcc.a(_arm_addsubdf3.o)
 .debug_abbrev  0x00006640       0x21 d:/coding/stc/12.2 mpacbti-bet1/bin/../lib/gcc/arm-none-eabi/12.2.0/thumb/v7-m/nofp\libgcc.a(_arm_muldivdf3.o)
 .debug_abbrev  0x00006661       0x21 d:/coding/stc/12.2 mpacbti-bet1/bin/../lib/gcc/arm-none-eabi/12.2.0/thumb/v7-m/nofp\libgcc.a(_arm_cmpdf2.o)
 .debug_abbrev  0x00006682       0x21 d:/coding/stc/12.2 mpacbti-bet1/bin/../lib/gcc/arm-none-eabi/12.2.0/thumb/v7-m/nofp\libgcc.a(_arm_unorddf2.o)
 .debug_abbrev  0x000066a3       0x21 d:/coding/stc/12.2 mpacbti-bet1/bin/../lib/gcc/arm-none-eabi/12.2.0/thumb/v7-m/nofp\libgcc.a(_arm_fixdfsi.o)
 .debug_abbrev  0x000066c4       0x21 d:/coding/stc/12.2 mpacbti-bet1/bin/../lib/gcc/arm-none-eabi/12.2.0/thumb/v7-m/nofp\libgcc.a(_arm_fixunsdfsi.o)
 .debug_abbrev  0x000066e5      0x15e d:/coding/stc/12.2 mpacbti-bet1/bin/../lib/gcc/arm-none-eabi/12.2.0/thumb/v7-m/nofp\libc_nano.a(libc_a-errno.o)

.debug_loclists
                0x00000000     0xba4b
 .debug_loclists
                0x00000000      0x106 build/syscalls.o
 .debug_loclists
                0x00000106      0x5f5 build/control.o
 .debug_loclists
                0x000006fb       0x17 build/main.o
 .debug_loclists
                0x00000712      0x1fd build/serial.o
 .debug_loclists
                0x0000090f      0x464 build/servo.o
 .debug_loclists
                0x00000d73       0xa5 build/system_stm32f1xx.o
 .debug_loclists
                0x00000e18       0x46 build/tim.o
 .debug_loclists
                0x00000e5e       0x5d build/usart.o
 .debug_loclists
                0x00000ebb       0xc9 build/stm32f1xx_hal.o
 .debug_loclists
                0x00000f84      0x422 build/stm32f1xx_hal_cortex.o
 .debug_loclists
                0x000013a6      0x4c7 build/stm32f1xx_hal_dma.o
 .debug_loclists
                0x0000186d      0x2e8 build/stm32f1xx_hal_gpio.o
 .debug_loclists
                0x00001b55      0x40c build/stm32f1xx_hal_rcc.o
 .debug_loclists
                0x00001f61     0x2ce6 build/stm32f1xx_hal_tim.o
 .debug_loclists
                0x00004c47     0x10e5 build/stm32f1xx_hal_tim_ex.o
 .debug_loclists
                0x00005d2c     0x13ff build/stm32f1xx_hal_uart.o
 .debug_loclists
                0x0000712b      0x237 d:/coding/stc/12.2 mpacbti-bet1/bin/../lib/gcc/arm-none-eabi/12.2.0/thumb/v7-m/nofp\libc_nano.a(libc_a-findfp.o)
 .debug_loclists
                0x00007362       0x89 d:/coding/stc/12.2 mpacbti-bet1/bin/../lib/gcc/arm-none-eabi/12.2.0/thumb/v7-m/nofp\libc_nano.a(libc_a-sprintf.o)
 .debug_loclists
                0x000073eb       0x3b d:/coding/stc/12.2 mpacbti-bet1/bin/../lib/gcc/arm-none-eabi/12.2.0/thumb/v7-m/nofp\libc_nano.a(libc_a-memset.o)
 .debug_loclists
                0x00007426       0x72 d:/coding/stc/12.2 mpacbti-bet1/bin/../lib/gcc/arm-none-eabi/12.2.0/thumb/v7-m/nofp\libc_nano.a(libc_a-reent.o)
 .debug_loclists
                0x00007498       0x34 d:/coding/stc/12.2 mpacbti-bet1/bin/../lib/gcc/arm-none-eabi/12.2.0/thumb/v7-m/nofp\libc_nano.a(libc_a-init.o)
 .debug_loclists
                0x000074cc       0x23 d:/coding/stc/12.2 mpacbti-bet1/bin/../lib/gcc/arm-none-eabi/12.2.0/thumb/v7-m/nofp\libc_nano.a(libc_a-lock.o)
 .debug_loclists
                0x000074ef       0x8f d:/coding/stc/12.2 mpacbti-bet1/bin/../lib/gcc/arm-none-eabi/12.2.0/thumb/v7-m/nofp\libc_nano.a(libc_a-memcpy-stub.o)
 .debug_loclists
                0x0000757e       0xd4 d:/coding/stc/12.2 mpacbti-bet1/bin/../lib/gcc/arm-none-eabi/12.2.0/thumb/v7-m/nofp\libc_nano.a(libc_a-freer.o)
 .debug_loclists
                0x00007652      0x262 d:/coding/stc/12.2 mpacbti-bet1/bin/../lib/gcc/arm-none-eabi/12.2.0/thumb/v7-m/nofp\libc_nano.a(libc_a-mallocr.o)
 .debug_loclists
                0x000078b4       0x3a d:/coding/stc/12.2 mpacbti-bet1/bin/../lib/gcc/arm-none-eabi/12.2.0/thumb/v7-m/nofp\libc_nano.a(libc_a-mlock.o)
 .debug_loclists
                0x000078ee      0x446 d:/coding/stc/12.2 mpacbti-bet1/bin/../lib/gcc/arm-none-eabi/12.2.0/thumb/v7-m/nofp\libc_nano.a(libc_a-nano-svfprintf.o)
 .debug_loclists
                0x00007d34      0x43b d:/coding/stc/12.2 mpacbti-bet1/bin/../lib/gcc/arm-none-eabi/12.2.0/thumb/v7-m/nofp\libc_nano.a(libc_a-nano-vfprintf_i.o)
 .debug_loclists
                0x0000816f      0x119 d:/coding/stc/12.2 mpacbti-bet1/bin/../lib/gcc/arm-none-eabi/12.2.0/thumb/v7-m/nofp\libc_nano.a(libc_a-memmove.o)
 .debug_loclists
                0x00008288       0x4c d:/coding/stc/12.2 mpacbti-bet1/bin/../lib/gcc/arm-none-eabi/12.2.0/thumb/v7-m/nofp\libc_nano.a(libc_a-sbrkr.o)
 .debug_loclists
                0x000082d4       0xbb d:/coding/stc/12.2 mpacbti-bet1/bin/../lib/gcc/arm-none-eabi/12.2.0/thumb/v7-m/nofp\libc_nano.a(libc_a-memchr-stub.o)
 .debug_loclists
                0x0000838f      0x104 d:/coding/stc/12.2 mpacbti-bet1/bin/../lib/gcc/arm-none-eabi/12.2.0/thumb/v7-m/nofp\libc_nano.a(libc_a-reallocr.o)
 .debug_loclists
                0x00008493       0x62 d:/coding/stc/12.2 mpacbti-bet1/bin/../lib/gcc/arm-none-eabi/12.2.0/thumb/v7-m/nofp\libc_nano.a(libc_a-msizer.o)
 .debug_loclists
                0x000084f5       0x3a d:/coding/stc/12.2 mpacbti-bet1/bin/../lib/gcc/arm-none-eabi/12.2.0/thumb/v7-m/nofp\libm.a(libm_a-w_acos.o)
 .debug_loclists
                0x0000852f       0x48 d:/coding/stc/12.2 mpacbti-bet1/bin/../lib/gcc/arm-none-eabi/12.2.0/thumb/v7-m/nofp\libm.a(libm_a-w_atan2.o)
 .debug_loclists
                0x00008577       0x69 d:/coding/stc/12.2 mpacbti-bet1/bin/../lib/gcc/arm-none-eabi/12.2.0/thumb/v7-m/nofp\libm.a(libm_a-w_pow.o)
 .debug_loclists
                0x000085e0       0x3a d:/coding/stc/12.2 mpacbti-bet1/bin/../lib/gcc/arm-none-eabi/12.2.0/thumb/v7-m/nofp\libm.a(libm_a-w_sqrt.o)
 .debug_loclists
                0x0000861a      0x268 d:/coding/stc/12.2 mpacbti-bet1/bin/../lib/gcc/arm-none-eabi/12.2.0/thumb/v7-m/nofp\libm.a(libm_a-s_atan.o)
 .debug_loclists
                0x00008882       0x9f d:/coding/stc/12.2 mpacbti-bet1/bin/../lib/gcc/arm-none-eabi/12.2.0/thumb/v7-m/nofp\libm.a(libm_a-s_cos.o)
 .debug_loclists
                0x00008921       0x1c d:/coding/stc/12.2 mpacbti-bet1/bin/../lib/gcc/arm-none-eabi/12.2.0/thumb/v7-m/nofp\libm.a(libm_a-s_fabs.o)
 .debug_loclists
                0x0000893d       0x9f d:/coding/stc/12.2 mpacbti-bet1/bin/../lib/gcc/arm-none-eabi/12.2.0/thumb/v7-m/nofp\libm.a(libm_a-s_sin.o)
 .debug_loclists
                0x000089dc       0x2a d:/coding/stc/12.2 mpacbti-bet1/bin/../lib/gcc/arm-none-eabi/12.2.0/thumb/v7-m/nofp\libm.a(libm_a-s_finite.o)
 .debug_loclists
                0x00008a06       0x23 d:/coding/stc/12.2 mpacbti-bet1/bin/../lib/gcc/arm-none-eabi/12.2.0/thumb/v7-m/nofp\libm.a(libm_a-s_nan.o)
 .debug_loclists
                0x00008a29      0x409 d:/coding/stc/12.2 mpacbti-bet1/bin/../lib/gcc/arm-none-eabi/12.2.0/thumb/v7-m/nofp\libm.a(libm_a-e_sqrt.o)
 .debug_loclists
                0x00008e32      0x1e1 d:/coding/stc/12.2 mpacbti-bet1/bin/../lib/gcc/arm-none-eabi/12.2.0/thumb/v7-m/nofp\libm.a(libm_a-k_cos.o)
 .debug_loclists
                0x00009013       0xf6 d:/coding/stc/12.2 mpacbti-bet1/bin/../lib/gcc/arm-none-eabi/12.2.0/thumb/v7-m/nofp\libm.a(libm_a-k_sin.o)
 .debug_loclists
                0x00009109      0x5b3 d:/coding/stc/12.2 mpacbti-bet1/bin/../lib/gcc/arm-none-eabi/12.2.0/thumb/v7-m/nofp\libm.a(libm_a-e_acos.o)
 .debug_loclists
                0x000096bc      0x358 d:/coding/stc/12.2 mpacbti-bet1/bin/../lib/gcc/arm-none-eabi/12.2.0/thumb/v7-m/nofp\libm.a(libm_a-e_atan2.o)
 .debug_loclists
                0x00009a14      0xbf0 d:/coding/stc/12.2 mpacbti-bet1/bin/../lib/gcc/arm-none-eabi/12.2.0/thumb/v7-m/nofp\libm.a(libm_a-e_pow.o)
 .debug_loclists
                0x0000a604      0x460 d:/coding/stc/12.2 mpacbti-bet1/bin/../lib/gcc/arm-none-eabi/12.2.0/thumb/v7-m/nofp\libm.a(libm_a-e_rem_pio2.o)
 .debug_loclists
                0x0000aa64      0x16f d:/coding/stc/12.2 mpacbti-bet1/bin/../lib/gcc/arm-none-eabi/12.2.0/thumb/v7-m/nofp\libm.a(libm_a-s_scalbn.o)
 .debug_loclists
                0x0000abd3      0x167 d:/coding/stc/12.2 mpacbti-bet1/bin/../lib/gcc/arm-none-eabi/12.2.0/thumb/v7-m/nofp\libm.a(libm_a-math_err.o)
 .debug_loclists
                0x0000ad3a      0xb64 d:/coding/stc/12.2 mpacbti-bet1/bin/../lib/gcc/arm-none-eabi/12.2.0/thumb/v7-m/nofp\libm.a(libm_a-k_rem_pio2.o)
 .debug_loclists
                0x0000b89e      0x1ad d:/coding/stc/12.2 mpacbti-bet1/bin/../lib/gcc/arm-none-eabi/12.2.0/thumb/v7-m/nofp\libm.a(libm_a-s_floor.o)

.debug_aranges  0x00000000     0x1428
 .debug_aranges
                0x00000000       0x50 build/syscalls.o
 .debug_aranges
                0x00000050       0x28 build/control.o
 .debug_aranges
                0x00000078       0x20 build/gpio.o
 .debug_aranges
                0x00000098       0x30 build/main.o
 .debug_aranges
                0x000000c8       0x30 build/pump.o
 .debug_aranges
                0x000000f8       0x50 build/serial.o
 .debug_aranges
                0x00000148       0x70 build/servo.o
 .debug_aranges
                0x000001b8       0x20 build/stm32f1xx_hal_msp.o
 .debug_aranges
                0x000001d8       0x68 build/stm32f1xx_it.o
 .debug_aranges
                0x00000240       0x28 build/system_stm32f1xx.o
 .debug_aranges
                0x00000268       0x40 build/tim.o
 .debug_aranges
                0x000002a8       0x30 build/usart.o
 .debug_aranges
                0x000002d8       0xe0 build/stm32f1xx_hal.o
 .debug_aranges
                0x000003b8       0xc0 build/stm32f1xx_hal_cortex.o
 .debug_aranges
                0x00000478       0x80 build/stm32f1xx_hal_dma.o
 .debug_aranges
                0x000004f8       0x58 build/stm32f1xx_hal_gpio.o
 .debug_aranges
                0x00000550       0x90 build/stm32f1xx_hal_rcc.o
 .debug_aranges
                0x000005e0      0x3d0 build/stm32f1xx_hal_tim.o
 .debug_aranges
                0x000009b0      0x168 build/stm32f1xx_hal_tim_ex.o
 .debug_aranges
                0x00000b18      0x200 build/stm32f1xx_hal_uart.o
 .debug_aranges
                0x00000d18       0x28 build/startup_stm32f103xb.o
 .debug_aranges
                0x00000d40       0x78 d:/coding/stc/12.2 mpacbti-bet1/bin/../lib/gcc/arm-none-eabi/12.2.0/thumb/v7-m/nofp\libc_nano.a(libc_a-findfp.o)
 .debug_aranges
                0x00000db8       0x28 d:/coding/stc/12.2 mpacbti-bet1/bin/../lib/gcc/arm-none-eabi/12.2.0/thumb/v7-m/nofp\libc_nano.a(libc_a-sprintf.o)
 .debug_aranges
                0x00000de0       0x20 d:/coding/stc/12.2 mpacbti-bet1/bin/../lib/gcc/arm-none-eabi/12.2.0/thumb/v7-m/nofp\libc_nano.a(libc_a-memset.o)
 .debug_aranges
                0x00000e00       0x20 d:/coding/stc/12.2 mpacbti-bet1/bin/../lib/gcc/arm-none-eabi/12.2.0/thumb/v7-m/nofp\libc_nano.a(libc_a-reent.o)
 .debug_aranges
                0x00000e20       0x18 d:/coding/stc/12.2 mpacbti-bet1/bin/../lib/gcc/arm-none-eabi/12.2.0/thumb/v7-m/nofp\libc_nano.a(libc_a-impure.o)
 .debug_aranges
                0x00000e38       0x20 d:/coding/stc/12.2 mpacbti-bet1/bin/../lib/gcc/arm-none-eabi/12.2.0/thumb/v7-m/nofp\libc_nano.a(libc_a-init.o)
 .debug_aranges
                0x00000e58       0x68 d:/coding/stc/12.2 mpacbti-bet1/bin/../lib/gcc/arm-none-eabi/12.2.0/thumb/v7-m/nofp\libc_nano.a(libc_a-lock.o)
 .debug_aranges
                0x00000ec0       0x20 d:/coding/stc/12.2 mpacbti-bet1/bin/../lib/gcc/arm-none-eabi/12.2.0/thumb/v7-m/nofp\libc_nano.a(libc_a-strcmp.o)
 .debug_aranges
                0x00000ee0       0x20 d:/coding/stc/12.2 mpacbti-bet1/bin/../lib/gcc/arm-none-eabi/12.2.0/thumb/v7-m/nofp\libc_nano.a(libc_a-memcpy-stub.o)
 .debug_aranges
                0x00000f00       0x20 d:/coding/stc/12.2 mpacbti-bet1/bin/../lib/gcc/arm-none-eabi/12.2.0/thumb/v7-m/nofp\libc_nano.a(libc_a-freer.o)
 .debug_aranges
                0x00000f20       0x28 d:/coding/stc/12.2 mpacbti-bet1/bin/../lib/gcc/arm-none-eabi/12.2.0/thumb/v7-m/nofp\libc_nano.a(libc_a-mallocr.o)
 .debug_aranges
                0x00000f48       0x28 d:/coding/stc/12.2 mpacbti-bet1/bin/../lib/gcc/arm-none-eabi/12.2.0/thumb/v7-m/nofp\libc_nano.a(libc_a-mlock.o)
 .debug_aranges
                0x00000f70       0x30 d:/coding/stc/12.2 mpacbti-bet1/bin/../lib/gcc/arm-none-eabi/12.2.0/thumb/v7-m/nofp\libc_nano.a(libc_a-nano-svfprintf.o)
 .debug_aranges
                0x00000fa0       0x28 d:/coding/stc/12.2 mpacbti-bet1/bin/../lib/gcc/arm-none-eabi/12.2.0/thumb/v7-m/nofp\libc_nano.a(libc_a-nano-vfprintf_i.o)
 .debug_aranges
                0x00000fc8       0x20 d:/coding/stc/12.2 mpacbti-bet1/bin/../lib/gcc/arm-none-eabi/12.2.0/thumb/v7-m/nofp\libc_nano.a(libc_a-memmove.o)
 .debug_aranges
                0x00000fe8       0x20 d:/coding/stc/12.2 mpacbti-bet1/bin/../lib/gcc/arm-none-eabi/12.2.0/thumb/v7-m/nofp\libc_nano.a(libc_a-sbrkr.o)
 .debug_aranges
                0x00001008       0x20 d:/coding/stc/12.2 mpacbti-bet1/bin/../lib/gcc/arm-none-eabi/12.2.0/thumb/v7-m/nofp\libc_nano.a(libc_a-memchr-stub.o)
 .debug_aranges
                0x00001028       0x20 d:/coding/stc/12.2 mpacbti-bet1/bin/../lib/gcc/arm-none-eabi/12.2.0/thumb/v7-m/nofp\libc_nano.a(libc_a-reallocr.o)
 .debug_aranges
                0x00001048       0x20 d:/coding/stc/12.2 mpacbti-bet1/bin/../lib/gcc/arm-none-eabi/12.2.0/thumb/v7-m/nofp\libc_nano.a(libc_a-msizer.o)
 .debug_aranges
                0x00001068       0x20 d:/coding/stc/12.2 mpacbti-bet1/bin/../lib/gcc/arm-none-eabi/12.2.0/thumb/v7-m/nofp\libm.a(libm_a-w_acos.o)
 .debug_aranges
                0x00001088       0x20 d:/coding/stc/12.2 mpacbti-bet1/bin/../lib/gcc/arm-none-eabi/12.2.0/thumb/v7-m/nofp\libm.a(libm_a-w_atan2.o)
 .debug_aranges
                0x000010a8       0x20 d:/coding/stc/12.2 mpacbti-bet1/bin/../lib/gcc/arm-none-eabi/12.2.0/thumb/v7-m/nofp\libm.a(libm_a-w_pow.o)
 .debug_aranges
                0x000010c8       0x20 d:/coding/stc/12.2 mpacbti-bet1/bin/../lib/gcc/arm-none-eabi/12.2.0/thumb/v7-m/nofp\libm.a(libm_a-w_sqrt.o)
 .debug_aranges
                0x000010e8       0x20 d:/coding/stc/12.2 mpacbti-bet1/bin/../lib/gcc/arm-none-eabi/12.2.0/thumb/v7-m/nofp\libm.a(libm_a-s_atan.o)
 .debug_aranges
                0x00001108       0x20 d:/coding/stc/12.2 mpacbti-bet1/bin/../lib/gcc/arm-none-eabi/12.2.0/thumb/v7-m/nofp\libm.a(libm_a-s_cos.o)
 .debug_aranges
                0x00001128       0x20 d:/coding/stc/12.2 mpacbti-bet1/bin/../lib/gcc/arm-none-eabi/12.2.0/thumb/v7-m/nofp\libm.a(libm_a-s_fabs.o)
 .debug_aranges
                0x00001148       0x20 d:/coding/stc/12.2 mpacbti-bet1/bin/../lib/gcc/arm-none-eabi/12.2.0/thumb/v7-m/nofp\libm.a(libm_a-s_sin.o)
 .debug_aranges
                0x00001168       0x20 d:/coding/stc/12.2 mpacbti-bet1/bin/../lib/gcc/arm-none-eabi/12.2.0/thumb/v7-m/nofp\libm.a(libm_a-s_finite.o)
 .debug_aranges
                0x00001188       0x20 d:/coding/stc/12.2 mpacbti-bet1/bin/../lib/gcc/arm-none-eabi/12.2.0/thumb/v7-m/nofp\libm.a(libm_a-s_nan.o)
 .debug_aranges
                0x000011a8       0x20 d:/coding/stc/12.2 mpacbti-bet1/bin/../lib/gcc/arm-none-eabi/12.2.0/thumb/v7-m/nofp\libm.a(libm_a-e_sqrt.o)
 .debug_aranges
                0x000011c8       0x20 d:/coding/stc/12.2 mpacbti-bet1/bin/../lib/gcc/arm-none-eabi/12.2.0/thumb/v7-m/nofp\libm.a(libm_a-k_cos.o)
 .debug_aranges
                0x000011e8       0x20 d:/coding/stc/12.2 mpacbti-bet1/bin/../lib/gcc/arm-none-eabi/12.2.0/thumb/v7-m/nofp\libm.a(libm_a-k_sin.o)
 .debug_aranges
                0x00001208       0x20 d:/coding/stc/12.2 mpacbti-bet1/bin/../lib/gcc/arm-none-eabi/12.2.0/thumb/v7-m/nofp\libm.a(libm_a-e_acos.o)
 .debug_aranges
                0x00001228       0x20 d:/coding/stc/12.2 mpacbti-bet1/bin/../lib/gcc/arm-none-eabi/12.2.0/thumb/v7-m/nofp\libm.a(libm_a-e_atan2.o)
 .debug_aranges
                0x00001248       0x20 d:/coding/stc/12.2 mpacbti-bet1/bin/../lib/gcc/arm-none-eabi/12.2.0/thumb/v7-m/nofp\libm.a(libm_a-e_pow.o)
 .debug_aranges
                0x00001268       0x20 d:/coding/stc/12.2 mpacbti-bet1/bin/../lib/gcc/arm-none-eabi/12.2.0/thumb/v7-m/nofp\libm.a(libm_a-e_rem_pio2.o)
 .debug_aranges
                0x00001288       0x20 d:/coding/stc/12.2 mpacbti-bet1/bin/../lib/gcc/arm-none-eabi/12.2.0/thumb/v7-m/nofp\libm.a(libm_a-s_scalbn.o)
 .debug_aranges
                0x000012a8       0x60 d:/coding/stc/12.2 mpacbti-bet1/bin/../lib/gcc/arm-none-eabi/12.2.0/thumb/v7-m/nofp\libm.a(libm_a-math_err.o)
 .debug_aranges
                0x00001308       0x20 d:/coding/stc/12.2 mpacbti-bet1/bin/../lib/gcc/arm-none-eabi/12.2.0/thumb/v7-m/nofp\libm.a(libm_a-k_rem_pio2.o)
 .debug_aranges
                0x00001328       0x20 d:/coding/stc/12.2 mpacbti-bet1/bin/../lib/gcc/arm-none-eabi/12.2.0/thumb/v7-m/nofp\libm.a(libm_a-s_floor.o)
 .debug_aranges
                0x00001348       0x20 d:/coding/stc/12.2 mpacbti-bet1/bin/../lib/gcc/arm-none-eabi/12.2.0/thumb/v7-m/nofp\libgcc.a(_arm_addsubdf3.o)
 .debug_aranges
                0x00001368       0x20 d:/coding/stc/12.2 mpacbti-bet1/bin/../lib/gcc/arm-none-eabi/12.2.0/thumb/v7-m/nofp\libgcc.a(_arm_muldivdf3.o)
 .debug_aranges
                0x00001388       0x20 d:/coding/stc/12.2 mpacbti-bet1/bin/../lib/gcc/arm-none-eabi/12.2.0/thumb/v7-m/nofp\libgcc.a(_arm_cmpdf2.o)
 .debug_aranges