Archive member included to satisfy reference by file (symbol)

d:/coding/stc/12.2 mpacbti-bet1/bin/../lib/gcc/arm-none-eabi/12.2.0/thumb/v7-m/nofp\libc_nano.a(libc_a-exit.o)
                              d:/coding/stc/12.2 mpacbti-bet1/bin/../lib/gcc/arm-none-eabi/12.2.0/thumb/v7-m/nofp/crt0.o (exit)
d:/coding/stc/12.2 mpacbti-bet1/bin/../lib/gcc/arm-none-eabi/12.2.0/thumb/v7-m/nofp\libc_nano.a(libc_a-findfp.o)
                              d:/coding/stc/12.2 mpacbti-bet1/bin/../lib/gcc/arm-none-eabi/12.2.0/thumb/v7-m/nofp\libc_nano.a(libc_a-exit.o) (__stdio_exit_handler)
d:/coding/stc/12.2 mpacbti-bet1/bin/../lib/gcc/arm-none-eabi/12.2.0/thumb/v7-m/nofp\libc_nano.a(libc_a-fwalk.o)
                              d:/coding/stc/12.2 mpacbti-bet1/bin/../lib/gcc/arm-none-eabi/12.2.0/thumb/v7-m/nofp\libc_nano.a(libc_a-findfp.o) (_fwalk_sglue)
d:/coding/stc/12.2 mpacbti-bet1/bin/../lib/gcc/arm-none-eabi/12.2.0/thumb/v7-m/nofp\libc_nano.a(libc_a-printf.o)
                              build/control.o (printf)
d:/coding/stc/12.2 mpacbti-bet1/bin/../lib/gcc/arm-none-eabi/12.2.0/thumb/v7-m/nofp\libc_nano.a(libc_a-puts.o)
                              build/control.o (puts)
d:/coding/stc/12.2 mpacbti-bet1/bin/../lib/gcc/arm-none-eabi/12.2.0/thumb/v7-m/nofp\libc_nano.a(libc_a-stdio.o)
                              d:/coding/stc/12.2 mpacbti-bet1/bin/../lib/gcc/arm-none-eabi/12.2.0/thumb/v7-m/nofp\libc_nano.a(libc_a-findfp.o) (__sread)
d:/coding/stc/12.2 mpacbti-bet1/bin/../lib/gcc/arm-none-eabi/12.2.0/thumb/v7-m/nofp\libc_nano.a(libc_a-wbuf.o)
                              d:/coding/stc/12.2 mpacbti-bet1/bin/../lib/gcc/arm-none-eabi/12.2.0/thumb/v7-m/nofp\libc_nano.a(libc_a-puts.o) (__swbuf_r)
d:/coding/stc/12.2 mpacbti-bet1/bin/../lib/gcc/arm-none-eabi/12.2.0/thumb/v7-m/nofp\libc_nano.a(libc_a-wsetup.o)
                              d:/coding/stc/12.2 mpacbti-bet1/bin/../lib/gcc/arm-none-eabi/12.2.0/thumb/v7-m/nofp\libc_nano.a(libc_a-puts.o) (__swsetup_r)
d:/coding/stc/12.2 mpacbti-bet1/bin/../lib/gcc/arm-none-eabi/12.2.0/thumb/v7-m/nofp\libc_nano.a(libc_a-memset.o)
                              d:/coding/stc/12.2 mpacbti-bet1/bin/../lib/gcc/arm-none-eabi/12.2.0/thumb/v7-m/nofp/crt0.o (memset)
d:/coding/stc/12.2 mpacbti-bet1/bin/../lib/gcc/arm-none-eabi/12.2.0/thumb/v7-m/nofp\libc_nano.a(libc_a-closer.o)
                              d:/coding/stc/12.2 mpacbti-bet1/bin/../lib/gcc/arm-none-eabi/12.2.0/thumb/v7-m/nofp\libc_nano.a(libc_a-stdio.o) (_close_r)
d:/coding/stc/12.2 mpacbti-bet1/bin/../lib/gcc/arm-none-eabi/12.2.0/thumb/v7-m/nofp\libc_nano.a(libc_a-reent.o)
                              d:/coding/stc/12.2 mpacbti-bet1/bin/../lib/gcc/arm-none-eabi/12.2.0/thumb/v7-m/nofp\libc_nano.a(libc_a-closer.o) (errno)
d:/coding/stc/12.2 mpacbti-bet1/bin/../lib/gcc/arm-none-eabi/12.2.0/thumb/v7-m/nofp\libc_nano.a(libc_a-impure.o)
                              d:/coding/stc/12.2 mpacbti-bet1/bin/../lib/gcc/arm-none-eabi/12.2.0/thumb/v7-m/nofp\libc_nano.a(libc_a-printf.o) (_impure_ptr)
d:/coding/stc/12.2 mpacbti-bet1/bin/../lib/gcc/arm-none-eabi/12.2.0/thumb/v7-m/nofp\libc_nano.a(libc_a-lseekr.o)
                              d:/coding/stc/12.2 mpacbti-bet1/bin/../lib/gcc/arm-none-eabi/12.2.0/thumb/v7-m/nofp\libc_nano.a(libc_a-stdio.o) (_lseek_r)
d:/coding/stc/12.2 mpacbti-bet1/bin/../lib/gcc/arm-none-eabi/12.2.0/thumb/v7-m/nofp\libc_nano.a(libc_a-readr.o)
                              d:/coding/stc/12.2 mpacbti-bet1/bin/../lib/gcc/arm-none-eabi/12.2.0/thumb/v7-m/nofp\libc_nano.a(libc_a-stdio.o) (_read_r)
d:/coding/stc/12.2 mpacbti-bet1/bin/../lib/gcc/arm-none-eabi/12.2.0/thumb/v7-m/nofp\libc_nano.a(libc_a-writer.o)
                              d:/coding/stc/12.2 mpacbti-bet1/bin/../lib/gcc/arm-none-eabi/12.2.0/thumb/v7-m/nofp\libc_nano.a(libc_a-stdio.o) (_write_r)
d:/coding/stc/12.2 mpacbti-bet1/bin/../lib/gcc/arm-none-eabi/12.2.0/thumb/v7-m/nofp\libc_nano.a(libc_a-init.o)
                              d:/coding/stc/12.2 mpacbti-bet1/bin/../lib/gcc/arm-none-eabi/12.2.0/thumb/v7-m/nofp/crt0.o (__libc_init_array)
d:/coding/stc/12.2 mpacbti-bet1/bin/../lib/gcc/arm-none-eabi/12.2.0/thumb/v7-m/nofp\libc_nano.a(libc_a-lock.o)
                              d:/coding/stc/12.2 mpacbti-bet1/bin/../lib/gcc/arm-none-eabi/12.2.0/thumb/v7-m/nofp\libc_nano.a(libc_a-findfp.o) (__retarget_lock_init_recursive)
d:/coding/stc/12.2 mpacbti-bet1/bin/../lib/gcc/arm-none-eabi/12.2.0/thumb/v7-m/nofp\libc_nano.a(libc_a-strcmp.o)
                              build/control.o (strcmp)
d:/coding/stc/12.2 mpacbti-bet1/bin/../lib/gcc/arm-none-eabi/12.2.0/thumb/v7-m/nofp\libc_nano.a(libc_a-memcpy-stub.o)
                              build/serial.o (memcpy)
d:/coding/stc/12.2 mpacbti-bet1/bin/../lib/gcc/arm-none-eabi/12.2.0/thumb/v7-m/nofp\libc_nano.a(libc_a-freer.o)
                              d:/coding/stc/12.2 mpacbti-bet1/bin/../lib/gcc/arm-none-eabi/12.2.0/thumb/v7-m/nofp\libc_nano.a(libc_a-wsetup.o) (_free_r)
[...]
Memory Configuration

Name             Origin             Length             Attributes
RAM              0x20000000         0x00005000         xrw
FLASH            0x08000000         0x00010000         xr
*default*        0x00000000         0xffffffff

Linker script and memory map

LOAD d:/coding/stc/12.2 mpacbti-bet1/bin/../lib/gcc/arm-none-eabi/12.2.0/thumb/v7-m/nofp/crti.o
LOAD d:/coding/stc/12.2 mpacbti-bet1/bin/../lib/gcc/arm-none-eabi/12.2.0/thumb/v7-m/nofp/crtbegin.o
LOAD d:/coding/stc/12.2 mpacbti-bet1/bin/../lib/gcc/arm-none-eabi/12.2.0/thumb/v7-m/nofp/crt0.o
LOAD build/syscalls.o
LOAD build/control.o
LOAD build/gpio.o
LOAD build/main.o
LOAD build/pump.o
LOAD build/serial.o
LOAD build/servo.o
LOAD build/stm32f1xx_hal_msp.o
LOAD build/stm32f1xx_it.o
LOAD build/system_stm32f1xx.o
LOAD build/tim.o
LOAD build/usart.o
LOAD build/stm32f1xx_hal.o
LOAD build/stm32f1xx_hal_cortex.o
LOAD build/stm32f1xx_hal_dma.o
LOAD build/stm32f1xx_hal_exti.o
LOAD build/stm32f1xx_hal_flash.o
LOAD build/stm32f1xx_hal_flash_ex.o
LOAD build/stm32f1xx_hal_gpio.o
LOAD build/stm32f1xx_hal_gpio_ex.o
LOAD build/stm32f1xx_hal_pwr.o
LOAD build/stm32f1xx_hal_rcc.o
LOAD build/stm32f1xx_hal_rcc_ex.o
LOAD build/stm32f1xx_hal_tim.o
LOAD build/stm32f1xx_hal_tim_ex.o
LOAD build/stm32f1xx_hal_uart.o
LOAD build/startup_stm32f103xb.o
LOAD d:/coding/stc/12.2 mpacbti-bet1/bin/../lib/gcc/arm-none-eabi/12.2.0/thumb/v7-m/nofp\libc_nano.a
LOAD d:/coding/stc/12.2 mpacbti-bet1/bin/../lib/gcc/arm-none-eabi/12.2.0/thumb/v7-m/nofp\libm.a
LOAD d:/coding/stc/12.2 mpacbti-bet1/bin/../lib/gcc/arm-none-eabi/12.2.0/thumb/v7-m/nofp\libnosys.a
START GROUP
LOAD d:/coding/stc/12.2 mpacbti-bet1/bin/../lib/gcc/arm-none-eabi/12.2.0/thumb/v7-m/nofp\libgcc.a
LOAD d:/coding/stc/12.2 mpacbti-bet1/bin/../lib/gcc/arm-none-eabi/12.2.0/thumb/v7-m/nofp\libc_nano.a
END GROUP
START GROUP
LOAD d:/coding/stc/12.2 mpacbti-bet1/bin/../lib/gcc/arm-none-eabi/12.2.0/thumb/v7-m/nofp\libgcc.a
LOAD d:/coding/stc/12.2 mpacbti-bet1/bin/../lib/gcc/arm-none-eabi/12.2.0/thumb/v7-m/nofp\libc_nano.a
END GROUP
LOAD d:/coding/stc/12.2 mpacbti-bet1/bin/../lib/gcc/arm-none-eabi/12.2.0/thumb/v7-m/nofp/crtend.o
LOAD d:/coding/stc/12.2 mpacbti-bet1/bin/../lib/gcc/arm-none-eabi/12.2.0/thumb/v7-m/nofp/crtn.o
                0x20005000                        _estack = (ORIGIN (RAM) + LENGTH (RAM))
                0x00000200                        _Min_Heap_Size = 0x200
                0x00000400                        _Min_Stack_Size = 0x400

.isr_vector     0x08000000      0x10c
                0x08000000                        . = ALIGN (0x4)
 *(.isr_vector)
 .isr_vector    0x08000000      0x10c build/startup_stm32f103xb.o
                0x08000000                g_pfnVectors
                0x0800010c                        . = ALIGN (0x4)

.text           0x08000110     0x9180
                0x08000110                        . = ALIGN (0x4)
 *(.text)
 .text          0x08000110       0x14 d:/coding/stc/12.2 mpacbti-bet1/bin/../lib/gcc/arm-none-eabi/12.2.0/thumb/v7-m/nofp\libc_nano.a(libc_a-strcmp.o)
                0x08000110                strcmp
 .text          0x08000124      0x378 d:/coding/stc/12.2 mpacbti-bet1/bin/../lib/gcc/arm-none-eabi/12.2.0/thumb/v7-m/nofp\libgcc.a(_arm_addsubdf3.o)
                0x08000124                __aeabi_drsub
                0x0800012c                __aeabi_dsub
                0x0800012c                __subdf3
                0x08000130                __aeabi_dadd
                0x08000130                __adddf3
                0x080003a8                __floatunsidf
                0x080003a8                __aeabi_ui2d
                0x080003c8                __floatsidf
                0x080003c8                __aeabi_i2d
                0x080003ec                __aeabi_f2d
                0x080003ec                __extendsfdf2
                0x08000430                __floatundidf
                0x08000430                __aeabi_ul2d
                0x08000440                __floatdidf
                0x08000440                __aeabi_l2d
 .text          0x0800049c      0x424 d:/coding/stc/12.2 mpacbti-bet1/bin/../lib/gcc/arm-none-eabi/12.2.0/thumb/v7-m/nofp\libgcc.a(_arm_muldivdf3.o)
                0x0800049c                __aeabi_dmul
                0x0800049c                __muldf3
                0x080006f0                __divdf3
                0x080006f0                __aeabi_ddiv
 .text          0x080008c0      0x110 d:/coding/stc/12.2 mpacbti-bet1/bin/../lib/gcc/arm-none-eabi/12.2.0/thumb/v7-m/nofp\libgcc.a(_arm_cmpdf2.o)
                0x080008c0                __gtdf2
                0x080008c0                __gedf2
                0x080008c8                __ltdf2
                0x080008c8                __ledf2
                0x080008d0                __nedf2
                0x080008d0                __eqdf2
                0x080008d0                __cmpdf2
                0x0800094c                __aeabi_cdrcmple
                0x0800095c                __aeabi_cdcmpeq
                0x0800095c                __aeabi_cdcmple
                0x0800096c                __aeabi_dcmpeq
                0x08000980                __aeabi_dcmplt
                0x08000994                __aeabi_dcmple
                0x080009a8                __aeabi_dcmpge
                0x080009bc                __aeabi_dcmpgt
 .text          0x080009d0       0x2c d:/coding/stc/12.2 mpacbti-bet1/bin/../lib/gcc/arm-none-eabi/12.2.0/thumb/v7-m/nofp\libgcc.a(_arm_unorddf2.o)
                0x080009d0                __unorddf2
                0x080009d0                __aeabi_dcmpun
 .text          0x080009fc       0x50 d:/coding/stc/12.2 mpacbti-bet1/bin/../lib/gcc/arm-none-eabi/12.2.0/thumb/v7-m/nofp\libgcc.a(_arm_fixdfsi.o)
                0x080009fc                __aeabi_d2iz
                0x080009fc                __fixdfsi
 .text          0x08000a4c       0x40 d:/coding/stc/12.2 mpacbti-bet1/bin/../lib/gcc/arm-none-eabi/12.2.0/thumb/v7-m/nofp\libgcc.a(_arm_fixunsdfsi.o)
                0x08000a4c                __aeabi_d2uiz
                0x08000a4c                __fixunsdfsi
 .text          0x08000a8c      0x1ac d:/coding/stc/12.2 mpacbti-bet1/bin/../lib/gcc/arm-none-eabi/12.2.0/thumb/v7-m/nofp\libgcc.a(libunwind.o)
                0x08000a8c                __restore_core_regs
                0x08000a8c                restore_core_regs
                0x08000aa4                __gnu_Unwind_Restore_VFP
                0x08000aac                __gnu_Unwind_Save_VFP
                0x08000ab4                __gnu_Unwind_Restore_VFP_D
                0x08000abc                __gnu_Unwind_Save_VFP_D
                0x08000ac4                __gnu_Unwind_Restore_VFP_D_16_to_31
                0x08000acc                __gnu_Unwind_Save_VFP_D_16_to_31
                0x08000ad4                __gnu_Unwind_Restore_WMMXD
                0x08000b18                __gnu_Unwind_Save_WMMXD
                0x08000b5c                __gnu_Unwind_Restore_WMMXC
                0x08000b70                __gnu_Unwind_Save_WMMXC
                0x08000b84                ___Unwind_RaiseException
                0x08000b84                _Unwind_RaiseException
                0x08000ba8                _Unwind_Resume
                0x08000ba8                ___Unwind_Resume
                0x08000bcc                _Unwind_Resume_or_Rethrow
                0x08000bcc                ___Unwind_Resume_or_Rethrow
                0x08000bf0                _Unwind_ForcedUnwind
                0x08000bf0                ___Unwind_ForcedUnwind
                0x08000c14                ___Unwind_Backtrace
                0x08000c14                _Unwind_Backtrace
 *(.text*)
 .text.deregister_tm_clones
                0x08000c38       0x1c d:/coding/stc/12.2 mpacbti-bet1/bin/../lib/gcc/arm-none-eabi/12.2.0/thumb/v7-m/nofp/crtbegin.o
 .text.register_tm_clones
                0x08000c54       0x24 d:/coding/stc/12.2 mpacbti-bet1/bin/../lib/gcc/arm-none-eabi/12.2.0/thumb/v7-m/nofp/crtbegin.o
 .text.__do_global_dtors_aux
                0x08000c78       0x28 d:/coding/stc/12.2 mpacbti-bet1/bin/../lib/gcc/arm-none-eabi/12.2.0/thumb/v7-m/nofp/crtbegin.o
 .text.frame_dummy
                0x08000ca0       0x24 d:/coding/stc/12.2 mpacbti-bet1/bin/../lib/gcc/arm-none-eabi/12.2.0/thumb/v7-m/nofp/crtbegin.o
 .text._fstat   0x08000cc4        0xa build/syscalls.o
                0x08000cc4                _fstat
 .text._close   0x08000cce        0x6 build/syscalls.o
                0x08000cce                _close
 .text._write   0x08000cd4       0x18 build/syscalls.o
                0x08000cd4                _write
 .text._isatty  0x08000cec        0x4 build/syscalls.o
                0x08000cec                _isatty
 .text._lseek   0x08000cf0        0x6 build/syscalls.o
                0x08000cf0                _lseek
 *fill*         0x08000cf6        0x2 
 .text._read    0x08000cf8       0x18 build/syscalls.o
                0x08000cf8                _read
 .text._sbrk    0x08000d10       0x30 build/syscalls.o
                0x08000d10                _sbrk
 .text.m_atof   0x08000d40      0x118 build/control.o
                0x08000d40                m_atof
 .text.parexc   0x08000e58      0xa00 build/control.o
                0x08000e58                parexc
 .text.MX_GPIO_Init
                0x08001858       0x74 build/gpio.o
                0x08001858                MX_GPIO_Init
 .text.Error_Handler
                0x080018cc        0x4 build/main.o
                0x080018cc                Error_Handler
 .text.SystemClock_Config
                0x080018d0       0x64 build/main.o
                0x080018d0                SystemClock_Config
 .text.main     0x08001934       0xd4 build/main.o
                0x08001934                main
 .text.pump_on  0x08001a08       0x28 build/pump.o
                0x08001a08                pump_on
 .text.pump_off
                0x08001a30       0x28 build/pump.o
                0x08001a30                pump_off
 .text.pump_status
                0x08001a58        0xc build/pump.o
                0x08001a58                pump_status
 .text.HAL_UART_RxCpltCallback
                0x08001a64       0x50 build/serial.o
                0x08001a64                HAL_UART_RxCpltCallback
 .text.readStr  0x08001ab4       0x5c build/serial.o
                0x08001ab4                readStr
 .text.UART_available
                0x08001b10        0xc build/serial.o
                0x08001b10                UART_available
 *fill*         0x08001b1c        0x4 
 .text.print_float
                0x08001b20      0x164 build/serial.o
                0x08001b20                print_float
 .text.print_info
                0x08001c84       0x54 build/serial.o
                0x08001c84                print_info
 .text.a2a      0x08001cd8       0xcc build/servo.o
                0x08001cd8                a2a
 *fill*         0x08001da4        0x4 
 .text.angleCheck
                0x08001da8       0xe0 build/servo.o
                0x08001da8                angleCheck
 .text.pointToAngle
                0x08001e88      0x1cc build/servo.o
                0x08001e88                pointToAngle
 .text.pointCheck
                0x08002054       0x3c build/servo.o
                0x08002054                pointCheck
 .text.angleToPoint
                0x08002090      0x184 build/servo.o
                0x08002090                angleToPoint
 .text.movea    0x08002214       0xf8 build/servo.o
                0x08002214                movea
 .text.movea_s  0x0800230c      0x194 build/servo.o
                0x0800230c                movea_s
 .text.quintic_polynomial
                0x080024a0      0x4dc build/servo.o
                0x080024a0                quintic_polynomial
 .text.move     0x0800297c       0xac build/servo.o
                0x0800297c                move
 .text.bezier   0x08002a28      0x4bc build/servo.o
                0x08002a28                bezier
 .text.curve    0x08002ee4       0xdc build/servo.o
                0x08002ee4                curve
 .text.HAL_MspInit
                0x08002fc0       0x30 build/stm32f1xx_hal_msp.o
                0x08002fc0                HAL_MspInit
 .text.NMI_Handler
                0x08002ff0        0x2 build/stm32f1xx_it.o
                0x08002ff0                NMI_Handler
 .text.HardFault_Handler
                0x08002ff2        0x2 build/stm32f1xx_it.o
                0x08002ff2                HardFault_Handler
 .text.MemManage_Handler
                0x08002ff4        0x2 build/stm32f1xx_it.o
                0x08002ff4                MemManage_Handler
 .text.BusFault_Handler
                0x08002ff6        0x2 build/stm32f1xx_it.o
                0x08002ff6                BusFault_Handler
 .text.UsageFault_Handler
                0x08002ff8        0x2 build/stm32f1xx_it.o
                0x08002ff8                UsageFault_Handler
 .text.SVC_Handler
                0x08002ffa        0x2 build/stm32f1xx_it.o
                0x08002ffa                SVC_Handler
 .text.DebugMon_Handler
                0x08002ffc        0x2 build/stm32f1xx_it.o
                0x08002ffc                DebugMon_Handler
 .text.PendSV_Handler
                0x08002ffe        0x2 build/stm32f1xx_it.o
                0x08002ffe                PendSV_Handler
 .text.SysTick_Handler
                0x08003000        0x8 build/stm32f1xx_it.o
                0x08003000                SysTick_Handler
 .text.USART2_IRQHandler
                0x08003008       0x10 build/stm32f1xx_it.o
                0x08003008                USART2_IRQHandler
 .text.SystemInit
                0x08003018        0x2 build/system_stm32f1xx.o
                0x08003018                SystemInit
 *fill*         0x0800301a        0x2 
 .text.HAL_TIM_PWM_MspInit
                0x0800301c       0x4c build/tim.o
                0x0800301c                HAL_TIM_PWM_MspInit
 .text.HAL_TIM_MspPostInit
                0x08003068       0x88 build/tim.o
                0x08003068                HAL_TIM_MspPostInit
 .text.MX_TIM1_Init
                0x080030f0       0xcc build/tim.o
                0x080030f0                MX_TIM1_Init
 .text.MX_TIM4_Init
                0x080031bc       0x80 build/tim.o
                0x080031bc                MX_TIM4_Init
 .text.MX_USART2_UART_Init
                0x0800323c       0x34 build/usart.o
                0x0800323c                MX_USART2_UART_Init
 .text.HAL_UART_MspInit
                0x08003270       0x88 build/usart.o
                0x08003270                HAL_UART_MspInit
 .text.HAL_InitTick
                0x080032f8       0x4c build/stm32f1xx_hal.o
                0x080032f8                HAL_InitTick
 .text.HAL_Init
                0x08003344       0x24 build/stm32f1xx_hal.o
                0x08003344                HAL_Init
 .text.HAL_IncTick
                0x08003368       0x18 build/stm32f1xx_hal.o
                0x08003368                HAL_IncTick
 .text.HAL_GetTick
                0x08003380        0xc build/stm32f1xx_hal.o
                0x08003380                HAL_GetTick
 .text.HAL_Delay
                0x0800338c       0x28 build/stm32f1xx_hal.o
                0x0800338c                HAL_Delay
 .text.__NVIC_SetPriority
                0x080033b4       0x28 build/stm32f1xx_hal_cortex.o
 .text.NVIC_EncodePriority
                0x080033dc       0x3e build/stm32f1xx_hal_cortex.o
 *fill*         0x0800341a        0x2 
 .text.HAL_NVIC_SetPriorityGrouping
                0x0800341c       0x24 build/stm32f1xx_hal_cortex.o
                0x0800341c                HAL_NVIC_SetPriorityGrouping
 .text.HAL_NVIC_SetPriority
                0x08003440       0x20 build/stm32f1xx_hal_cortex.o
                0x08003440                HAL_NVIC_SetPriority
 .text.HAL_NVIC_EnableIRQ
                0x08003460       0x1c build/stm32f1xx_hal_cortex.o
                0x08003460                HAL_NVIC_EnableIRQ
 .text.HAL_SYSTICK_Config
                0x0800347c       0x28 build/stm32f1xx_hal_cortex.o
                0x0800347c                HAL_SYSTICK_Config
 .text.HAL_DMA_Abort
                0x080034a4       0x44 build/stm32f1xx_hal_dma.o
                0x080034a4                HAL_DMA_Abort
 .text.HAL_DMA_Abort_IT
                0x080034e8       0x98 build/stm32f1xx_hal_dma.o
                0x080034e8                HAL_DMA_Abort_IT
 .text.HAL_GPIO_Init
                0x08003580      0x21c build/stm32f1xx_hal_gpio.o
                0x08003580                HAL_GPIO_Init
 .text.HAL_GPIO_WritePin
                0x0800379c        0xc build/stm32f1xx_hal_gpio.o
                0x0800379c                HAL_GPIO_WritePin
 .text.RCC_Delay
                0x080037a8       0x2c build/stm32f1xx_hal_rcc.o
 .text.HAL_RCC_OscConfig
                0x080037d4      0x410 build/stm32f1xx_hal_rcc.o
                0x080037d4                HAL_RCC_OscConfig
 .text.HAL_RCC_GetSysClockFreq
                0x08003be4       0x70 build/stm32f1xx_hal_rcc.o
                0x08003be4                HAL_RCC_GetSysClockFreq
 .text.HAL_RCC_ClockConfig
                0x08003c54      0x16c build/stm32f1xx_hal_rcc.o
                0x08003c54                HAL_RCC_ClockConfig
 .text.HAL_RCC_GetHCLKFreq
                0x08003dc0        0xc build/stm32f1xx_hal_rcc.o
                0x08003dc0                HAL_RCC_GetHCLKFreq
 .text.HAL_RCC_GetPCLK1Freq
                0x08003dcc       0x20 build/stm32f1xx_hal_rcc.o
                0x08003dcc                HAL_RCC_GetPCLK1Freq
 .text.HAL_RCC_GetPCLK2Freq
                0x08003dec       0x20 build/stm32f1xx_hal_rcc.o
                0x08003dec                HAL_RCC_GetPCLK2Freq
 .text.TIM_OC1_SetConfig
                0x08003e0c       0x54 build/stm32f1xx_hal_tim.o
 .text.TIM_OC3_SetConfig
                0x08003e60       0x5c build/stm32f1xx_hal_tim.o
 .text.TIM_OC4_SetConfig
                0x08003ebc       0x48 build/stm32f1xx_hal_tim.o
 .text.TIM_Base_SetConfig
                0x08003f04       0x74 build/stm32f1xx_hal_tim.o
                0x08003f04                TIM_Base_SetConfig
 .text.HAL_TIM_PWM_Init
                0x08003f78       0x58 build/stm32f1xx_hal_tim.o
                0x08003f78                HAL_TIM_PWM_Init
 .text.TIM_OC2_SetConfig
                0x08003fd0       0x5c build/stm32f1xx_hal_tim.o
                0x08003fd0                TIM_OC2_SetConfig
 .text.HAL_TIM_PWM_ConfigChannel
                0x0800402c       0xd0 build/stm32f1xx_hal_tim.o
                0x0800402c                HAL_TIM_PWM_ConfigChannel
 .text.TIM_CCxChannelCmd
                0x080040fc       0x1e build/stm32f1xx_hal_tim.o
                0x080040fc                TIM_CCxChannelCmd
 *fill*         0x0800411a        0x2 
 .text.HAL_TIM_PWM_Start
                0x0800411c       0xdc build/stm32f1xx_hal_tim.o
                0x0800411c                HAL_TIM_PWM_Start
 .text.HAL_TIMEx_MasterConfigSynchronization
                0x080041f8       0x6c build/stm32f1xx_hal_tim_ex.o
                0x080041f8                HAL_TIMEx_MasterConfigSynchronization
 .text.HAL_TIMEx_ConfigBreakDeadTime
                0x08004264       0x52 build/stm32f1xx_hal_tim_ex.o
                0x08004264                HAL_TIMEx_ConfigBreakDeadTime
 .text.UART_EndRxTransfer
                0x080042b6       0x32 build/stm32f1xx_hal_uart.o
 .text.UART_Transmit_IT
                0x080042e8       0x60 build/stm32f1xx_hal_uart.o
 .text.UART_SetConfig
                0x08004348       0x94 build/stm32f1xx_hal_uart.o
 .text.UART_WaitOnFlagUntilTimeout
                0x080043dc       0x68 build/stm32f1xx_hal_uart.o
 .text.HAL_UART_Init
                0x08004444       0x5e build/stm32f1xx_hal_uart.o
                0x08004444                HAL_UART_Init
 .text.HAL_UART_Transmit
                0x080044a2       0xd8 build/stm32f1xx_hal_uart.o
                0x080044a2                HAL_UART_Transmit
 .text.HAL_UART_Receive
                0x0800457a       0xe4 build/stm32f1xx_hal_uart.o
                0x0800457a                HAL_UART_Receive
 .text.HAL_UART_TxCpltCallback
                0x0800465e        0x2 build/stm32f1xx_hal_uart.o
                0x0800465e                HAL_UART_TxCpltCallback
 .text.UART_EndTransmit_IT
                0x08004660       0x1a build/stm32f1xx_hal_uart.o
 .text.HAL_UART_ErrorCallback
                0x0800467a        0x2 build/stm32f1xx_hal_uart.o
                0x0800467a                HAL_UART_ErrorCallback
 .text.UART_DMAAbortOnError
                0x0800467c       0x10 build/stm32f1xx_hal_uart.o
 .text.HAL_UARTEx_RxEventCallback
                0x0800468c        0x2 build/stm32f1xx_hal_uart.o
                0x0800468c                HAL_UARTEx_RxEventCallback
 .text.UART_Receive_IT
                0x0800468e       0xd4 build/stm32f1xx_hal_uart.o
 *fill*         0x08004762        0x2 
 .text.HAL_UART_IRQHandler
                0x08004764      0x200 build/stm32f1xx_hal_uart.o
                0x08004764                HAL_UART_IRQHandler
 .text.UART_Start_Receive_IT
                0x08004964       0x36 build/stm32f1xx_hal_uart.o
                0x08004964                UART_Start_Receive_IT
 .text.HAL_UART_Receive_IT
                0x0800499a       0x38 build/stm32f1xx_hal_uart.o
                0x0800499a                HAL_UART_Receive_IT
 *fill*         0x080049d2        0x2 
 .text.Reset_Handler
                0x080049d4       0x48 build/startup_stm32f103xb.o
                0x080049d4                Reset_Handler
 .text.Default_Handler
                0x08004a1c        0x2 build/startup_stm32f103xb.o
                0x08004a1c                RTC_Alarm_IRQHandler
                0x08004a1c                EXTI2_IRQHandler
                0x08004a1c                TIM1_CC_IRQHandler
                0x08004a1c                PVD_IRQHandler
                0x08004a1c                EXTI3_IRQHandler
                0x08004a1c                EXTI0_IRQHandler
                0x08004a1c                I2C2_EV_IRQHandler
                0x08004a1c                ADC1_2_IRQHandler
                0x08004a1c                SPI1_IRQHandler
                0x08004a1c                TAMPER_IRQHandler
                0x08004a1c                DMA1_Channel4_IRQHandler
                0x08004a1c                USART3_IRQHandler
                0x08004a1c                RTC_IRQHandler
                0x08004a1c                DMA1_Channel7_IRQHandler
                0x08004a1c                CAN1_RX1_IRQHandler
                0x08004a1c                TIM4_IRQHandler
                0x08004a1c                I2C1_EV_IRQHandler
                0x08004a1c                DMA1_Channel6_IRQHandler
                0x08004a1c                TIM3_IRQHandler
                0x08004a1c                RCC_IRQHandler
                0x08004a1c                TIM1_TRG_COM_IRQHandler
                0x08004a1c                DMA1_Channel1_IRQHandler
                0x08004a1c                Default_Handler
                0x08004a1c                EXTI15_10_IRQHandler
                0x08004a1c                EXTI9_5_IRQHandler
                0x08004a1c                SPI2_IRQHandler
                0x08004a1c                DMA1_Channel5_IRQHandler
                0x08004a1c                EXTI4_IRQHandler
                0x08004a1c                USB_LP_CAN1_RX0_IRQHandler
                0x08004a1c                USB_HP_CAN1_TX_IRQHandler
                0x08004a1c                DMA1_Channel3_IRQHandler
                0x08004a1c                TIM1_UP_IRQHandler
                0x08004a1c                WWDG_IRQHandler
                0x08004a1c                TIM2_IRQHandler
                0x08004a1c                TIM1_BRK_IRQHandler
                0x08004a1c                EXTI1_IRQHandler
                0x08004a1c                I2C2_ER_IRQHandler
                0x08004a1c                DMA1_Channel2_IRQHandler
                0x08004a1c                CAN1_SCE_IRQHandler
                0x08004a1c                FLASH_IRQHandler
                0x08004a1c                USART1_IRQHandler
                0x08004a1c                I2C1_ER_IRQHandler
                0x08004a1c                USBWakeUp_IRQHandler
 *fill*         0x08004a1e        0x2 
 .text.std      0x08004a20       0x48 d:/coding/stc/12.2 mpacbti-bet1/bin/../lib/gcc/arm-none-eabi/12.2.0/thumb/v7-m/nofp\libc_nano.a(libc_a-findfp.o)
 .text.stdio_exit_handler
                0x08004a68       0x18 d:/coding/stc/12.2 mpacbti-bet1/bin/../lib/gcc/arm-none-eabi/12.2.0/thumb/v7-m/nofp\libc_nano.a(libc_a-findfp.o)
 .text.cleanup_stdio
                0x08004a80       0x40 d:/coding/stc/12.2 mpacbti-bet1/bin/../lib/gcc/arm-none-eabi/12.2.0/thumb/v7-m/nofp\libc_nano.a(libc_a-findfp.o)
 .text.global_stdio_init.part.0
                0x08004ac0       0x3c d:/coding/stc/12.2 mpacbti-bet1/bin/../lib/gcc/arm-none-eabi/12.2.0/thumb/v7-m/nofp\libc_nano.a(libc_a-findfp.o)
 .text.__sfp_lock_acquire
                0x08004afc        0xc d:/coding/stc/12.2 mpacbti-bet1/bin/../lib/gcc/arm-none-eabi/12.2.0/thumb/v7-m/nofp\libc_nano.a(libc_a-findfp.o)
                0x08004afc                __sfp_lock_acquire
 .text.__sfp_lock_release
                0x08004b08        0xc d:/coding/stc/12.2 mpacbti-bet1/bin/../lib/gcc/arm-none-eabi/12.2.0/thumb/v7-m/nofp\libc_nano.a(libc_a-findfp.o)
                0x08004b08                __sfp_lock_release
 .text.__sinit  0x08004b14       0x30 d:/coding/stc/12.2 mpacbti-bet1/bin/../lib/gcc/arm-none-eabi/12.2.0/thumb/v7-m/nofp\libc_nano.a(libc_a-findfp.o)
                0x08004b14                __sinit
 .text._fwalk_sglue
                0x08004b44       0x3c d:/coding/stc/12.2 mpacbti-bet1/bin/../lib/gcc/arm-none-eabi/12.2.0/thumb/v7-m/nofp\libc_nano.a(libc_a-fwalk.o)
                0x08004b44                _fwalk_sglue
 .text.printf   0x08004b80       0x24 d:/coding/stc/12.2 mpacbti-bet1/bin/../lib/gcc/arm-none-eabi/12.2.0/thumb/v7-m/nofp\libc_nano.a(libc_a-printf.o)
                0x08004b80                iprintf
                0x08004b80                printf
 .text._puts_r  0x08004ba4       0xaa d:/coding/stc/12.2 mpacbti-bet1/bin/../lib/gcc/arm-none-eabi/12.2.0/thumb/v7-m/nofp\libc_nano.a(libc_a-puts.o)
                0x08004ba4                _puts_r
 *fill*         0x08004c4e        0x2 
 .text.puts     0x08004c50       0x10 d:/coding/stc/12.2 mpacbti-bet1/bin/../lib/gcc/arm-none-eabi/12.2.0/thumb/v7-m/nofp\libc_nano.a(libc_a-puts.o)
                0x08004c50                puts
 .text.__sread  0x08004c60       0x22 d:/coding/stc/12.2 mpacbti-bet1/bin/../lib/gcc/arm-none-eabi/12.2.0/thumb/v7-m/nofp\libc_nano.a(libc_a-stdio.o)
                0x08004c60                __sread
 .text.__swrite
                0x08004c82       0x38 d:/coding/stc/12.2 mpacbti-bet1/bin/../lib/gcc/arm-none-eabi/12.2.0/thumb/v7-m/nofp\libc_nano.a(libc_a-stdio.o)
                0x08004c82                __swrite
 .text.__sseek  0x08004cba       0x24 d:/coding/stc/12.2 mpacbti-bet1/bin/../lib/gcc/arm-none-eabi/12.2.0/thumb/v7-m/nofp\libc_nano.a(libc_a-stdio.o)
                0x08004cba                __sseek
 .text.__sclose
                0x08004cde        0x8 d:/coding/stc/12.2 mpacbti-bet1/bin/../lib/gcc/arm-none-eabi/12.2.0/thumb/v7-m/nofp\libc_nano.a(libc_a-stdio.o)
                0x08004cde                __sclose
 .text.__swbuf_r
                0x08004ce6       0x7c d:/coding/stc/12.2 mpacbti-bet1/bin/../lib/gcc/arm-none-eabi/12.2.0/thumb/v7-m/nofp\libc_nano.a(libc_a-wbuf.o)
                0x08004ce6                __swbuf_r
 *fill*         0x08004d62        0x2 
 .text.__swsetup_r
                0x08004d64       0xac d:/coding/stc/12.2 mpacbti-bet1/bin/../lib/gcc/arm-none-eabi/12.2.0/thumb/v7-m/nofp\libc_nano.a(libc_a-wsetup.o)
                0x08004d64                __swsetup_r
 .text.memset   0x08004e10       0x10 d:/coding/stc/12.2 mpacbti-bet1/bin/../lib/gcc/arm-none-eabi/12.2.0/thumb/v7-m/nofp\libc_nano.a(libc_a-memset.o)
                0x08004e10                memset
 .text._close_r
                0x08004e20       0x20 d:/coding/stc/12.2 mpacbti-bet1/bin/../lib/gcc/arm-none-eabi/12.2.0/thumb/v7-m/nofp\libc_nano.a(libc_a-closer.o)
                0x08004e20                _close_r
 .text._lseek_r
                0x08004e40       0x24 d:/coding/stc/12.2 mpacbti-bet1/bin/../lib/gcc/arm-none-eabi/12.2.0/thumb/v7-m/nofp\libc_nano.a(libc_a-lseekr.o)
                0x08004e40                _lseek_r
 .text._read_r  0x08004e64       0x24 d:/coding/stc/12.2 mpacbti-bet1/bin/../lib/gcc/arm-none-eabi/12.2.0/thumb/v7-m/nofp\libc_nano.a(libc_a-readr.o)
                0x08004e64                _read_r
 .text._write_r
                0x08004e88       0x24 d:/coding/stc/12.2 mpacbti-bet1/bin/../lib/gcc/arm-none-eabi/12.2.0/thumb/v7-m/nofp\libc_nano.a(libc_a-writer.o)
                0x08004e88                _write_r
 .text.__libc_init_array
                0x08004eac       0x48 d:/coding/stc/12.2 mpacbti-bet1/bin/../lib/gcc/arm-none-eabi/12.2.0/thumb/v7-m/nofp\libc_nano.a(libc_a-init.o)
                0x08004eac                __libc_init_array
 .text.__retarget_lock_acquire_recursive
                0x08004ef4        0x2 d:/coding/stc/12.2 mpacbti-bet1/bin/../lib/gcc/arm-none-eabi/12.2.0/thumb/v7-m/nofp\libc_nano.a(libc_a-lock.o)
                0x08004ef4                __retarget_lock_acquire_recursive
 .text.__retarget_lock_release_recursive
                0x08004ef6        0x2 d:/coding/stc/12.2 mpacbti-bet1/bin/../lib/gcc/arm-none-eabi/12.2.0/thumb/v7-m/nofp\libc_nano.a(libc_a-lock.o)
                0x08004ef6                __retarget_lock_release_recursive
 .text.memcpy   0x08004ef8       0x1c d:/coding/stc/12.2 mpacbti-bet1/bin/../lib/gcc/arm-none-eabi/12.2.0/thumb/v7-m/nofp\libc_nano.a(libc_a-memcpy-stub.o)
                0x08004ef8                memcpy
 .text._free_r  0x08004f14       0x90 d:/coding/stc/12.2 mpacbti-bet1/bin/../lib/gcc/arm-none-eabi/12.2.0/thumb/v7-m/nofp\libc_nano.a(libc_a-freer.o)
                0x08004f14                _free_r
 .text.sbrk_aligned
                0x08004fa4       0x44 d:/coding/stc/12.2 mpacbti-bet1/bin/../lib/gcc/arm-none-eabi/12.2.0/thumb/v7-m/nofp\libc_nano.a(libc_a-mallocr.o)
 .text._malloc_r
                0x08004fe8       0xe0 d:/coding/stc/12.2 mpacbti-bet1/bin/../lib/gcc/arm-none-eabi/12.2.0/thumb/v7-m/nofp\libc_nano.a(libc_a-mallocr.o)
                0x08004fe8                _malloc_r
 .text.__malloc_lock
                0x080050c8        0xc d:/coding/stc/12.2 mpacbti-bet1/bin/../lib/gcc/arm-none-eabi/12.2.0/thumb/v7-m/nofp\libc_nano.a(libc_a-mlock.o)
                0x080050c8                __malloc_lock
 .text.__malloc_unlock
                0x080050d4        0xc d:/coding/stc/12.2 mpacbti-bet1/bin/../lib/gcc/arm-none-eabi/12.2.0/thumb/v7-m/nofp\libc_nano.a(libc_a-mlock.o)
                0x080050d4                __malloc_unlock
 .text.__sfputc_r
                0x080050e0       0x2a d:/coding/stc/12.2 mpacbti-bet1/bin/../lib/gcc/arm-none-eabi/12.2.0/thumb/v7-m/nofp\libc_nano.a(libc_a-nano-vfprintf.o)
 .text.__sfputs_r
                0x0800510a       0x24 d:/coding/stc/12.2 mpacbti-bet1/bin/../lib/gcc/arm-none-eabi/12.2.0/thumb/v7-m/nofp\libc_nano.a(libc_a-nano-vfprintf.o)
                0x0800510a                __sfputs_r
 *fill*         0x0800512e        0x2 
 .text._vfprintf_r
                0x08005130      0x230 d:/coding/stc/12.2 mpacbti-bet1/bin/../lib/gcc/arm-none-eabi/12.2.0/thumb/v7-m/nofp\libc_nano.a(libc_a-nano-vfprintf.o)
                0x08005130                _vfprintf_r
                0x08005130                _vfiprintf_r
 .text._printf_common
                0x08005360       0xe4 d:/coding/stc/12.2 mpacbti-bet1/bin/../lib/gcc/arm-none-eabi/12.2.0/thumb/v7-m/nofp\libc_nano.a(libc_a-nano-vfprintf_i.o)
                0x08005360                _printf_common
 .text._printf_i
                0x08005444      0x25c d:/coding/stc/12.2 mpacbti-bet1/bin/../lib/gcc/arm-none-eabi/12.2.0/thumb/v7-m/nofp\libc_nano.a(libc_a-nano-vfprintf_i.o)
                0x08005444                _printf_i
 .text.__sflush_r
                0x080056a0      0x100 d:/coding/stc/12.2 mpacbti-bet1/bin/../lib/gcc/arm-none-eabi/12.2.0/thumb/v7-m/nofp\libc_nano.a(libc_a-fflush.o)
                0x080056a0                __sflush_r
 .text._fflush_r
                0x080057a0       0x50 d:/coding/stc/12.2 mpacbti-bet1/bin/../lib/gcc/arm-none-eabi/12.2.0/thumb/v7-m/nofp\libc_nano.a(libc_a-fflush.o)
                0x080057a0                _fflush_r
 .text.__swhatbuf_r
                0x080057f0       0x4a d:/coding/stc/12.2 mpacbti-bet1/bin/../lib/gcc/arm-none-eabi/12.2.0/thumb/v7-m/nofp\libc_nano.a(libc_a-makebuf.o)
                0x080057f0                __swhatbuf_r
 .text.__smakebuf_r
                0x0800583a       0x78 d:/coding/stc/12.2 mpacbti-bet1/bin/../lib/gcc/arm-none-eabi/12.2.0/thumb/v7-m/nofp\libc_nano.a(libc_a-makebuf.o)
                0x0800583a                __smakebuf_r
 *fill*         0x080058b2        0x2 
 .text._fstat_r
                0x080058b4       0x24 d:/coding/stc/12.2 mpacbti-bet1/bin/../lib/gcc/arm-none-eabi/12.2.0/thumb/v7-m/nofp\libc_nano.a(libc_a-fstatr.o)
                0x080058b4                _fstat_r
 .text._isatty_r
                0x080058d8       0x20 d:/coding/stc/12.2 mpacbti-bet1/bin/../lib/gcc/arm-none-eabi/12.2.0/thumb/v7-m/nofp\libc_nano.a(libc_a-isattyr.o)
                0x080058d8                _isatty_r
 .text._sbrk_r  0x080058f8       0x20 d:/coding/stc/12.2 mpacbti-bet1/bin/../lib/gcc/arm-none-eabi/12.2.0/thumb/v7-m/nofp\libc_nano.a(libc_a-sbrkr.o)
                0x080058f8                _sbrk_r
 .text.memchr   0x08005918       0x1c d:/coding/stc/12.2 mpacbti-bet1/bin/../lib/gcc/arm-none-eabi/12.2.0/thumb/v7-m/nofp\libc_nano.a(libc_a-memchr-stub.o)
                0x08005918                memchr
 .text.acos     0x08005934       0x50 d:/coding/stc/12.2 mpacbti-bet1/bin/../lib/gcc/arm-none-eabi/12.2.0/thumb/v7-m/nofp\libm.a(libm_a-w_acos.o)
                0x08005934                acos
 .text.atan2    0x08005984        0x4 d:/coding/stc/12.2 mpacbti-bet1/bin/../lib/gcc/arm-none-eabi/12.2.0/thumb/v7-m/nofp\libm.a(libm_a-w_atan2.o)
                0x08005984                atan2
 .text.pow      0x08005988       0xdc d:/coding/stc/12.2 mpacbti-bet1/bin/../lib/gcc/arm-none-eabi/12.2.0/thumb/v7-m/nofp\libm.a(libm_a-w_pow.o)
                0x08005988                pow
 .text.sqrt     0x08005a64       0x50 d:/coding/stc/12.2 mpacbti-bet1/bin/../lib/gcc/arm-none-eabi/12.2.0/thumb/v7-m/nofp\libm.a(libm_a-w_sqrt.o)
                0x08005a64                sqrt
 *fill*         0x08005ab4        0x4 
 .text.atan     0x08005ab8      0x318 d:/coding/stc/12.2 mpacbti-bet1/bin/../lib/gcc/arm-none-eabi/12.2.0/thumb/v7-m/nofp\libm.a(libm_a-s_atan.o)
                0x08005ab8                atan
 .text.cos      0x08005dd0       0x88 d:/coding/stc/12.2 mpacbti-bet1/bin/../lib/gcc/arm-none-eabi/12.2.0/thumb/v7-m/nofp\libm.a(libm_a-s_cos.o)
                0x08005dd0                cos
 .text.fabs     0x08005e58        0x8 d:/coding/stc/12.2 mpacbti-bet1/bin/../lib/gcc/arm-none-eabi/12.2.0/thumb/v7-m/nofp\libm.a(libm_a-s_fabs.o)
                0x08005e58                fabs
 .text.sin      0x08005e60       0x94 d:/coding/stc/12.2 mpacbti-bet1/bin/../lib/gcc/arm-none-eabi/12.2.0/thumb/v7-m/nofp\libm.a(libm_a-s_sin.o)
                0x08005e60                sin
 .text.finite   0x08005ef4        0xc d:/coding/stc/12.2 mpacbti-bet1/bin/../lib/gcc/arm-none-eabi/12.2.0/thumb/v7-m/nofp\libm.a(libm_a-s_finite.o)
                0x08005ef4                finite
 .text.nan      0x08005f00        0xc d:/coding/stc/12.2 mpacbti-bet1/bin/../lib/gcc/arm-none-eabi/12.2.0/thumb/v7-m/nofp\libm.a(libm_a-s_nan.o)
                0x08005f00                nan
 .text.__ieee754_sqrt
                0x08005f0c      0x1dc d:/coding/stc/12.2 mpacbti-bet1/bin/../lib/gcc/arm-none-eabi/12.2.0/thumb/v7-m/nofp\libm.a(libm_a-e_sqrt.o)
                0x08005f0c                __ieee754_sqrt
 .text.__kernel_cos
                0x080060e8      0x250 d:/coding/stc/12.2 mpacbti-bet1/bin/../lib/gcc/arm-none-eabi/12.2.0/thumb/v7-m/nofp\libm.a(libm_a-k_cos.o)
                0x080060e8                __kernel_cos
 .text.__kernel_sin
                0x08006338      0x16c d:/coding/stc/12.2 mpacbti-bet1/bin/../lib/gcc/arm-none-eabi/12.2.0/thumb/v7-m/nofp\libm.a(libm_a-k_sin.o)
                0x08006338                __kernel_sin
 *fill*         0x080064a4        0x4 
 .text.__ieee754_acos
                0x080064a8      0x4b0 d:/coding/stc/12.2 mpacbti-bet1/bin/../lib/gcc/arm-none-eabi/12.2.0/thumb/v7-m/nofp\libm.a(libm_a-e_acos.o)
                0x080064a8                __ieee754_acos
 .text.__ieee754_atan2
                0x08006958      0x194 d:/coding/stc/12.2 mpacbti-bet1/bin/../lib/gcc/arm-none-eabi/12.2.0/thumb/v7-m/nofp\libm.a(libm_a-e_atan2.o)
                0x08006958                __ieee754_atan2
 *fill*         0x08006aec        0x4 
 .text.__ieee754_pow
                0x08006af0      0xb4c d:/coding/stc/12.2 mpacbti-bet1/bin/../lib/gcc/arm-none-eabi/12.2.0/thumb/v7-m/nofp\libm.a(libm_a-e_pow.o)
                0x08006af0                __ieee754_pow
 *fill*         0x0800763c        0x4 
 .text.__ieee754_rem_pio2
                0x08007640      0x41c d:/coding/stc/12.2 mpacbti-bet1/bin/../lib/gcc/arm-none-eabi/12.2.0/thumb/v7-m/nofp\libm.a(libm_a-e_rem_pio2.o)
                0x08007640                __ieee754_rem_pio2
 *fill*         0x08007a5c        0x4 
 .text.scalbn   0x08007a60      0x104 d:/coding/stc/12.2 mpacbti-bet1/bin/../lib/gcc/arm-none-eabi/12.2.0/thumb/v7-m/nofp\libm.a(libm_a-s_scalbn.o)
                0x08007a60                scalbn
 .text.with_errno
                0x08007b64       0x18 d:/coding/stc/12.2 mpacbti-bet1/bin/../lib/gcc/arm-none-eabi/12.2.0/thumb/v7-m/nofp\libm.a(libm_a-math_err.o)
 .text.xflow    0x08007b7c       0x28 d:/coding/stc/12.2 mpacbti-bet1/bin/../lib/gcc/arm-none-eabi/12.2.0/thumb/v7-m/nofp\libm.a(libm_a-math_err.o)
 .text.__math_uflow
                0x08007ba4        0xc d:/coding/stc/12.2 mpacbti-bet1/bin/../lib/gcc/arm-none-eabi/12.2.0/thumb/v7-m/nofp\libm.a(libm_a-math_err.o)
                0x08007ba4                __math_uflow
 .text.__math_oflow
                0x08007bb0        0xc d:/coding/stc/12.2 mpacbti-bet1/bin/../lib/gcc/arm-none-eabi/12.2.0/thumb/v7-m/nofp\libm.a(libm_a-math_err.o)
                0x08007bb0                __math_oflow
 .text.__kernel_rem_pio2
                0x08007bbc      0x848 d:/coding/stc/12.2 mpacbti-bet1/bin/../lib/gcc/arm-none-eabi/12.2.0/thumb/v7-m/nofp\libm.a(libm_a-k_rem_pio2.o)
                0x08007bbc                __kernel_rem_pio2
 *fill*         0x08008404        0x4 
 .text.floor    0x08008408      0x108 d:/coding/stc/12.2 mpacbti-bet1/bin/../lib/gcc/arm-none-eabi/12.2.0/thumb/v7-m/nofp\libm.a(libm_a-s_floor.o)
                0x08008408                floor
 .text.selfrel_offset31
                0x08008510       0x14 d:/coding/stc/12.2 mpacbti-bet1/bin/../lib/gcc/arm-none-eabi/12.2.0/thumb/v7-m/nofp\libgcc.a(unwind-arm.o)
 .text.search_EIT_table
                0x08008524       0x64 d:/coding/stc/12.2 mpacbti-bet1/bin/../lib/gcc/arm-none-eabi/12.2.0/thumb/v7-m/nofp\libgcc.a(unwind-arm.o)
 .text.__gnu_unwind_get_pr_addr
                0x08008588       0x28 d:/coding/stc/12.2 mpacbti-bet1/bin/../lib/gcc/arm-none-eabi/12.2.0/thumb/v7-m/nofp\libgcc.a(unwind-arm.o)
 .text.get_eit_entry
                0x080085b0       0x94 d:/coding/stc/12.2 mpacbti-bet1/bin/../lib/gcc/arm-none-eabi/12.2.0/thumb/v7-m/nofp\libgcc.a(unwind-arm.o)
 .text.restore_non_core_regs
                0x08008644       0x58 d:/coding/stc/12.2 mpacbti-bet1/bin/../lib/gcc/arm-none-eabi/12.2.0/thumb/v7-m/nofp\libgcc.a(unwind-arm.o)
 .text._Unwind_decode_typeinfo_ptr.constprop.0
                0x0800869c        0xc d:/coding/stc/12.2 mpacbti-bet1/bin/../lib/gcc/arm-none-eabi/12.2.0/thumb/v7-m/nofp\libgcc.a(unwind-arm.o)
 .text._Unwind_DebugHook
                0x080086a8        0x4 d:/coding/stc/12.2 mpacbti-bet1/bin/../lib/gcc/arm-none-eabi/12.2.0/thumb/v7-m/nofp\libgcc.a(unwind-arm.o)
 .text.unwind_phase2
                0x080086ac       0x3c d:/coding/stc/12.2 mpacbti-bet1/bin/../lib/gcc/arm-none-eabi/12.2.0/thumb/v7-m/nofp\libgcc.a(unwind-arm.o)
 .text.unwind_phase2_forced
                0x080086e8       0xe0 d:/coding/stc/12.2 mpacbti-bet1/bin/../lib/gcc/arm-none-eabi/12.2.0/thumb/v7-m/nofp\libgcc.a(unwind-arm.o)
 .text.__gnu_Unwind_RaiseException
                0x080087c8       0x68 d:/coding/stc/12.2 mpacbti-bet1/bin/../lib/gcc/arm-none-eabi/12.2.0/thumb/v7-m/nofp\libgcc.a(unwind-arm.o)
                0x080087c8                __gnu_Unwind_RaiseException
 .text.__gnu_Unwind_ForcedUnwind
                0x08008830       0x18 d:/coding/stc/12.2 mpacbti-bet1/bin/../lib/gcc/arm-none-eabi/12.2.0/thumb/v7-m/nofp\libgcc.a(unwind-arm.o)
                0x08008830                __gnu_Unwind_ForcedUnwind
 .text.__gnu_Unwind_Resume
                0x08008848       0x40 d:/coding/stc/12.2 mpacbti-bet1/bin/../lib/gcc/arm-none-eabi/12.2.0/thumb/v7-m/nofp\libgcc.a(unwind-arm.o)
                0x08008848                __gnu_Unwind_Resume
 .text.__gnu_Unwind_Resume_or_Rethrow
                0x08008888       0x18 d:/coding/stc/12.2 mpacbti-bet1/bin/../lib/gcc/arm-none-eabi/12.2.0/thumb/v7-m/nofp\libgcc.a(unwind-arm.o)
                0x08008888                __gnu_Unwind_Resume_or_Rethrow
 .text._Unwind_VRS_Get
                0x080088a0       0x34 d:/coding/stc/12.2 mpacbti-bet1/bin/../lib/gcc/arm-none-eabi/12.2.0/thumb/v7-m/nofp\libgcc.a(unwind-arm.o)
                0x080088a0                _Unwind_VRS_Get
 .text._Unwind_GetGR
                0x080088d4       0x1c d:/coding/stc/12.2 mpacbti-bet1/bin/../lib/gcc/arm-none-eabi/12.2.0/thumb/v7-m/nofp\libgcc.a(unwind-arm.o)
 .text._Unwind_VRS_Set
                0x080088f0       0x34 d:/coding/stc/12.2 mpacbti-bet1/bin/../lib/gcc/arm-none-eabi/12.2.0/thumb/v7-m/nofp\libgcc.a(unwind-arm.o)
                0x080088f0                _Unwind_VRS_Set
 .text._Unwind_SetGR
                0x08008924       0x18 d:/coding/stc/12.2 mpacbti-bet1/bin/../lib/gcc/arm-none-eabi/12.2.0/thumb/v7-m/nofp\libgcc.a(unwind-arm.o)
 .text.__gnu_Unwind_Backtrace
                0x0800893c       0x80 d:/coding/stc/12.2 mpacbti-bet1/bin/../lib/gcc/arm-none-eabi/12.2.0/thumb/v7-m/nofp\libgcc.a(unwind-arm.o)
                0x0800893c                __gnu_Unwind_Backtrace
 .text.__gnu_unwind_pr_common
                0x080089bc      0x298 d:/coding/stc/12.2 mpacbti-bet1/bin/../lib/gcc/arm-none-eabi/12.2.0/thumb/v7-m/nofp\libgcc.a(unwind-arm.o)
 .text.__aeabi_unwind_cpp_pr0
                0x08008c54        0x8 d:/coding/stc/12.2 mpacbti-bet1/bin/../lib/gcc/arm-none-eabi/12.2.0/thumb/v7-m/nofp\libgcc.a(unwind-arm.o)
                0x08008c54                __aeabi_unwind_cpp_pr0
 .text.__aeabi_unwind_cpp_pr1
                0x08008c5c        0x8 d:/coding/stc/12.2 mpacbti-bet1/bin/../lib/gcc/arm-none-eabi/12.2.0/thumb/v7-m/nofp\libgcc.a(unwind-arm.o)
                0x08008c5c                __aeabi_unwind_cpp_pr1
 .text.__aeabi_unwind_cpp_pr2
                0x08008c64        0x8 d:/coding/stc/12.2 mpacbti-bet1/bin/../lib/gcc/arm-none-eabi/12.2.0/thumb/v7-m/nofp\libgcc.a(unwind-arm.o)
                0x08008c64                __aeabi_unwind_cpp_pr2
 .text._Unwind_VRS_Pop
                0x08008c6c      0x2e0 d:/coding/stc/12.2 mpacbti-bet1/bin/../lib/gcc/arm-none-eabi/12.2.0/thumb/v7-m/nofp\libgcc.a(unwind-arm.o)
                0x08008c6c                _Unwind_VRS_Pop
 .text.next_unwind_byte
                0x08008f4c       0x38 d:/coding/stc/12.2 mpacbti-bet1/bin/../lib/gcc/arm-none-eabi/12.2.0/thumb/v7-m/nofp\libgcc.a(pr-support.o)
 .text.__gnu_unwind_execute
                0x08008f84      0x2e8 d:/coding/stc/12.2 mpacbti-bet1/bin/../lib/gcc/arm-none-eabi/12.2.0/thumb/v7-m/nofp\libgcc.a(pr-support.o)
                0x08008f84                __gnu_unwind_execute
 .text.__errno  0x0800926c        0xc d:/coding/stc/12.2 mpacbti-bet1/bin/../lib/gcc/arm-none-eabi/12.2.0/thumb/v7-m/nofp\libc_nano.a(libc_a-errno.o)
                0x0800926c                __errno
 *(.glue_7)
 .glue_7        0x08009278        0x0 linker stubs
 *(.glue_7t)
 .glue_7t       0x08009278        0x0 linker stubs
 *(.eh_frame)
 .eh_frame      0x08009278        0x0 d:/coding/stc/12.2 mpacbti-bet1/bin/../lib/gcc/arm-none-eabi/12.2.0/thumb/v7-m/nofp/crtbegin.o
 *(.init)
 .init          0x08009278        0x4 d:/coding/stc/12.2 mpacbti-bet1/bin/../lib/gcc/arm-none-eabi/12.2.0/thumb/v7-m/nofp/crti.o
                0x08009278                _init
 .init          0x0800927c        0x8 d:/coding/stc/12.2 mpacbti-bet1/bin/../lib/gcc/arm-none-eabi/12.2.0/thumb/v7-m/nofp/crtn.o
 *(.fini)
 .fini          0x08009284        0x4 d:/coding/stc/12.2 mpacbti-bet1/bin/../lib/gcc/arm-none-eabi/12.2.0/thumb/v7-m/nofp/crti.o
                0x08009284                _fini
 .fini          0x08009288        0x8 d:/coding/stc/12.2 mpacbti-bet1/bin/../lib/gcc/arm-none-eabi/12.2.0/thumb/v7-m/nofp/crtn.o
                0x08009290                        . = ALIGN (0x4)
                0x08009290                        _etext = .

.vfp11_veneer   0x08009290        0x0
 .vfp11_veneer  0x08009290        0x0 linker stubs

.v4_bx          0x08009290        0x0
 .v4_bx         0x08009290        0x0 linker stubs

.iplt           0x08009290        0x0
 .iplt          0x08009290        0x0 d:/coding/stc/12.2 mpacbti-bet1/bin/../lib/gcc/arm-none-eabi/12.2.0/thumb/v7-m/nofp/crtbegin.o

.rodata         0x08009290      0x438
                0x08009290                        . = ALIGN (0x4)
 *(.rodata)
 *(.rodata*)
 .rodata.parexc.str1.4
                0x08009290      0x16b build/control.o
 *fill*         0x080093fb        0x1 
 .rodata.print_float.str1.4
                0x080093fc       0x11 build/serial.o
 *fill*         0x0800940d        0x3 
 .rodata.print_info.str1.4
                0x08009410        0xf build/serial.o
 *fill*         0x0800941f        0x1 
 .rodata.APBPrescTable
                0x08009420        0x8 build/system_stm32f1xx.o
                0x08009420                APBPrescTable
 .rodata.AHBPrescTable
                0x08009428       0x10 build/system_stm32f1xx.o
                0x08009428                AHBPrescTable
 .rodata.HAL_RCC_GetSysClockFreq.str1.4
                0x08009438       0x11 build/stm32f1xx_hal_rcc.o
 .rodata._vfprintf_r.str1.1
                0x08009449       0x11 d:/coding/stc/12.2 mpacbti-bet1/bin/../lib/gcc/arm-none-eabi/12.2.0/thumb/v7-m/nofp\libc_nano.a(libc_a-nano-vfprintf.o)
 .rodata._printf_i.str1.1
                0x0800945a       0x22 d:/coding/stc/12.2 mpacbti-bet1/bin/../lib/gcc/arm-none-eabi/12.2.0/thumb/v7-m/nofp\libc_nano.a(libc_a-nano-vfprintf_i.o)
 .rodata.acos.str1.4
                0x0800947c       0x11 d:/coding/stc/12.2 mpacbti-bet1/bin/../lib/gcc/arm-none-eabi/12.2.0/thumb/v7-m/nofp\libm.a(libm_a-w_acos.o)
                                  0x1 (size before relaxing)
 *fill*         0x0800947c        0x4 
 .rodata.atanlo
                0x08009480       0x20 d:/coding/stc/12.2 mpacbti-bet1/bin/../lib/gcc/arm-none-eabi/12.2.0/thumb/v7-m/nofp\libm.a(libm_a-s_atan.o)
 .rodata.atanhi
                0x080094a0       0x20 d:/coding/stc/12.2 mpacbti-bet1/bin/../lib/gcc/arm-none-eabi/12.2.0/thumb/v7-m/nofp\libm.a(libm_a-s_atan.o)
 .rodata.CSWTCH.9
                0x080094c0       0x18 d:/coding/stc/12.2 mpacbti-bet1/bin/../lib/gcc/arm-none-eabi/12.2.0/thumb/v7-m/nofp\libm.a(libm_a-e_atan2.o)
 .rodata.CSWTCH.8
                0x080094d8       0x18 d:/coding/stc/12.2 mpacbti-bet1/bin/../lib/gcc/arm-none-eabi/12.2.0/thumb/v7-m/nofp\libm.a(libm_a-e_atan2.o)
 .rodata.npio2_hw
                0x080094f0       0x80 d:/coding/stc/12.2 mpacbti-bet1/bin/../lib/gcc/arm-none-eabi/12.2.0/thumb/v7-m/nofp\libm.a(libm_a-e_rem_pio2.o)
 .rodata.two_over_pi
                0x08009570      0x108 d:/coding/stc/12.2 mpacbti-bet1/bin/../lib/gcc/arm-none-eabi/12.2.0/thumb/v7-m/nofp\libm.a(libm_a-e_rem_pio2.o)
 .rodata.PIo2   0x08009678       0x40 d:/coding/stc/12.2 mpacbti-bet1/bin/../lib/gcc/arm-none-eabi/12.2.0/thumb/v7-m/nofp\libm.a(libm_a-k_rem_pio2.o)
 .rodata.init_jk
                0x080096b8       0x10 d:/coding/stc/12.2 mpacbti-bet1/bin/../lib/gcc/arm-none-eabi/12.2.0/thumb/v7-m/nofp\libm.a(libm_a-k_rem_pio2.o)
                0x080096c8                        . = ALIGN (0x4)

.ARM.extab
 *(.ARM.extab* .gnu.linkonce.armextab.*)

.ARM            0x080096c8       0xa8
                0x080096c8                        __exidx_start = .
 *(.ARM.exidx*)
 .ARM.exidx     0x080096c8        0x8 d:/coding/stc/12.2 mpacbti-bet1/bin/../lib/gcc/arm-none-eabi/12.2.0/thumb/v7-m/nofp\libc_nano.a(libc_a-strcmp.o)
 .ARM.exidx.text._fstat
                0x080096d0        0x0 build/syscalls.o
                                  0x8 (size before relaxing)
 .ARM.exidx.text._close
                0x080096d0        0x0 build/syscalls.o
                                  0x8 (size before relaxing)
 .ARM.exidx.text._write
                0x080096d0        0x8 build/syscalls.o
 .ARM.exidx.text._isatty
                0x080096d8        0x8 build/syscalls.o
 .ARM.exidx.text._lseek
                0x080096e0        0x0 build/syscalls.o
                                  0x8 (size before relaxing)
 .ARM.exidx.text._read
                0x080096e0        0x8 build/syscalls.o
 .ARM.exidx.text._sbrk
                0x080096e8        0x8 build/syscalls.o
 .ARM.exidx.text.selfrel_offset31
                0x080096f0        0x0 d:/coding/stc/12.2 mpacbti-bet1/bin/../lib/gcc/arm-none-eabi/12.2.0/thumb/v7-m/nofp\libgcc.a(unwind-arm.o)
                                  0x8 (size before relaxing)
 .ARM.exidx.text.search_EIT_table
                0x080096f0        0x0 d:/coding/stc/12.2 mpacbti-bet1/bin/../lib/gcc/arm-none-eabi/12.2.0/thumb/v7-m/nofp\libgcc.a(unwind-arm.o)
                                  0x8 (size before relaxing)
 .ARM.exidx.text.__gnu_unwind_get_pr_addr
                0x080096f0        0x0 d:/coding/stc/12.2 mpacbti-bet1/bin/../lib/gcc/arm-none-eabi/12.2.0/thumb/v7-m/nofp\libgcc.a(unwind-arm.o)
                                  0x8 (size before relaxing)
 .ARM.exidx.text.get_eit_entry
                0x080096f0        0x8 d:/coding/stc/12.2 mpacbti-bet1/bin/../lib/gcc/arm-none-eabi/12.2.0/thumb/v7-m/nofp\libgcc.a(unwind-arm.o)
 .ARM.exidx.text.restore_non_core_regs
                0x080096f8        0x8 d:/coding/stc/12.2 mpacbti-bet1/bin/../lib/gcc/arm-none-eabi/12.2.0/thumb/v7-m/nofp\libgcc.a(unwind-arm.o)
 .ARM.exidx.text._Unwind_decode_typeinfo_ptr.constprop.0
                0x08009700        0x8 d:/coding/stc/12.2 mpacbti-bet1/bin/../lib/gcc/arm-none-eabi/12.2.0/thumb/v7-m/nofp\libgcc.a(unwind-arm.o)
 .ARM.exidx.text._Unwind_DebugHook
                0x08009708        0x0 d:/coding/stc/12.2 mpacbti-bet1/bin/../lib/gcc/arm-none-eabi/12.2.0/thumb/v7-m/nofp\libgcc.a(unwind-arm.o)
                                  0x8 (size before relaxing)
 .ARM.exidx.text.unwind_phase2
                0x08009708        0x8 d:/coding/stc/12.2 mpacbti-bet1/bin/../lib/gcc/arm-none-eabi/12.2.0/thumb/v7-m/nofp\libgcc.a(unwind-arm.o)
 .ARM.exidx.text.unwind_phase2_forced
                0x08009710        0x8 d:/coding/stc/12.2 mpacbti-bet1/bin/../lib/gcc/arm-none-eabi/12.2.0/thumb/v7-m/nofp\libgcc.a(unwind-arm.o)
 .ARM.exidx.text.__gnu_Unwind_RaiseException
                0x08009718        0x8 d:/coding/stc/12.2 mpacbti-bet1/bin/../lib/gcc/arm-none-eabi/12.2.0/thumb/v7-m/nofp\libgcc.a(unwind-arm.o)
 .ARM.exidx.text.__gnu_Unwind_ForcedUnwind
                0x08009720        0x8 d:/coding/stc/12.2 mpacbti-bet1/bin/../lib/gcc/arm-none-eabi/12.2.0/thumb/v7-m/nofp\libgcc.a(unwind-arm.o)
 .ARM.exidx.text.__gnu_Unwind_Resume
                0x08009728        0x8 d:/coding/stc/12.2 mpacbti-bet1/bin/../lib/gcc/arm-none-eabi/12.2.0/thumb/v7-m/nofp\libgcc.a(unwind-arm.o)
 .ARM.exidx.text.__gnu_Unwind_Resume_or_Rethrow
                0x08009730        0x8 d:/coding/stc/12.2 mpacbti-bet1/bin/../lib/gcc/arm-none-eabi/12.2.0/thumb/v7-m/nofp\libgcc.a(unwind-arm.o)
 .ARM.exidx.text._Unwind_VRS_Get
                0x08009738        0x0 d:/coding/stc/12.2 mpacbti-bet1/bin/../lib/gcc/arm-none-eabi/12.2.0/thumb/v7-m/nofp\libgcc.a(unwind-arm.o)
                                  0x8 (size before relaxing)
 .ARM.exidx.text._Unwind_GetGR
                0x08009738        0x0 d:/coding/stc/12.2 mpacbti-bet1/bin/../lib/gcc/arm-none-eabi/12.2.0/thumb/v7-m/nofp\libgcc.a(unwind-arm.o)
                                  0x8 (size before relaxing)
 .ARM.exidx.text._Unwind_VRS_Set
                0x08009738        0x0 d:/coding/stc/12.2 mpacbti-bet1/bin/../lib/gcc/arm-none-eabi/12.2.0/thumb/v7-m/nofp\libgcc.a(unwind-arm.o)
                                  0x8 (size before relaxing)
 .ARM.exidx.text._Unwind_SetGR
                0x08009738        0x0 d:/coding/stc/12.2 mpacbti-bet1/bin/../lib/gcc/arm-none-eabi/12.2.0/thumb/v7-m/nofp\libgcc.a(unwind-arm.o)
                                  0x8 (size before relaxing)
 .ARM.exidx.text.__gnu_Unwind_Backtrace
                0x08009738        0x8 d:/coding/stc/12.2 mpacbti-bet1/bin/../lib/gcc/arm-none-eabi/12.2.0/thumb/v7-m/nofp\libgcc.a(unwind-arm.o)
 .ARM.exidx.text.__gnu_unwind_pr_common
                0x08009740        0x8 d:/coding/stc/12.2 mpacbti-bet1/bin/../lib/gcc/arm-none-eabi/12.2.0/thumb/v7-m/nofp\libgcc.a(unwind-arm.o)
 .ARM.exidx.text.__aeabi_unwind_cpp_pr0
                0x08009748        0x8 d:/coding/stc/12.2 mpacbti-bet1/bin/../lib/gcc/arm-none-eabi/12.2.0/thumb/v7-m/nofp\libgcc.a(unwind-arm.o)
 .ARM.exidx.text.__aeabi_unwind_cpp_pr1
                0x08009750        0x0 d:/coding/stc/12.2 mpacbti-bet1/bin/../lib/gcc/arm-none-eabi/12.2.0/thumb/v7-m/nofp\libgcc.a(unwind-arm.o)
                                  0x8 (size before relaxing)
 .ARM.exidx.text.__aeabi_unwind_cpp_pr2
                0x08009750        0x0 d:/coding/stc/12.2 mpacbti-bet1/bin/../lib/gcc/arm-none-eabi/12.2.0/thumb/v7-m/nofp\libgcc.a(unwind-arm.o)
                                  0x8 (size before relaxing)
 .ARM.exidx.text._Unwind_VRS_Pop
                0x08009750        0x8 d:/coding/stc/12.2 mpacbti-bet1/bin/../lib/gcc/arm-none-eabi/12.2.0/thumb/v7-m/nofp\libgcc.a(unwind-arm.o)
 .ARM.exidx.text.next_unwind_byte
                0x08009758        0x8 d:/coding/stc/12.2 mpacbti-bet1/bin/../lib/gcc/arm-none-eabi/12.2.0/thumb/v7-m/nofp\libgcc.a(pr-support.o)
 .ARM.exidx.text.__gnu_unwind_execute
                0x08009760       0x10 d:/coding/stc/12.2 mpacbti-bet1/bin/../lib/gcc/arm-none-eabi/12.2.0/thumb/v7-m/nofp\libgcc.a(pr-support.o)
                                  0x8 (size before relaxing)
                0x08009770                        __exidx_end = .

.rel.dyn        0x08009770        0x0
 .rel.iplt      0x08009770        0x0 d:/coding/stc/12.2 mpacbti-bet1/bin/../lib/gcc/arm-none-eabi/12.2.0/thumb/v7-m/nofp/crtbegin.o

.preinit_array  0x08009770        0x0
                0x08009770                        PROVIDE (__preinit_array_start = .)
 *(.preinit_array*)
                0x08009770                        PROVIDE (__preinit_array_end = .)

.init_array     0x08009770        0x4
                0x08009770                        PROVIDE (__init_array_start = .)
 *(SORT_BY_NAME(.init_array.*))
 *(.init_array*)
 .init_array    0x08009770        0x4 d:/coding/stc/12.2 mpacbti-bet1/bin/../lib/gcc/arm-none-eabi/12.2.0/thumb/v7-m/nofp/crtbegin.o
                0x08009774                        PROVIDE (__init_array_end = .)

.fini_array     0x08009774        0x4
                [!provide]                        PROVIDE (__fini_array_start = .)
 *(SORT_BY_NAME(.fini_array.*))
 *(.fini_array*)
 .fini_array    0x08009774        0x4 d:/coding/stc/12.2 mpacbti-bet1/bin/../lib/gcc/arm-none-eabi/12.2.0/thumb/v7-m/nofp/crtbegin.o
                [!provide]                        PROVIDE (__fini_array_end = .)
                0x08009778                        _sidata = LOADADDR (.data)

.data           0x20000000       0x78 load address 0x08009778
                0x20000000                        . = ALIGN (0x4)
                0x20000000                        _sdata = .
 *(.data)
 *(.data*)
 .data.SystemCoreClock
                0x20000000        0x4 build/system_stm32f1xx.o
                0x20000000                SystemCoreClock
 .data.uwTickFreq
                0x20000004        0x1 build/stm32f1xx_hal.o
                0x20000004                uwTickFreq
 *fill*         0x20000005        0x3 
 .data.uwTickPrio
                0x20000008        0x4 build/stm32f1xx_hal.o
                0x20000008                uwTickPrio
 .data.__sglue  0x2000000c        0xc d:/coding/stc/12.2 mpacbti-bet1/bin/../lib/gcc/arm-none-eabi/12.2.0/thumb/v7-m/nofp\libc_nano.a(libc_a-findfp.o)
                0x2000000c                __sglue
 .data._impure_ptr
                0x20000018        0x4 d:/coding/stc/12.2 mpacbti-bet1/bin/../lib/gcc/arm-none-eabi/12.2.0/thumb/v7-m/nofp\libc_nano.a(libc_a-impure.o)
                0x20000018                _impure_ptr
 .data._impure_data
                0x2000001c       0x4c d:/coding/stc/12.2 mpacbti-bet1/bin/../lib/gcc/arm-none-eabi/12.2.0/thumb/v7-m/nofp\libc_nano.a(libc_a-impure.o)
                0x2000001c                _impure_data
 .data.tiny     0x20000068        0x8 d:/coding/stc/12.2 mpacbti-bet1/bin/../lib/gcc/arm-none-eabi/12.2.0/thumb/v7-m/nofp\libm.a(libm_a-e_sqrt.o)
 .data.one      0x20000070        0x8 d:/coding/stc/12.2 mpacbti-bet1/bin/../lib/gcc/arm-none-eabi/12.2.0/thumb/v7-m/nofp\libm.a(libm_a-e_sqrt.o)
                0x20000078                        . = ALIGN (0x4)
                0x20000078                        _edata = .

.tm_clone_table
                0x20000078        0x0 load address 0x080097f0
 .tm_clone_table
                0x20000078        0x0 d:/coding/stc/12.2 mpacbti-bet1/bin/../lib/gcc/arm-none-eabi/12.2.0/thumb/v7-m/nofp/crtbegin.o
 .tm_clone_table
                0x20000078        0x0 d:/coding/stc/12.2 mpacbti-bet1/bin/../lib/gcc/arm-none-eabi/12.2.0/thumb/v7-m/nofp/crtend.o

.igot.plt       0x20000078        0x0 load address 0x080097f0
 .igot.plt      0x20000078        0x0 d:/coding/stc/12.2 mpacbti-bet1/bin/../lib/gcc/arm-none-eabi/12.2.0/thumb/v7-m/nofp/crtbegin.o
                0x20000078                        . = ALIGN (0x4)

.bss            0x20000078      0xb3c load address 0x080097f0
                0x20000078                        _sbss = .
                0x20000078                        __bss_start__ = _sbss
 *(.bss)
 *(.bss*)
 .bss.completed.1
                0x20000078        0x1 d:/coding/stc/12.2 mpacbti-bet1/bin/../lib/gcc/arm-none-eabi/12.2.0/thumb/v7-m/nofp/crtbegin.o
 *fill*         0x20000079        0x3 
 .bss.object.0  0x2000007c       0x18 d:/coding/stc/12.2 mpacbti-bet1/bin/../lib/gcc/arm-none-eabi/12.2.0/thumb/v7-m/nofp/crtbegin.o
 .bss._ZZ5_sbrkE10s_pHeapEnd
                0x20000094        0x4 build/syscalls.o
 .bss.endagl    0x20000098       0x18 build/control.o
                0x20000098                endagl
 .bss.endpos    0x200000b0       0x18 build/control.o
                0x200000b0                endpos
 .bss.pumpStatus
                0x200000c8        0x1 build/pump.o
                0x200000c8                pumpStatus
 .bss.seekp     0x200000c9        0x1 build/serial.o
                0x200000c9                seekp
 .bss.GAIN_F    0x200000ca        0x1 build/serial.o
                0x200000ca                GAIN_F
 .bss.RX_Flag   0x200000cb        0x1 build/serial.o
                0x200000cb                RX_Flag
 .bss.mesg      0x200000cc        0x1 build/serial.o
                0x200000cc                mesg
 .bss.offset    0x200000cd        0x1 build/serial.o
                0x200000cd                offset
 *fill*         0x200000ce        0x2 
 .bss.message   0x200000d0      0x190 build/serial.o
                0x200000d0                message
 .bss.posQueBtm
                0x20000260        0x4 build/servo.o
                0x20000260                posQueBtm
 .bss.posQueTop
                0x20000264        0x4 build/servo.o
                0x20000264                posQueTop
 .bss.pwmAry    0x20000268      0x726 build/servo.o
                0x20000268                pwmAry
 *fill*         0x2000098e        0x2 
 .bss.htim4     0x20000990       0x48 build/tim.o
                0x20000990                htim4
 .bss.htim1     0x200009d8       0x48 build/tim.o
                0x200009d8                htim1
 .bss.huart2    0x20000a20       0x44 build/usart.o
                0x20000a20                huart2
 .bss.uwTick    0x20000a64        0x4 build/stm32f1xx_hal.o
                0x20000a64                uwTick
 .bss.__sf      0x20000a68      0x138 d:/coding/stc/12.2 mpacbti-bet1/bin/../lib/gcc/arm-none-eabi/12.2.0/thumb/v7-m/nofp\libc_nano.a(libc_a-findfp.o)
                0x20000a68                __sf
 .bss.__stdio_exit_handler
                0x20000ba0        0x4 d:/coding/stc/12.2 mpacbti-bet1/bin/../lib/gcc/arm-none-eabi/12.2.0/thumb/v7-m/nofp\libc_nano.a(libc_a-findfp.o)
                0x20000ba0                __stdio_exit_handler
 .bss.errno     0x20000ba4        0x4 d:/coding/stc/12.2 mpacbti-bet1/bin/../lib/gcc/arm-none-eabi/12.2.0/thumb/v7-m/nofp\libc_nano.a(libc_a-reent.o)
                0x20000ba4                errno
 .bss.__lock___malloc_recursive_mutex
                0x20000ba8        0x1 d:/coding/stc/12.2 mpacbti-bet1/bin/../lib/gcc/arm-none-eabi/12.2.0/thumb/v7-m/nofp\libc_nano.a(libc_a-lock.o)
                0x20000ba8                __lock___malloc_recursive_mutex
 .bss.__lock___sfp_recursive_mutex
                0x20000ba9        0x1 d:/coding/stc/12.2 mpacbti-bet1/bin/../lib/gcc/arm-none-eabi/12.2.0/thumb/v7-m/nofp\libc_nano.a(libc_a-lock.o)
                0x20000ba9                __lock___sfp_recursive_mutex
 *fill*         0x20000baa        0x2 
 .bss.__malloc_sbrk_start
                0x20000bac        0x4 d:/coding/stc/12.2 mpacbti-bet1/bin/../lib/gcc/arm-none-eabi/12.2.0/thumb/v7-m/nofp\libc_nano.a(libc_a-mallocr.o)
                0x20000bac                __malloc_sbrk_start
 .bss.__malloc_free_list
                0x20000bb0        0x4 d:/coding/stc/12.2 mpacbti-bet1/bin/../lib/gcc/arm-none-eabi/12.2.0/thumb/v7-m/nofp\libc_nano.a(libc_a-mallocr.o)
                0x20000bb0                __malloc_free_list
 *(COMMON)
                0x20000bb4                        . = ALIGN (0x4)
                0x20000bb4                        _ebss = .
                0x20000bb4                        __bss_end__ = _ebss

._user_heap_stack
                0x20000bb4      0x604 load address 0x080097f0
                0x20000bb8                        . = ALIGN (0x8)
 *fill*         0x20000bb4        0x4 
                0x20000bb8                        PROVIDE (end = .)
                [!provide]                        PROVIDE (_end = .)
                0x20000db8                        . = (. + _Min_Heap_Size)
 *fill*         0x20000bb8      0x200 
                0x200011b8                        . = (. + _Min_Stack_Size)
 *fill*         0x20000db8      0x400 
                0x200011b8                        . = ALIGN (0x8)

/DISCARD/
 libc.a(*)
 libm.a(*)
 libgcc.a(*)

.ARM.attributes
                0x00000000       0x29
 *(.ARM.attributes)
 .ARM.attributes
                0x00000000       0x1d d:/coding/stc/12.2 mpacbti-bet1/bin/../lib/gcc/arm-none-eabi/12.2.0/thumb/v7-m/nofp/crti.o
 .ARM.attributes
                0x0000001d       0x2d d:/coding/stc/12.2 mpacbti-bet1/bin/../lib/gcc/arm-none-eabi/12.2.0/thumb/v7-m/nofp/crtbegin.o
 .ARM.attributes
                0x0000004a       0x2d build/syscalls.o
 .ARM.attributes
                0x00000077       0x2d build/control.o
 .ARM.attributes
                0x000000a4       0x2d build/gpio.o
 .ARM.attributes
                0x000000d1       0x2d build/main.o
 .ARM.attributes
                0x000000fe       0x2d build/pump.o
 .ARM.attributes
                0x0000012b       0x2d build/serial.o
 .ARM.attributes
                0x00000158       0x2d build/servo.o
 .ARM.attributes
                0x00000185       0x2d build/stm32f1xx_hal_msp.o
 .ARM.attributes
                0x000001b2       0x2d build/stm32f1xx_it.o
 .ARM.attributes
                0x000001df       0x2d build/system_stm32f1xx.o
 .ARM.attributes
                0x0000020c       0x2d build/tim.o
 .ARM.attributes
                0x00000239       0x2d build/usart.o
 .ARM.attributes
                0x00000266       0x2d build/stm32f1xx_hal.o
 .ARM.attributes
                0x00000293       0x2d build/stm32f1xx_hal_cortex.o
 .ARM.attributes
                0x000002c0       0x2d build/stm32f1xx_hal_dma.o
 .ARM.attributes
                0x000002ed       0x2d build/stm32f1xx_hal_gpio.o
 .ARM.attributes
                0x0000031a       0x2d build/stm32f1xx_hal_rcc.o
 .ARM.attributes
                0x00000347       0x2d build/stm32f1xx_hal_tim.o
 .ARM.attributes
                0x00000374       0x2d build/stm32f1xx_hal_tim_ex.o
 .ARM.attributes
                0x000003a1       0x2d build/stm32f1xx_hal_uart.o
 .ARM.attributes
                0x000003ce       0x21 build/startup_stm32f103xb.o
 .ARM.attributes
                0x000003ef       0x2d d:/coding/stc/12.2 mpacbti-bet1/bin/../lib/gcc/arm-none-eabi/12.2.0/thumb/v7-m/nofp\libc_nano.a(libc_a-findfp.o)
 .ARM.attributes
                0x0000041c       0x2d d:/coding/stc/12.2 mpacbti-bet1/bin/../lib/gcc/arm-none-eabi/12.2.0/thumb/v7-m/nofp\libc_nano.a(libc_a-fwalk.o)
 .ARM.attributes
                0x00000449       0x2d d:/coding/stc/12.2 mpacbti-bet1/bin/../lib/gcc/arm-none-eabi/12.2.0/thumb/v7-m/nofp\libc_nano.a(libc_a-printf.o)
 .ARM.attributes
                0x00000476       0x2d d:/coding/stc/12.2 mpacbti-bet1/bin/../lib/gcc/arm-none-eabi/12.2.0/thumb/v7-m/nofp\libc_nano.a(libc_a-puts.o)
 .ARM.attributes
                0x000004a3       0x2d d:/coding/stc/12.2 mpacbti-bet1/bin/../lib/gcc/arm-none-eabi/12.2.0/thumb/v7-m/nofp\libc_nano.a(libc_a-stdio.o)
 .ARM.attributes
                0x000004d0       0x2d d:/coding/stc/12.2 mpacbti-bet1/bin/../lib/gcc/arm-none-eabi/12.2.0/thumb/v7-m/nofp\libc_nano.a(libc_a-wbuf.o)
 .ARM.attributes
                0x000004fd       0x2d d:/coding/stc/12.2 mpacbti-bet1/bin/../lib/gcc/arm-none-eabi/12.2.0/thumb/v7-m/nofp\libc_nano.a(libc_a-wsetup.o)
 .ARM.attributes
                0x0000052a       0x2d d:/coding/stc/12.2 mpacbti-bet1/bin/../lib/gcc/arm-none-eabi/12.2.0/thumb/v7-m/nofp\libc_nano.a(libc_a-memset.o)
 .ARM.attributes
                0x00000557       0x2d d:/coding/stc/12.2 mpacbti-bet1/bin/../lib/gcc/arm-none-eabi/12.2.0/thumb/v7-m/nofp\libc_nano.a(libc_a-closer.o)
 .ARM.attributes
                0x00000584       0x2d d:/coding/stc/12.2 mpacbti-bet1/bin/../lib/gcc/arm-none-eabi/12.2.0/thumb/v7-m/nofp\libc_nano.a(libc_a-reent.o)
 .ARM.attributes
                0x000005b1       0x2d d:/coding/stc/12.2 mpacbti-bet1/bin/../lib/gcc/arm-none-eabi/12.2.0/thumb/v7-m/nofp\libc_nano.a(libc_a-impure.o)
 .ARM.attributes
                0x000005de       0x2d d:/coding/stc/12.2 mpacbti-bet1/bin/../lib/gcc/arm-none-eabi/12.2.0/thumb/v7-m/nofp\libc_nano.a(libc_a-lseekr.o)
 .ARM.attributes
                0x0000060b       0x2d d:/coding/stc/12.2 mpacbti-bet1/bin/../lib/gcc/arm-none-eabi/12.2.0/thumb/v7-m/nofp\libc_nano.a(libc_a-readr.o)
 .ARM.attributes
                0x00000638       0x2d d:/coding/stc/12.2 mpacbti-bet1/bin/../lib/gcc/arm-none-eabi/12.2.0/thumb/v7-m/nofp\libc_nano.a(libc_a-writer.o)
 .ARM.attributes
                0x00000665       0x2d d:/coding/stc/12.2 mpacbti-bet1/bin/../lib/gcc/arm-none-eabi/12.2.0/thumb/v7-m/nofp\libc_nano.a(libc_a-init.o)
 .ARM.attributes
                0x00000692       0x2d d:/coding/stc/12.2 mpacbti-bet1/bin/../lib/gcc/arm-none-eabi/12.2.0/thumb/v7-m/nofp\libc_nano.a(libc_a-lock.o)
 .ARM.attributes
                0x000006bf       0x1b d:/coding/stc/12.2 mpacbti-bet1/bin/../lib/gcc/arm-none-eabi/12.2.0/thumb/v7-m/nofp\libc_nano.a(libc_a-strcmp.o)
 .ARM.attributes
                0x000006da       0x2d d:/coding/stc/12.2 mpacbti-bet1/bin/../lib/gcc/arm-none-eabi/12.2.0/thumb/v7-m/nofp\libc_nano.a(libc_a-memcpy-stub.o)
 .ARM.attributes
                0x00000707       0x2d d:/coding/stc/12.2 mpacbti-bet1/bin/../lib/gcc/arm-none-eabi/12.2.0/thumb/v7-m/nofp\libc_nano.a(libc_a-freer.o)
 .ARM.attributes
                0x00000734       0x2d d:/coding/stc/12.2 mpacbti-bet1/bin/../lib/gcc/arm-none-eabi/12.2.0/thumb/v7-m/nofp\libc_nano.a(libc_a-mallocr.o)
 .ARM.attributes
                0x00000761       0x2d d:/coding/stc/12.2 mpacbti-bet1/bin/../lib/gcc/arm-none-eabi/12.2.0/thumb/v7-m/nofp\libc_nano.a(libc_a-mlock.o)
 .ARM.attributes
                0x0000078e       0x2d d:/coding/stc/12.2 mpacbti-bet1/bin/../lib/gcc/arm-none-eabi/12.2.0/thumb/v7-m/nofp\libc_nano.a(libc_a-nano-vfprintf.o)
 .ARM.attributes
                0x000007bb       0x2d d:/coding/stc/12.2 mpacbti-bet1/bin/../lib/gcc/arm-none-eabi/12.2.0/thumb/v7-m/nofp\libc_nano.a(libc_a-nano-vfprintf_i.o)
 .ARM.attributes
                0x000007e8       0x2d d:/coding/stc/12.2 mpacbti-bet1/bin/../lib/gcc/arm-none-eabi/12.2.0/thumb/v7-m/nofp\libc_nano.a(libc_a-fflush.o)
 .ARM.attributes
                0x00000815       0x2d d:/coding/stc/12.2 mpacbti-bet1/bin/../lib/gcc/arm-none-eabi/12.2.0/thumb/v7-m/nofp\libc_nano.a(libc_a-makebuf.o)
 .ARM.attributes
                0x00000842       0x2d d:/coding/stc/12.2 mpacbti-bet1/bin/../lib/gcc/arm-none-eabi/12.2.0/thumb/v7-m/nofp\libc_nano.a(libc_a-fstatr.o)
 .ARM.attributes
                0x0000086f       0x2d d:/coding/stc/12.2 mpacbti-bet1/bin/../lib/gcc/arm-none-eabi/12.2.0/thumb/v7-m/nofp\libc_nano.a(libc_a-isattyr.o)
 .ARM.attributes
                0x0000089c       0x2d d:/coding/stc/12.2 mpacbti-bet1/bin/../lib/gcc/arm-none-eabi/12.2.0/thumb/v7-m/nofp\libc_nano.a(libc_a-sbrkr.o)
 .ARM.attributes
                0x000008c9       0x2d d:/coding/stc/12.2 mpacbti-bet1/bin/../lib/gcc/arm-none-eabi/12.2.0/thumb/v7-m/nofp\libc_nano.a(libc_a-memchr-stub.o)
 .ARM.attributes
                0x000008f6       0x2d d:/coding/stc/12.2 mpacbti-bet1/bin/../lib/gcc/arm-none-eabi/12.2.0/thumb/v7-m/nofp\libm.a(libm_a-w_acos.o)
 .ARM.attributes
                0x00000923       0x2d d:/coding/stc/12.2 mpacbti-bet1/bin/../lib/gcc/arm-none-eabi/12.2.0/thumb/v7-m/nofp\libm.a(libm_a-w_atan2.o)
 .ARM.attributes
                0x00000950       0x2d d:/coding/stc/12.2 mpacbti-bet1/bin/../lib/gcc/arm-none-eabi/12.2.0/thumb/v7-m/nofp\libm.a(libm_a-w_pow.o)
 .ARM.attributes
                0x0000097d       0x2d d:/coding/stc/12.2 mpacbti-bet1/bin/../lib/gcc/arm-none-eabi/12.2.0/thumb/v7-m/nofp\libm.a(libm_a-w_sqrt.o)
 .ARM.attributes
                0x000009aa       0x2d d:/coding/stc/12.2 mpacbti-bet1/bin/../lib/gcc/arm-none-eabi/12.2.0/thumb/v7-m/nofp\libm.a(libm_a-s_atan.o)
 .ARM.attributes
                0x000009d7       0x2d d:/coding/stc/12.2 mpacbti-bet1/bin/../lib/gcc/arm-none-eabi/12.2.0/thumb/v7-m/nofp\libm.a(libm_a-s_cos.o)
 .ARM.attributes
                0x00000a04       0x2d d:/coding/stc/12.2 mpacbti-bet1/bin/../lib/gcc/arm-none-eabi/12.2.0/thumb/v7-m/nofp\libm.a(libm_a-s_fabs.o)
 .ARM.attributes
                0x00000a31       0x2d d:/coding/stc/12.2 mpacbti-bet1/bin/../lib/gcc/arm-none-eabi/12.2.0/thumb/v7-m/nofp\libm.a(libm_a-s_sin.o)
 .ARM.attributes
                0x00000a5e       0x2d d:/coding/stc/12.2 mpacbti-bet1/bin/../lib/gcc/arm-none-eabi/12.2.0/thumb/v7-m/nofp\libm.a(libm_a-s_finite.o)
 .ARM.attributes
                0x00000a8b       0x2d d:/coding/stc/12.2 mpacbti-bet1/bin/../lib/gcc/arm-none-eabi/12.2.0/thumb/v7-m/nofp\libm.a(libm_a-s_nan.o)
 .ARM.attributes
                0x00000ab8       0x2d d:/coding/stc/12.2 mpacbti-bet1/bin/../lib/gcc/arm-none-eabi/12.2.0/thumb/v7-m/nofp\libm.a(libm_a-e_sqrt.o)
 .ARM.attributes
                0x00000ae5       0x2d d:/coding/stc/12.2 mpacbti-bet1/bin/../lib/gcc/arm-none-eabi/12.2.0/thumb/v7-m/nofp\libm.a(libm_a-k_cos.o)
 .ARM.attributes
                0x00000b12       0x2d d:/coding/stc/12.2 mpacbti-bet1/bin/../lib/gcc/arm-none-eabi/12.2.0/thumb/v7-m/nofp\libm.a(libm_a-k_sin.o)
 .ARM.attributes
                0x00000b3f       0x2d d:/coding/stc/12.2 mpacbti-bet1/bin/../lib/gcc/arm-none-eabi/12.2.0/thumb/v7-m/nofp\libm.a(libm_a-e_acos.o)
 .ARM.attributes
                0x00000b6c       0x2d d:/coding/stc/12.2 mpacbti-bet1/bin/../lib/gcc/arm-none-eabi/12.2.0/thumb/v7-m/nofp\libm.a(libm_a-e_atan2.o)
 .ARM.attributes
                0x00000b99       0x2d d:/coding/stc/12.2 mpacbti-bet1/bin/../lib/gcc/arm-none-eabi/12.2.0/thumb/v7-m/nofp\libm.a(libm_a-e_pow.o)
 .ARM.attributes
                0x00000bc6       0x2d d:/coding/stc/12.2 mpacbti-bet1/bin/../lib/gcc/arm-none-eabi/12.2.0/thumb/v7-m/nofp\libm.a(libm_a-e_rem_pio2.o)
 .ARM.attributes
                0x00000bf3       0x2d d:/coding/stc/12.2 mpacbti-bet1/bin/../lib/gcc/arm-none-eabi/12.2.0/thumb/v7-m/nofp\libm.a(libm_a-s_scalbn.o)
 .ARM.attributes
                0x00000c20       0x2d d:/coding/stc/12.2 mpacbti-bet1/bin/../lib/gcc/arm-none-eabi/12.2.0/thumb/v7-m/nofp\libm.a(libm_a-math_err.o)
 .ARM.attributes
                0x00000c4d       0x2d d:/coding/stc/12.2 mpacbti-bet1/bin/../lib/gcc/arm-none-eabi/12.2.0/thumb/v7-m/nofp\libm.a(libm_a-k_rem_pio2.o)
 .ARM.attributes
                0x00000c7a       0x2d d:/coding/stc/12.2 mpacbti-bet1/bin/../lib/gcc/arm-none-eabi/12.2.0/thumb/v7-m/nofp\libm.a(libm_a-s_floor.o)
 .ARM.attributes
                0x00000ca7       0x1d d:/coding/stc/12.2 mpacbti-bet1/bin/../lib/gcc/arm-none-eabi/12.2.0/thumb/v7-m/nofp\libgcc.a(_arm_addsubdf3.o)
 .ARM.attributes
                0x00000cc4       0x1d d:/coding/stc/12.2 mpacbti-bet1/bin/../lib/gcc/arm-none-eabi/12.2.0/thumb/v7-m/nofp\libgcc.a(_arm_muldivdf3.o)
 .ARM.attributes
                0x00000ce1       0x1d d:/coding/stc/12.2 mpacbti-bet1/bin/../lib/gcc/arm-none-eabi/12.2.0/thumb/v7-m/nofp\libgcc.a(_arm_cmpdf2.o)
 .ARM.attributes
                0x00000cfe       0x1d d:/coding/stc/12.2 mpacbti-bet1/bin/../lib/gcc/arm-none-eabi/12.2.0/thumb/v7-m/nofp\libgcc.a(_arm_unorddf2.o)
 .ARM.attributes
                0x00000d1b       0x1d d:/coding/stc/12.2 mpacbti-bet1/bin/../lib/gcc/arm-none-eabi/12.2.0/thumb/v7-m/nofp\libgcc.a(_arm_fixdfsi.o)
 .ARM.attributes
                0x00000d38       0x1d d:/coding/stc/12.2 mpacbti-bet1/bin/../lib/gcc/arm-none-eabi/12.2.0/thumb/v7-m/nofp\libgcc.a(_arm_fixunsdfsi.o)
 .ARM.attributes
                0x00000d55       0x2d d:/coding/stc/12.2 mpacbti-bet1/bin/../lib/gcc/arm-none-eabi/12.2.0/thumb/v7-m/nofp\libgcc.a(unwind-arm.o)
 .ARM.attributes
                0x00000d82       0x1d d:/coding/stc/12.2 mpacbti-bet1/bin/../lib/gcc/arm-none-eabi/12.2.0/thumb/v7-m/nofp\libgcc.a(libunwind.o)
 .ARM.attributes
                0x00000d9f       0x2d d:/coding/stc/12.2 mpacbti-bet1/bin/../lib/gcc/arm-none-eabi/12.2.0/thumb/v7-m/nofp\libgcc.a(pr-support.o)
 .ARM.attributes
                0x00000dcc       0x2d d:/coding/stc/12.2 mpacbti-bet1/bin/../lib/gcc/arm-none-eabi/12.2.0/thumb/v7-m/nofp\libc_nano.a(libc_a-errno.o)
 .ARM.attributes
                0x00000df9       0x2d d:/coding/stc/12.2 mpacbti-bet1/bin/../lib/gcc/arm-none-eabi/12.2.0/thumb/v7-m/nofp/crtend.o
 .ARM.attributes
                0x00000e26       0x1d d:/coding/stc/12.2 mpacbti-bet1/bin/../lib/gcc/arm-none-eabi/12.2.0/thumb/v7-m/nofp/crtn.o
OUTPUT(build/myarm.elf elf32-littlearm)
LOAD linker stubs
LOAD d:/coding/stc/12.2 mpacbti-bet1/bin/../lib/gcc/arm-none-eabi/12.2.0/thumb/v7-m/nofp\libc.a
LOAD d:/coding/stc/12.2 mpacbti-bet1/bin/../lib/gcc/arm-none-eabi/12.2.0/thumb/v7-m/nofp\libm.a
LOAD d:/coding/stc/12.2 mpacbti-bet1/bin/../lib/gcc/arm-none-eabi/12.2.0/thumb/v7-m/nofp\libgcc.a

.comment        0x00000000       0x4c
 .comment       0x00000000       0x4c d:/coding/stc/12.2 mpacbti-bet1/bin/../lib/gcc/arm-none-eabi/12.2.0/thumb/v7-m/nofp/crtbegin.o
                                 0x4d (size before relaxing)
 .comment       0x0000004c       0x4d build/syscalls.o
 .comment       0x0000004c       0x4d build/control.o
 .comment       0x0000004c       0x4d build/gpio.o
 .comment       0x0000004c       0x4d build/main.o
 .comment       0x0000004c       0x4d build/pump.o
 .comment       0x0000004c       0x4d build/serial.o
 .comment       0x0000004c       0x4d build/servo.o
 .comment       0x0000004c       0x4d build/stm32f1xx_hal_msp.o
 .comment       0x0000004c       0x4d build/stm32f1xx_it.o
 .comment       0x0000004c       0x4d build/system_stm32f1xx.o
 .comment       0x0000004c       0x4d build/tim.o
 .comment       0x0000004c       0x4d build/usart.o
 .comment       0x0000004c       0x4d build/stm32f1xx_hal.o
 .comment       0x0000004c       0x4d build/stm32f1xx_hal_cortex.o
 .comment       0x0000004c       0x4d build/stm32f1xx_hal_dma.o
 .comment       0x0000004c       0x4d build/stm32f1xx_hal_gpio.o
 .comment       0x0000004c       0x4d build/stm32f1xx_hal_rcc.o
 .comment       0x0000004c       0x4d build/stm32f1xx_hal_tim.o
 .comment       0x0000004c       0x4d build/stm32f1xx_hal_tim_ex.o
 .comment       0x0000004c       0x4d build/stm32f1xx_hal_uart.o
 .comment       0x0000004c       0x4d d:/coding/stc/12.2 mpacbti-bet1/bin/../lib/gcc/arm-none-eabi/12.2.0/thumb/v7-m/nofp\libc_nano.a(libc_a-findfp.o)
 .comment       0x0000004c       0x4d d:/coding/stc/12.2 mpacbti-bet1/bin/../lib/gcc/arm-none-eabi/12.2.0/thumb/v7-m/nofp\libc_nano.a(libc_a-fwalk.o)
 .comment       0x0000004c       0x4d d:/coding/stc/12.2 mpacbti-bet1/bin/../lib/gcc/arm-none-eabi/12.2.0/thumb/v7-m/nofp\libc_nano.a(libc_a-printf.o)
 .comment       0x0000004c       0x4d d:/coding/stc/12.2 mpacbti-bet1/bin/../lib/gcc/arm-none-eabi/12.2.0/thumb/v7-m/nofp\libc_nano.a(libc_a-puts.o)
 .comment       0x0000004c       0x4d d:/coding/stc/12.2 mpacbti-bet1/bin/../lib/gcc/arm-none-eabi/12.2.0/thumb/v7-m/nofp\libc_nano.a(libc_a-stdio.o)
 .comment       0x0000004c       0x4d d:/coding/stc/12.2 mpacbti-bet1/bin/../lib/gcc/arm-none-eabi/12.2.0/thumb/v7-m/nofp\libc_nano.a(libc_a-wbuf.o)
 .comment       0x0000004c       0x4d d:/coding/stc/12.2 mpacbti-bet1/bin/../lib/gcc/arm-none-eabi/12.2.0/thumb/v7-m/nofp\libc_nano.a(libc_a-wsetup.o)
 .comment       0x0000004c       0x4d d:/coding/stc/12.2 mpacbti-bet1/bin/../lib/gcc/arm-none-eabi/12.2.0/thumb/v7-m/nofp\libc_nano.a(libc_a-memset.o)
 .comment       0x0000004c       0x4d d:/coding/stc/12.2 mpacbti-bet1/bin/../lib/gcc/arm-none-eabi/12.2.0/thumb/v7-m/nofp\libc_nano.a(libc_a-closer.o)
 .comment       0x0000004c       0x4d d:/coding/stc/12.2 mpacbti-bet1/bin/../lib/gcc/arm-none-eabi/12.2.0/thumb/v7-m/nofp\libc_nano.a(libc_a-reent.o)
 .comment       0x0000004c       0x4d d:/coding/stc/12.2 mpacbti-bet1/bin/../lib/gcc/arm-none-eabi/12.2.0/thumb/v7-m/nofp\libc_nano.a(libc_a-impure.o)
 .comment       0x0000004c       0x4d d:/coding/stc/12.2 mpacbti-bet1/bin/../lib/gcc/arm-none-eabi/12.2.0/thumb/v7-m/nofp\libc_nano.a(libc_a-lseekr.o)
 .comment       0x0000004c       0x4d d:/coding/stc/12.2 mpacbti-bet1/bin/../lib/gcc/arm-none-eabi/12.2.0/thumb/v7-m/nofp\libc_nano.a(libc_a-readr.o)
 .comment       0x0000004c       0x4d d:/coding/stc/12.2 mpacbti-bet1/bin/../lib/gcc/arm-none-eabi/12.2.0/thumb/v7-m/nofp\libc_nano.a(libc_a-writer.o)
 .comment       0x0000004c       0x4d d:/coding/stc/12.2 mpacbti-bet1/bin/../lib/gcc/arm-none-eabi/12.2.0/thumb/v7-m/nofp\libc_nano.a(libc_a-init.o)
 .comment       0x0000004c       0x4d d:/coding/stc/12.2 mpacbti-bet1/bin/../lib/gcc/arm-none-eabi/12.2.0/thumb/v7-m/nofp\libc_nano.a(libc_a-lock.o)
 .comment       0x0000004c       0x4d d:/coding/stc/12.2 mpacbti-bet1/bin/../lib/gcc/arm-none-eabi/12.2.0/thumb/v7-m/nofp\libc_nano.a(libc_a-memcpy-stub.o)
 .comment       0x0000004c       0x4d d:/coding/stc/12.2 mpacbti-bet1/bin/../lib/gcc/arm-none-eabi/12.2.0/thumb/v7-m/nofp\libc_nano.a(libc_a-freer.o)
 .comment       0x0000004c       0x4d d:/coding/stc/12.2 mpacbti-bet1/bin/../lib/gcc/arm-none-eabi/12.2.0/thumb/v7-m/nofp\libc_nano.a(libc_a-mallocr.o)
 .comment       0x0000004c       0x4d d:/coding/stc/12.2 mpacbti-bet1/bin/../lib/gcc/arm-none-eabi/12.2.0/thumb/v7-m/nofp\libc_nano.a(libc_a-mlock.o)
 .comment       0x0000004c       0x4d d:/coding/stc/12.2 mpacbti-bet1/bin/../lib/gcc/arm-none-eabi/12.2.0/thumb/v7-m/nofp\libc_nano.a(libc_a-nano-vfprintf.o)
 .comment       0x0000004c       0x4d d:/coding/stc/12.2 mpacbti-bet1/bin/../lib/gcc/arm-none-eabi/12.2.0/thumb/v7-m/nofp\libc_nano.a(libc_a-nano-vfprintf_i.o)
 .comment       0x0000004c       0x4d d:/coding/stc/12.2 mpacbti-bet1/bin/../lib/gcc/arm-none-eabi/12.2.0/thumb/v7-m/nofp\libc_nano.a(libc_a-fflush.o)
 .comment       0x0000004c       0x4d d:/coding/stc/12.2 mpacbti-bet1/bin/../lib/gcc/arm-none-eabi/12.2.0/thumb/v7-m/nofp\libc_nano.a(libc_a-makebuf.o)
 .comment       0x0000004c       0x4d d:/coding/stc/12.2 mpacbti-bet1/bin/../lib/gcc/arm-none-eabi/12.2.0/thumb/v7-m/nofp\libc_nano.a(libc_a-fstatr.o)
 .comment       0x0000004c       0x4d d:/coding/stc/12.2 mpacbti-bet1/bin/../lib/gcc/arm-none-eabi/12.2.0/thumb/v7-m/nofp\libc_nano.a(libc_a-isattyr.o)
 .comment       0x0000004c       0x4d d:/coding/stc/12.2 mpacbti-bet1/bin/../lib/gcc/arm-none-eabi/12.2.0/thumb/v7-m/nofp\libc_nano.a(libc_a-sbrkr.o)
 .comment       0x0000004c       0x4d d:/coding/stc/12.2 mpacbti-bet1/bin/../lib/gcc/arm-none-eabi/12.2.0/thumb/v7-m/nofp\libc_nano.a(libc_a-memchr-stub.o)
 .comment       0x0000004c       0x4d d:/coding/stc/12.2 mpacbti-bet1/bin/../lib/gcc/arm-none-eabi/12.2.0/thumb/v7-m/nofp\libm.a(libm_a-w_acos.o)
 .comment       0x0000004c       0x4d d:/coding/stc/12.2 mpacbti-bet1/bin/../lib/gcc/arm-none-eabi/12.2.0/thumb/v7-m/nofp\libm.a(libm_a-w_atan2.o)
 .comment       0x0000004c       0x4d d:/coding/stc/12.2 mpacbti-bet1/bin/../lib/gcc/arm-none-eabi/12.2.0/thumb/v7-m/nofp\libm.a(libm_a-w_pow.o)
 .comment       0x0000004c       0x4d d:/coding/stc/12.2 mpacbti-bet1/bin/../lib/gcc/arm-none-eabi/12.2.0/thumb/v7-m/nofp\libm.a(libm_a-w_sqrt.o)
 .comment       0x0000004c       0x4d d:/coding/stc/12.2 mpacbti-bet1/bin/../lib/gcc/arm-none-eabi/12.2.0/thumb/v7-m/nofp\libm.a(libm_a-s_atan.o)
 .comment       0x0000004c       0x4d d:/coding/stc/12.2 mpacbti-bet1/bin/../lib/gcc/arm-none-eabi/12.2.0/thumb/v7-m/nofp\libm.a(libm_a-s_cos.o)
 .comment       0x0000004c       0x4d d:/coding/stc/12.2 mpacbti-bet1/bin/../lib/gcc/arm-none-eabi/12.2.0/thumb/v7-m/nofp\libm.a(libm_a-s_fabs.o)
 .comment       0x0000004c       0x4d d:/coding/stc/12.2 mpacbti-bet1/bin/../lib/gcc/arm-none-eabi/12.2.0/thumb/v7-m/nofp\libm.a(libm_a-s_sin.o)
 .comment       0x0000004c       0x4d d:/coding/stc/12.2 mpacbti-bet1/bin/../lib/gcc/arm-none-eabi/12.2.0/thumb/v7-m/nofp\libm.a(libm_a-s_finite.o)
 .comment       0x0000004c       0x4d d:/coding/stc/12.2 mpacbti-bet1/bin/../lib/gcc/arm-none-eabi/12.2.0/thumb/v7-m/nofp\libm.a(libm_a-s_nan.o)
 .comment       0x0000004c       0x4d d:/coding/stc/12.2 mpacbti-bet1/bin/../lib/gcc/arm-none-eabi/12.2.0/thumb/v7-m/nofp\libm.a(libm_a-e_sqrt.o)
 .comment       0x0000004c       0x4d d:/coding/stc/12.2 mpacbti-bet1/bin/../lib/gcc/arm-none-eabi/12.2.0/thumb/v7-m/nofp\libm.a(libm_a-k_cos.o)
 .comment       0x0000004c       0x4d d:/coding/stc/12.2 mpacbti-bet1/bin/../lib/gcc/arm-none-eabi/12.2.0/thumb/v7-m/nofp\libm.a(libm_a-k_sin.o)
 .comment       0x0000004c       0x4d d:/coding/stc/12.2 mpacbti-bet1/bin/../lib/gcc/arm-none-eabi/12.2.0/thumb/v7-m/nofp\libm.a(libm_a-e_acos.o)
 .comment       0x0000004c       0x4d d:/coding/stc/12.2 mpacbti-bet1/bin/../lib/gcc/arm-none-eabi/12.2.0/thumb/v7-m/nofp\libm.a(libm_a-e_atan2.o)
 .comment       0x0000004c       0x4d d:/coding/stc/12.2 mpacbti-bet1/bin/../lib/gcc/arm-none-eabi/12.2.0/thumb/v7-m/nofp\libm.a(libm_a-e_pow.o)
 .comment       0x0000004c       0x4d d:/coding/stc/12.2 mpacbti-bet1/bin/../lib/gcc/arm-none-eabi/12.2.0/thumb/v7-m/nofp\libm.a(libm_a-e_rem_pio2.o)
 .comment       0x0000004c       0x4d d:/coding/stc/12.2 mpacbti-bet1/bin/../lib/gcc/arm-none-eabi/12.2.0/thumb/v7-m/nofp\libm.a(libm_a-s_scalbn.o)
 .comment       0x0000004c       0x4d d:/coding/stc/12.2 mpacbti-bet1/bin/../lib/gcc/arm-none-eabi/12.2.0/thumb/v7-m/nofp\libm.a(libm_a-math_err.o)
 .comment       0x0000004c       0x4d d:/coding/stc/12.2 mpacbti-bet1/bin/../lib/gcc/arm-none-eabi/12.2.0/thumb/v7-m/nofp\libm.a(libm_a-k_rem_pio2.o)
 .comment       0x0000004c       0x4d d:/coding/stc/12.2 mpacbti-bet1/bin/../lib/gcc/arm-none-eabi/12.2.0/thumb/v7-m/nofp\libm.a(libm_a-s_floor.o)
 .comment       0x0000004c       0x4d d:/coding/stc/12.2 mpacbti-bet1/bin/../lib/gcc/arm-none-eabi/12.2.0/thumb/v7-m/nofp\libgcc.a(unwind-arm.o)
 .comment       0x0000004c       0x4d d:/coding/stc/12.2 mpacbti-bet1/bin/../lib/gcc/arm-none-eabi/12.2.0/thumb/v7-m/nofp\libgcc.a(pr-support.o)
 .comment       0x0000004c       0x4d d:/coding/stc/12.2 mpacbti-bet1/bin/../lib/gcc/arm-none-eabi/12.2.0/thumb/v7-m/nofp\libc_nano.a(libc_a-errno.o)
 .comment       0x0000004c       0x4d d:/coding/stc/12.2 mpacbti-bet1/bin/../lib/gcc/arm-none-eabi/12.2.0/thumb/v7-m/nofp/crtend.o

.debug_info     0x00000000    0x26ebc
 .debug_info    0x00000000      0x9bb build/syscalls.o
 .debug_info    0x000009bb     0x1a75 build/control.o
 .debug_info    0x00002430      0x2ed build/gpio.o
 .debug_info    0x0000271d      0xe3d build/main.o
 .debug_info    0x0000355a      0x244 build/pump.o
 .debug_info    0x0000379e      0xb44 build/serial.o
 .debug_info    0x000042e2     0x1a4d build/servo.o
 .debug_info    0x00005d2f      0x165 build/stm32f1xx_hal_msp.o
 .debug_info    0x00005e94      0x5d6 build/stm32f1xx_it.o
 .debug_info    0x0000646a      0x22d build/system_stm32f1xx.o
 .debug_info    0x00006697      0xc78 build/tim.o
 .debug_info    0x0000730f      0x9b8 build/usart.o
 .debug_info    0x00007cc7      0x7a2 build/stm32f1xx_hal.o
 .debug_info    0x00008469      0xcad build/stm32f1xx_hal_cortex.o
 .debug_info    0x00009116      0x7d5 build/stm32f1xx_hal_dma.o
 .debug_info    0x000098eb      0x604 build/stm32f1xx_hal_gpio.o
 .debug_info    0x00009eef      0x9db build/stm32f1xx_hal_rcc.o
 .debug_info    0x0000a8ca     0x393d build/stm32f1xx_hal_tim.o
 .debug_info    0x0000e207     0x19b6 build/stm32f1xx_hal_tim_ex.o
 .debug_info    0x0000fbbd     0x1b89 build/stm32f1xx_hal_uart.o
 .debug_info    0x00011746       0x2e build/startup_stm32f103xb.o
 .debug_info    0x00011774      0xf8f d:/coding/stc/12.2 mpacbti-bet1/bin/../lib/gcc/arm-none-eabi/12.2.0/thumb/v7-m/nofp\libc_nano.a(libc_a-findfp.o)
 .debug_info    0x00012703      0x7d1 d:/coding/stc/12.2 mpacbti-bet1/bin/../lib/gcc/arm-none-eabi/12.2.0/thumb/v7-m/nofp\libc_nano.a(libc_a-fwalk.o)
 .debug_info    0x00012ed4      0x83a d:/coding/stc/12.2 mpacbti-bet1/bin/../lib/gcc/arm-none-eabi/12.2.0/thumb/v7-m/nofp\libc_nano.a(libc_a-printf.o)
 .debug_info    0x0001370e      0x949 d:/coding/stc/12.2 mpacbti-bet1/bin/../lib/gcc/arm-none-eabi/12.2.0/thumb/v7-m/nofp\libc_nano.a(libc_a-puts.o)
 .debug_info    0x00014057      0xa53 d:/coding/stc/12.2 mpacbti-bet1/bin/../lib/gcc/arm-none-eabi/12.2.0/thumb/v7-m/nofp\libc_nano.a(libc_a-stdio.o)
 .debug_info    0x00014aaa      0x867 d:/coding/stc/12.2 mpacbti-bet1/bin/../lib/gcc/arm-none-eabi/12.2.0/thumb/v7-m/nofp\libc_nano.a(libc_a-wbuf.o)
 .debug_info    0x00015311      0x7ba d:/coding/stc/12.2 mpacbti-bet1/bin/../lib/gcc/arm-none-eabi/12.2.0/thumb/v7-m/nofp\libc_nano.a(libc_a-wsetup.o)
 .debug_info    0x00015acb       0xe0 d:/coding/stc/12.2 mpacbti-bet1/bin/../lib/gcc/arm-none-eabi/12.2.0/thumb/v7-m/nofp\libc_nano.a(libc_a-memset.o)
 .debug_info    0x00015bab      0x755 d:/coding/stc/12.2 mpacbti-bet1/bin/../lib/gcc/arm-none-eabi/12.2.0/thumb/v7-m/nofp\libc_nano.a(libc_a-closer.o)
 .debug_info    0x00016300      0x854 d:/coding/stc/12.2 mpacbti-bet1/bin/../lib/gcc/arm-none-eabi/12.2.0/thumb/v7-m/nofp\libc_nano.a(libc_a-reent.o)
 .debug_info    0x00016b54      0x714 d:/coding/stc/12.2 mpacbti-bet1/bin/../lib/gcc/arm-none-eabi/12.2.0/thumb/v7-m/nofp\libc_nano.a(libc_a-impure.o)
 .debug_info    0x00017268      0x795 d:/coding/stc/12.2 mpacbti-bet1/bin/../lib/gcc/arm-none-eabi/12.2.0/thumb/v7-m/nofp\libc_nano.a(libc_a-lseekr.o)
 .debug_info    0x000179fd      0x7ac d:/coding/stc/12.2 mpacbti-bet1/bin/../lib/gcc/arm-none-eabi/12.2.0/thumb/v7-m/nofp\libc_nano.a(libc_a-readr.o)
 .debug_info    0x000181a9      0x7b2 d:/coding/stc/12.2 mpacbti-bet1/bin/../lib/gcc/arm-none-eabi/12.2.0/thumb/v7-m/nofp\libc_nano.a(libc_a-writer.o)
 .debug_info    0x0001895b      0x10b d:/coding/stc/12.2 mpacbti-bet1/bin/../lib/gcc/arm-none-eabi/12.2.0/thumb/v7-m/nofp\libc_nano.a(libc_a-init.o)
 .debug_info    0x00018a66      0x20a d:/coding/stc/12.2 mpacbti-bet1/bin/../lib/gcc/arm-none-eabi/12.2.0/thumb/v7-m/nofp\libc_nano.a(libc_a-lock.o)
 .debug_info    0x00018c70       0x2f d:/coding/stc/12.2 mpacbti-bet1/bin/../lib/gcc/arm-none-eabi/12.2.0/thumb/v7-m/nofp\libc_nano.a(libc_a-strcmp.o)
 .debug_info    0x00018c9f      0x121 d:/coding/stc/12.2 mpacbti-bet1/bin/../lib/gcc/arm-none-eabi/12.2.0/thumb/v7-m/nofp\libc_nano.a(libc_a-memcpy-stub.o)
 .debug_info    0x00018dc0      0x84a d:/coding/stc/12.2 mpacbti-bet1/bin/../lib/gcc/arm-none-eabi/12.2.0/thumb/v7-m/nofp\libc_nano.a(libc_a-freer.o)
 .debug_info    0x0001960a      0x9b5 d:/coding/stc/12.2 mpacbti-bet1/bin/../lib/gcc/arm-none-eabi/12.2.0/thumb/v7-m/nofp\libc_nano.a(libc_a-mallocr.o)
 .debug_info    0x00019fbf      0x76a d:/coding/stc/12.2 mpacbti-bet1/bin/../lib/gcc/arm-none-eabi/12.2.0/thumb/v7-m/nofp\libc_nano.a(libc_a-mlock.o)
 .debug_info    0x0001a729     0x1079 d:/coding/stc/12.2 mpacbti-bet1/bin/../lib/gcc/arm-none-eabi/12.2.0/thumb/v7-m/nofp\libc_nano.a(libc_a-nano-vfprintf.o)
 .debug_info    0x0001b7a2      0xddf d:/coding/stc/12.2 mpacbti-bet1/bin/../lib/gcc/arm-none-eabi/12.2.0/thumb/v7-m/nofp\libc_nano.a(libc_a-nano-vfprintf_i.o)
 .debug_info    0x0001c581      0x9ee d:/coding/stc/12.2 mpacbti-bet1/bin/../lib/gcc/arm-none-eabi/12.2.0/thumb/v7-m/nofp\libc_nano.a(libc_a-fflush.o)
 .debug_info    0x0001cf6f      0xb19 d:/coding/stc/12.2 mpacbti-bet1/bin/../lib/gcc/arm-none-eabi/12.2.0/thumb/v7-m/nofp\libc_nano.a(libc_a-makebuf.o)
 .debug_info    0x0001da88      0x974 d:/coding/stc/12.2 mpacbti-bet1/bin/../lib/gcc/arm-none-eabi/12.2.0/thumb/v7-m/nofp\libc_nano.a(libc_a-fstatr.o)
 .debug_info    0x0001e3fc      0x755 d:/coding/stc/12.2 mpacbti-bet1/bin/../lib/gcc/arm-none-eabi/12.2.0/thumb/v7-m/nofp\libc_nano.a(libc_a-isattyr.o)
 .debug_info    0x0001eb51      0x77b d:/coding/stc/12.2 mpacbti-bet1/bin/../lib/gcc/arm-none-eabi/12.2.0/thumb/v7-m/nofp\libc_nano.a(libc_a-sbrkr.o)
 .debug_info    0x0001f2cc      0x110 d:/coding/stc/12.2 mpacbti-bet1/bin/../lib/gcc/arm-none-eabi/12.2.0/thumb/v7-m/nofp\libc_nano.a(libc_a-memchr-stub.o)
 .debug_info    0x0001f3dc      0x189 d:/coding/stc/12.2 mpacbti-bet1/bin/../lib/gcc/arm-none-eabi/12.2.0/thumb/v7-m/nofp\libm.a(libm_a-w_acos.o)
 .debug_info    0x0001f565      0x103 d:/coding/stc/12.2 mpacbti-bet1/bin/../lib/gcc/arm-none-eabi/12.2.0/thumb/v7-m/nofp\libm.a(libm_a-w_atan2.o)
 .debug_info    0x0001f668      0x1dc d:/coding/stc/12.2 mpacbti-bet1/bin/../lib/gcc/arm-none-eabi/12.2.0/thumb/v7-m/nofp\libm.a(libm_a-w_pow.o)
 .debug_info    0x0001f844      0x14b d:/coding/stc/12.2 mpacbti-bet1/bin/../lib/gcc/arm-none-eabi/12.2.0/thumb/v7-m/nofp\libm.a(libm_a-w_sqrt.o)
 .debug_info    0x0001f98f      0x473 d:/coding/stc/12.2 mpacbti-bet1/bin/../lib/gcc/arm-none-eabi/12.2.0/thumb/v7-m/nofp\libm.a(libm_a-s_atan.o)
 .debug_info    0x0001fe02      0x23a d:/coding/stc/12.2 mpacbti-bet1/bin/../lib/gcc/arm-none-eabi/12.2.0/thumb/v7-m/nofp\libm.a(libm_a-s_cos.o)
 .debug_info    0x0002003c      0x142 d:/coding/stc/12.2 mpacbti-bet1/bin/../lib/gcc/arm-none-eabi/12.2.0/thumb/v7-m/nofp\libm.a(libm_a-s_fabs.o)
 .debug_info    0x0002017e      0x250 d:/coding/stc/12.2 mpacbti-bet1/bin/../lib/gcc/arm-none-eabi/12.2.0/thumb/v7-m/nofp\libm.a(libm_a-s_sin.o)
 .debug_info    0x000203ce      0x134 d:/coding/stc/12.2 mpacbti-bet1/bin/../lib/gcc/arm-none-eabi/12.2.0/thumb/v7-m/nofp\libm.a(libm_a-s_finite.o)
 .debug_info    0x00020502       0xd3 d:/coding/stc/12.2 mpacbti-bet1/bin/../lib/gcc/arm-none-eabi/12.2.0/thumb/v7-m/nofp\libm.a(libm_a-s_nan.o)
 .debug_info    0x000205d5      0x2e4 d:/coding/stc/12.2 mpacbti-bet1/bin/../lib/gcc/arm-none-eabi/12.2.0/thumb/v7-m/nofp\libm.a(libm_a-e_sqrt.o)
 .debug_info    0x000208b9      0x3cf d:/coding/stc/12.2 mpacbti-bet1/bin/../lib/gcc/arm-none-eabi/12.2.0/thumb/v7-m/nofp\libm.a(libm_a-k_cos.o)
 .debug_info    0x00020c88      0x304 d:/coding/stc/12.2 mpacbti-bet1/bin/../lib/gcc/arm-none-eabi/12.2.0/thumb/v7-m/nofp\libm.a(libm_a-k_sin.o)
 .debug_info    0x00020f8c      0x665 d:/coding/stc/12.2 mpacbti-bet1/bin/../lib/gcc/arm-none-eabi/12.2.0/thumb/v7-m/nofp\libm.a(libm_a-e_acos.o)
 .debug_info    0x000215f1      0x324 d:/coding/stc/12.2 mpacbti-bet1/bin/../lib/gcc/arm-none-eabi/12.2.0/thumb/v7-m/nofp\libm.a(libm_a-e_atan2.o)
 .debug_info    0x00021915      0xd5d d:/coding/stc/12.2 mpacbti-bet1/bin/../lib/gcc/arm-none-eabi/12.2.0/thumb/v7-m/nofp\libm.a(libm_a-e_pow.o)
 .debug_info    0x00022672      0x657 d:/coding/stc/12.2 mpacbti-bet1/bin/../lib/gcc/arm-none-eabi/12.2.0/thumb/v7-m/nofp\libm.a(libm_a-e_rem_pio2.o)
 .debug_info    0x00022cc9      0x27b d:/coding/stc/12.2 mpacbti-bet1/bin/../lib/gcc/arm-none-eabi/12.2.0/thumb/v7-m/nofp\libm.a(libm_a-s_scalbn.o)
 .debug_info    0x00022f44      0x406 d:/coding/stc/12.2 mpacbti-bet1/bin/../lib/gcc/arm-none-eabi/12.2.0/thumb/v7-m/nofp\libm.a(libm_a-math_err.o)
 .debug_info    0x0002334a      0x5bb d:/coding/stc/12.2 mpacbti-bet1/bin/../lib/gcc/arm-none-eabi/12.2.0/thumb/v7-m/nofp\libm.a(libm_a-k_rem_pio2.o)
 .debug_info    0x00023905      0x216 d:/coding/stc/12.2 mpacbti-bet1/bin/../lib/gcc/arm-none-eabi/12.2.0/thumb/v7-m/nofp\libm.a(libm_a-s_floor.o)
 .debug_info    0x00023b1b       0xb6 d:/coding/stc/12.2 mpacbti-bet1/bin/../lib/gcc/arm-none-eabi/12.2.0/thumb/v7-m/nofp\libgcc.a(_arm_addsubdf3.o)
 .debug_info    0x00023bd1       0x52 d:/coding/stc/12.2 mpacbti-bet1/bin/../lib/gcc/arm-none-eabi/12.2.0/thumb/v7-m/nofp\libgcc.a(_arm_muldivdf3.o)
 .debug_info    0x00023c23       0xc0 d:/coding/stc/12.2 mpacbti-bet1/bin/../lib/gcc/arm-none-eabi/12.2.0/thumb/v7-m/nofp\libgcc.a(_arm_cmpdf2.o)
 .debug_info    0x00023ce3       0x39 d:/coding/stc/12.2 mpacbti-bet1/bin/../lib/gcc/arm-none-eabi/12.2.0/thumb/v7-m/nofp\libgcc.a(_arm_unorddf2.o)
 .debug_info    0x00023d1c       0x39 d:/coding/stc/12.2 mpacbti-bet1/bin/../lib/gcc/arm-none-eabi/12.2.0/thumb/v7-m/nofp\libgcc.a(_arm_fixdfsi.o)